-------------------------------------------------------------------------------------
      name:  <unnamed>
       log:  /Volumes/SSD PRO/Github-forks/Chp2-BeliefsandTrust/Code/Data/HRS/cleaned
> /compute_return_2022.log
  log type:  text
 opened on:  22 Aug 2025, 14:45:55

. 
. set more off

. 
. local cleaned "/Volumes/SSD PRO/Github-forks/Chp2-BeliefsandTrust/Code/Data/HRS/cle
> aned"

. local master  "`cleaned'/hrs_2020_2022_master.dta"

. 
. di as txt "1) Running upstream .do scripts (in order). Output warnings if a script 
> errors."
1) Running upstream .do scripts (in order). Output warnings if a script errors.

. local scripts "extract_household_2020_re_calc_end extract_household_2022_re_calc_st
> art merge_2020_2022 compute_int_inc_div_2020_2022 compute_net_inv_flows_2020_2022 c
> ompute_debt_payments_2020_2022 compute_cap_gains_2020_2022 compute_beg_per_net_wort
> h_2020_2022"

. 
. foreach s of local scripts {
  2.     di as txt "-> Running `s'.do ..."
  3.     capture noisily do "`cleaned'/`s'.do"
  4.     if _rc {
  5.         di as err "  WARNING: `s'.do returned error code = " _rc "  (check `clea
> ned'/`s'.do and the log)."
  6.     }
  7.     else {
  8.         di as txt "  Completed `s'.do"
  9.     }
 10. }
-> Running extract_household_2020_re_calc_end.do ...
file /Volumes/SSD
    PRO/Github-forks/Chp2-BeliefsandTrust/Code/Data/HRS/cleaned/extract_household_2
    > 020_re_calc_end.do not found
  WARNING: extract_household_2020_re_calc_end.do returned error code = 601  (check /V
> olumes/SSD PRO/Github-forks/Chp2-BeliefsandTrust/Code/Data/HRS/cleaned/extract_hous
> ehold_2020_re_calc_end.do and the log).
-> Running extract_household_2022_re_calc_start.do ...
file /Volumes/SSD
    PRO/Github-forks/Chp2-BeliefsandTrust/Code/Data/HRS/cleaned/extract_household_2
    > 022_re_calc_start.do not found
  WARNING: extract_household_2022_re_calc_start.do returned error code = 601  (check 
> /Volumes/SSD PRO/Github-forks/Chp2-BeliefsandTrust/Code/Data/HRS/cleaned/extract_ho
> usehold_2022_re_calc_start.do and the log).
-> Running merge_2020_2022.do ...

. *----------------------------------------------------------------------
. * Merge 2020 and 2022 HRS household files
. * Usage: do "/Volumes/SSD PRO/Github-forks/Chp2-BeliefsandTrust/Code/Data/HRS/clean
> ed/merge_hrs_2020_2022.do"
. *----------------------------------------------------------------------
. clear all

. capture log close
