------------------------------------------------------------------------------------------
      name:  <unnamed>
       log:  /Volumes/SSD PRO/Github-forks/Chp2-BeliefsandTrust/Code/Data/HRS_Long/randhrs
> 1992_2022v1_STATA/reg_inc_trust_2020.log
  log type:  text
 opened on:   2 Oct 2025, 13:36:12

. 
. set more off

. 
. * Master dataset with all computed variables
. local master "/Volumes/SSD PRO/Github-forks/Chp2-BeliefsandTrust/Code/Data/HRS_Long/rand
> hrs1992_2022v1_STATA/_randhrs1992_2022v1_analysis.dta"

. capture confirm file "`master'"

. if _rc {
.     di as error "ERROR: master file not found -> `master'"
.     exit 198
. }

. use "`master'", clear

. di as txt "Using master file: `master'"
Using master file: /Volumes/SSD PRO/Github-forks/Chp2-BeliefsandTrust/Code/Data/HRS_Long/r
> andhrs1992_2022v1_STATA/_randhrs1992_2022v1_analysis.dta

. 
. * Trust variables (2020)
. local trust_vars "rv557 rv558 rv559 rv560 rv561 rv562 rv563 rv564"

. 
. * Income variables: raw and log versions
. local inc_raw "resp_lab_inc resp_tot_inc"

. 
. * Create log versions of income variables
. di as txt "=== Creating log versions of income variables ==="
=== Creating log versions of income variables ===

. foreach v of local inc_raw {
  2.     capture confirm variable `v'
  3.     if !_rc {
  4.         capture drop ln_`v'
  5.         gen double ln_`v' = ln(`v') if `v' > 0 & !missing(`v')
  6.         label var ln_`v' "Log of `v'"
  7.         di as txt "Created ln_`v'"
  8.     }
  9. }
(1,017 missing values generated)
Created ln_resp_lab_inc
(459 missing values generated)
Created ln_resp_tot_inc

. 
. * Define all income variables (raw + log)
. local inc_vars "resp_lab_inc resp_tot_inc ln_resp_lab_inc ln_resp_tot_inc"

. 
. * Quick overlap diagnostics for sample sizes
. quietly count

. local N_all = r(N)

. di as txt "=== Quick overlap check: resp_lab_inc and rv557 ==="
=== Quick overlap check: resp_lab_inc and rv557 ===

. quietly count if !missing(resp_lab_inc)

. di as txt "  Non-missing resp_lab_inc: " r(N) " of " `N_all'
  Non-missing resp_lab_inc: 12168 of 12168

. quietly count if !missing(rv557)

. di as txt "  Non-missing rv557:        " r(N) " of " `N_all'
  Non-missing rv557:        1059 of 12168

. quietly count if !missing(resp_lab_inc) & !missing(rv557)

. di as txt "  Non-missing both:         " r(N) " of " `N_all'
  Non-missing both:         1059 of 12168

. di as txt ""


. 
. * Controls: age, education, employment, marital status, immigration
. local ctrl_vars "r15agey_b raedyrs r15inlbrf married_2020 born_us"

. 
. * Report which controls are available
. di as txt "Controls to include (if present):"
Controls to include (if present):

. di as txt "  `ctrl_vars'"
  r15agey_b raedyrs r15inlbrf married_2020 born_us

. 
. * Check which controls are actually present
. local ctrl_in ""

. foreach c of local ctrl_vars {
  2.     capture confirm variable `c'
  3.     if !_rc local ctrl_in "`ctrl_in' `c'"
  4. }

. di as txt "Controls actually included: `ctrl_in'"
Controls actually included:  r15agey_b raedyrs r15inlbrf married_2020 born_us

. 
. * Loop over trust variables and income measures
. di as txt "=== BEGIN REGRESSIONS: INCOME on TRUST (no controls) ==="
=== BEGIN REGRESSIONS: INCOME on TRUST (no controls) ===

. foreach t of local trust_vars {
  2.     capture confirm variable `t'
  3.     if _rc {
  4.         di as warn "Skipping trust var (not found): `t'"
  5.         continue
  6.     }
  7.     foreach y of local inc_vars {
  8.         capture confirm variable `y'
  9.         if _rc continue
 10.         quietly count if !missing(`y') & !missing(`t')
 11.         if r(N)==0 continue
 12.         di as txt "[RAW] `y' on `t' + `t'^2 (robust)"
 13.         regress `y' c.`t' c.`t'#c.`t' if !missing(`y') & !missing(`t'), vce(robust)
 14.     }
 15. }
[RAW] resp_lab_inc on rv557 + rv557^2 (robust)

Linear regression                               Number of obs     =      1,059
                                                F(2, 1056)        =      14.81
                                                Prob > F          =     0.0000
                                                R-squared         =     0.0107
                                                Root MSE          =      61187

---------------------------------------------------------------------------------
                |               Robust
   resp_lab_inc | Coefficient  std. err.      t    P>|t|     [95% conf. interval]
----------------+----------------------------------------------------------------
          rv557 |   8397.845   1688.267     4.97   0.000     5085.106    11710.58
                |
c.rv557#c.rv557 |  -662.7164   163.0899    -4.06   0.000    -982.7335   -342.6994
                |
          _cons |   15372.38   3626.684     4.24   0.000     8256.051    22488.71
---------------------------------------------------------------------------------
[RAW] resp_tot_inc on rv557 + rv557^2 (robust)

Linear regression                               Number of obs     =      1,059
                                                F(2, 1056)        =      15.29
                                                Prob > F          =     0.0000
                                                R-squared         =     0.0125
                                                Root MSE          =     1.0e+05

---------------------------------------------------------------------------------
                |               Robust
   resp_tot_inc | Coefficient  std. err.      t    P>|t|     [95% conf. interval]
----------------+----------------------------------------------------------------
          rv557 |   14399.56   2768.746     5.20   0.000      8966.69    19832.43
                |
c.rv557#c.rv557 |  -1093.507   257.4794    -4.25   0.000    -1598.736   -588.2777
                |
          _cons |   16705.75   6851.962     2.44   0.015     3260.744    30150.76
---------------------------------------------------------------------------------
[RAW] ln_resp_lab_inc on rv557 + rv557^2 (robust)

Linear regression                               Number of obs     =        972
                                                F(2, 969)         =      14.29
                                                Prob > F          =     0.0000
                                                R-squared         =     0.0397
                                                Root MSE          =     1.0297

---------------------------------------------------------------------------------
                |               Robust
ln_resp_lab_inc | Coefficient  std. err.      t    P>|t|     [95% conf. interval]
----------------+----------------------------------------------------------------
          rv557 |    .281747   .0529641     5.32   0.000     .1778095    .3856845
                |
c.rv557#c.rv557 |   -.022206   .0044415    -5.00   0.000    -.0309221   -.0134898
                |
          _cons |   9.347961   .1535787    60.87   0.000     9.046576    9.649346
---------------------------------------------------------------------------------
[RAW] ln_resp_tot_inc on rv557 + rv557^2 (robust)

Linear regression                               Number of obs     =      1,023
                                                F(2, 1020)        =      16.12
                                                Prob > F          =     0.0000
                                                R-squared         =     0.0355
                                                Root MSE          =     1.2236

---------------------------------------------------------------------------------
                |               Robust
ln_resp_tot_inc | Coefficient  std. err.      t    P>|t|     [95% conf. interval]
----------------+----------------------------------------------------------------
          rv557 |   .3180437   .0566552     5.61   0.000     .2068698    .4292177
                |
c.rv557#c.rv557 |  -.0247226   .0047738    -5.18   0.000    -.0340901    -.015355
                |
          _cons |   9.446706   .1636514    57.72   0.000     9.125574    9.767837
---------------------------------------------------------------------------------
[RAW] resp_lab_inc on rv558 + rv558^2 (robust)

Linear regression                               Number of obs     =      1,052
                                                F(2, 1049)        =       7.79
                                                Prob > F          =     0.0004
                                                R-squared         =     0.0082
                                                Root MSE          =      61356

---------------------------------------------------------------------------------
                |               Robust
   resp_lab_inc | Coefficient  std. err.      t    P>|t|     [95% conf. interval]
----------------+----------------------------------------------------------------
          rv558 |    5816.96   2113.675     2.75   0.006     1669.449    9964.472
                |
c.rv558#c.rv558 |  -591.3647   173.4048    -3.41   0.001    -931.6244    -251.105
                |
          _cons |   29124.23   5749.071     5.07   0.000     17843.24    40405.21
---------------------------------------------------------------------------------
[RAW] resp_tot_inc on rv558 + rv558^2 (robust)

Linear regression                               Number of obs     =      1,052
                                                F(2, 1049)        =      15.17
                                                Prob > F          =     0.0000
                                                R-squared         =     0.0170
                                                Root MSE          =     1.0e+05

---------------------------------------------------------------------------------
                |               Robust
   resp_tot_inc | Coefficient  std. err.      t    P>|t|     [95% conf. interval]
----------------+----------------------------------------------------------------
          rv558 |   13922.17   3730.652     3.73   0.000     6601.777    21242.56
                |
c.rv558#c.rv558 |  -1407.271   310.9471    -4.53   0.000    -2017.421   -797.1223
                |
          _cons |   35644.61   9307.856     3.83   0.000     17380.47    53908.75
---------------------------------------------------------------------------------
[RAW] ln_resp_lab_inc on rv558 + rv558^2 (robust)

Linear regression                               Number of obs     =        966
                                                F(2, 963)         =      10.04
                                                Prob > F          =     0.0000
                                                R-squared         =     0.0182
                                                Root MSE          =      1.036

---------------------------------------------------------------------------------
                |               Robust
ln_resp_lab_inc | Coefficient  std. err.      t    P>|t|     [95% conf. interval]
----------------+----------------------------------------------------------------
          rv558 |   .1632611   .0533849     3.06   0.002     .0584969    .2680253
                |
c.rv558#c.rv558 |  -.0158024    .004197    -3.77   0.000    -.0240387    -.007566
                |
          _cons |   9.824228   .1626641    60.40   0.000     9.505011    10.14345
---------------------------------------------------------------------------------
[RAW] ln_resp_tot_inc on rv558 + rv558^2 (robust)

Linear regression                               Number of obs     =      1,016
                                                F(2, 1013)        =      17.28
                                                Prob > F          =     0.0000
                                                R-squared         =     0.0304
                                                Root MSE          =     1.2268

---------------------------------------------------------------------------------
                |               Robust
ln_resp_tot_inc | Coefficient  std. err.      t    P>|t|     [95% conf. interval]
----------------+----------------------------------------------------------------
          rv558 |   .2531965   .0658711     3.84   0.000      .123937    .3824559
                |
c.rv558#c.rv558 |  -.0244622   .0050941    -4.80   0.000    -.0344583   -.0144661
                |
          _cons |   9.872472   .2062024    47.88   0.000      9.46784    10.27711
---------------------------------------------------------------------------------
[RAW] resp_lab_inc on rv559 + rv559^2 (robust)

Linear regression                               Number of obs     =      1,050
                                                F(2, 1047)        =       9.82
                                                Prob > F          =     0.0001
                                                R-squared         =     0.0113
                                                Root MSE          =      61194

---------------------------------------------------------------------------------
                |               Robust
   resp_lab_inc | Coefficient  std. err.      t    P>|t|     [95% conf. interval]
----------------+----------------------------------------------------------------
          rv559 |    5620.15   2293.221     2.45   0.014     1120.318    10119.98
                |
c.rv559#c.rv559 |  -622.7783   189.4105    -3.29   0.001    -994.4457   -251.1109
                |
          _cons |   31460.65    6166.87     5.10   0.000     19359.82    43561.48
---------------------------------------------------------------------------------
[RAW] resp_tot_inc on rv559 + rv559^2 (robust)

Linear regression                               Number of obs     =      1,050
                                                F(2, 1047)        =      17.05
                                                Prob > F          =     0.0000
                                                R-squared         =     0.0161
                                                Root MSE          =      97357

---------------------------------------------------------------------------------
                |               Robust
   resp_tot_inc | Coefficient  std. err.      t    P>|t|     [95% conf. interval]
----------------+----------------------------------------------------------------
          rv559 |   12608.29   4044.281     3.12   0.002     4672.468    20544.11
                |
c.rv559#c.rv559 |  -1305.309   323.6881    -4.03   0.000     -1940.46   -670.1575
                |
          _cons |   37501.93   10705.16     3.50   0.000     16495.91    58507.95
---------------------------------------------------------------------------------
[RAW] ln_resp_lab_inc on rv559 + rv559^2 (robust)

Linear regression                               Number of obs     =        964
                                                F(2, 961)         =      12.93
                                                Prob > F          =     0.0000
                                                R-squared         =     0.0227
                                                Root MSE          =     1.0359

---------------------------------------------------------------------------------
                |               Robust
ln_resp_lab_inc | Coefficient  std. err.      t    P>|t|     [95% conf. interval]
----------------+----------------------------------------------------------------
          rv559 |   .1323551   .0496653     2.66   0.008     .0348901    .2298202
                |
c.rv559#c.rv559 |  -.0147771   .0039879    -3.71   0.000    -.0226031    -.006951
                |
          _cons |   9.963537   .1492907    66.74   0.000     9.670564    10.25651
---------------------------------------------------------------------------------
[RAW] ln_resp_tot_inc on rv559 + rv559^2 (robust)

Linear regression                               Number of obs     =      1,014
                                                F(2, 1011)        =      17.82
                                                Prob > F          =     0.0000
                                                R-squared         =     0.0293
                                                Root MSE          =      1.222

---------------------------------------------------------------------------------
                |               Robust
ln_resp_tot_inc | Coefficient  std. err.      t    P>|t|     [95% conf. interval]
----------------+----------------------------------------------------------------
          rv559 |   .1983101    .058763     3.37   0.001     .0829987    .3136215
                |
c.rv559#c.rv559 |  -.0212411   .0046402    -4.58   0.000    -.0303468   -.0121355
                |
          _cons |   10.05455   .1831848    54.89   0.000     9.695085    10.41402
---------------------------------------------------------------------------------
[RAW] resp_lab_inc on rv560 + rv560^2 (robust)

Linear regression                               Number of obs     =      1,050
                                                F(2, 1047)        =       9.85
                                                Prob > F          =     0.0001
                                                R-squared         =     0.0110
                                                Root MSE          =      61317

---------------------------------------------------------------------------------
                |               Robust
   resp_lab_inc | Coefficient  std. err.      t    P>|t|     [95% conf. interval]
----------------+----------------------------------------------------------------
          rv560 |    8079.27   1861.844     4.34   0.000       4425.9    11732.64
                |
c.rv560#c.rv560 |  -703.4484   175.4917    -4.01   0.000    -1047.804   -359.0928
                |
          _cons |   20303.96   3405.842     5.96   0.000      13620.9    26987.01
---------------------------------------------------------------------------------
[RAW] resp_tot_inc on rv560 + rv560^2 (robust)

Linear regression                               Number of obs     =      1,050
                                                F(2, 1047)        =       9.52
                                                Prob > F          =     0.0001
                                                R-squared         =     0.0094
                                                Root MSE          =     1.0e+05

---------------------------------------------------------------------------------
                |               Robust
   resp_tot_inc | Coefficient  std. err.      t    P>|t|     [95% conf. interval]
----------------+----------------------------------------------------------------
          rv560 |   12185.86   2795.297     4.36   0.000     6700.835    17670.88
                |
c.rv560#c.rv560 |  -1066.652   254.7952    -4.19   0.000     -1566.62   -566.6846
                |
          _cons |   30990.66   7142.405     4.34   0.000     16975.61    45005.72
---------------------------------------------------------------------------------
[RAW] ln_resp_lab_inc on rv560 + rv560^2 (robust)

Linear regression                               Number of obs     =        965
                                                F(2, 962)         =      11.28
                                                Prob > F          =     0.0000
                                                R-squared         =     0.0221
                                                Root MSE          =     1.0403

---------------------------------------------------------------------------------
                |               Robust
ln_resp_lab_inc | Coefficient  std. err.      t    P>|t|     [95% conf. interval]
----------------+----------------------------------------------------------------
          rv560 |   .1979675   .0435147     4.55   0.000     .1125729    .2833622
                |
c.rv560#c.rv560 |  -.0175525   .0036959    -4.75   0.000    -.0248054   -.0102996
                |
          _cons |   9.686668   .1227905    78.89   0.000       9.4457    9.927636
---------------------------------------------------------------------------------
[RAW] ln_resp_tot_inc on rv560 + rv560^2 (robust)

Linear regression                               Number of obs     =      1,015
                                                F(2, 1012)        =       8.45
                                                Prob > F          =     0.0002
                                                R-squared         =     0.0147
                                                Root MSE          =     1.2378

---------------------------------------------------------------------------------
                |               Robust
ln_resp_tot_inc | Coefficient  std. err.      t    P>|t|     [95% conf. interval]
----------------+----------------------------------------------------------------
          rv560 |   .1937311   .0473796     4.09   0.000     .1007576    .2867046
                |
c.rv560#c.rv560 |  -.0167333    .004141    -4.04   0.000    -.0248592   -.0086074
                |
          _cons |   9.890464   .1280719    77.23   0.000     9.639147    10.14178
---------------------------------------------------------------------------------
[RAW] resp_lab_inc on rv561 + rv561^2 (robust)

Linear regression                               Number of obs     =      1,032
                                                F(2, 1029)        =      13.26
                                                Prob > F          =     0.0000
                                                R-squared         =     0.0157
                                                Root MSE          =      61618

---------------------------------------------------------------------------------
                |               Robust
   resp_lab_inc | Coefficient  std. err.      t    P>|t|     [95% conf. interval]
----------------+----------------------------------------------------------------
          rv561 |   8222.548   1629.241     5.05   0.000     5025.533    11419.56
                |
c.rv561#c.rv561 |  -735.4946   161.6736    -4.55   0.000    -1052.742   -418.2469
                |
          _cons |   22084.44   2638.443     8.37   0.000      16907.1    27261.79
---------------------------------------------------------------------------------
[RAW] resp_tot_inc on rv561 + rv561^2 (robust)

Linear regression                               Number of obs     =      1,032
                                                F(2, 1029)        =      10.55
                                                Prob > F          =     0.0000
                                                R-squared         =     0.0143
                                                Root MSE          =     1.0e+05

---------------------------------------------------------------------------------
                |               Robust
   resp_tot_inc | Coefficient  std. err.      t    P>|t|     [95% conf. interval]
----------------+----------------------------------------------------------------
          rv561 |    11077.5   2634.877     4.20   0.000     5907.157    16247.85
                |
c.rv561#c.rv561 |  -836.3274   253.1588    -3.30   0.001    -1333.094   -339.5609
                |
          _cons |   30899.85   5271.027     5.86   0.000     20556.66    41243.04
---------------------------------------------------------------------------------
[RAW] ln_resp_lab_inc on rv561 + rv561^2 (robust)

Linear regression                               Number of obs     =        948
                                                F(2, 945)         =      16.67
                                                Prob > F          =     0.0000
                                                R-squared         =     0.0306
                                                Root MSE          =      1.009

---------------------------------------------------------------------------------
                |               Robust
ln_resp_lab_inc | Coefficient  std. err.      t    P>|t|     [95% conf. interval]
----------------+----------------------------------------------------------------
          rv561 |   .1903667   .0334814     5.69   0.000     .1246602    .2560731
                |
c.rv561#c.rv561 |   -.017034   .0033613    -5.07   0.000    -.0236304   -.0104375
                |
          _cons |   9.745654   .0762152   127.87   0.000     9.596083    9.895224
---------------------------------------------------------------------------------
[RAW] ln_resp_tot_inc on rv561 + rv561^2 (robust)

Linear regression                               Number of obs     =        997
                                                F(2, 994)         =      15.30
                                                Prob > F          =     0.0000
                                                R-squared         =     0.0235
                                                Root MSE          =     1.2111

---------------------------------------------------------------------------------
                |               Robust
ln_resp_tot_inc | Coefficient  std. err.      t    P>|t|     [95% conf. interval]
----------------+----------------------------------------------------------------
          rv561 |    .195606   .0381819     5.12   0.000     .1206797    .2705324
                |
c.rv561#c.rv561 |  -.0167582   .0039626    -4.23   0.000    -.0245343   -.0089821
                |
          _cons |   9.928663   .0801584   123.86   0.000     9.771363    10.08596
---------------------------------------------------------------------------------
[RAW] resp_lab_inc on rv562 + rv562^2 (robust)

Linear regression                               Number of obs     =      1,002
                                                F(2, 999)         =      20.69
                                                Prob > F          =     0.0000
                                                R-squared         =     0.0187
                                                Root MSE          =      62303

---------------------------------------------------------------------------------
                |               Robust
   resp_lab_inc | Coefficient  std. err.      t    P>|t|     [95% conf. interval]
----------------+----------------------------------------------------------------
          rv562 |   7908.544   1580.325     5.00   0.000     4807.407    11009.68
                |
c.rv562#c.rv562 |  -619.8326   173.3639    -3.58   0.000    -960.0317   -279.6335
                |
          _cons |   20014.98   2102.297     9.52   0.000     15889.56    24140.41
---------------------------------------------------------------------------------
[RAW] resp_tot_inc on rv562 + rv562^2 (robust)

Linear regression                               Number of obs     =      1,002
                                                F(2, 999)         =      20.13
                                                Prob > F          =     0.0000
                                                R-squared         =     0.0210
                                                Root MSE          =     1.0e+05

---------------------------------------------------------------------------------
                |               Robust
   resp_tot_inc | Coefficient  std. err.      t    P>|t|     [95% conf. interval]
----------------+----------------------------------------------------------------
          rv562 |   12692.64   2557.482     4.96   0.000     7673.989    17711.29
                |
c.rv562#c.rv562 |  -931.0867   277.2038    -3.36   0.001    -1475.055   -387.1182
                |
          _cons |   25835.02   3949.236     6.54   0.000     18085.27    33584.77
---------------------------------------------------------------------------------
[RAW] ln_resp_lab_inc on rv562 + rv562^2 (robust)

Linear regression                               Number of obs     =        921
                                                F(2, 918)         =      22.04
                                                Prob > F          =     0.0000
                                                R-squared         =     0.0416
                                                Root MSE          =     1.0301

---------------------------------------------------------------------------------
                |               Robust
ln_resp_lab_inc | Coefficient  std. err.      t    P>|t|     [95% conf. interval]
----------------+----------------------------------------------------------------
          rv562 |   .2038636   .0346125     5.89   0.000     .1359348    .2717924
                |
c.rv562#c.rv562 |  -.0164206   .0036027    -4.56   0.000    -.0234911   -.0093502
                |
          _cons |   9.657798   .0767602   125.82   0.000     9.507152    9.808444
---------------------------------------------------------------------------------
[RAW] ln_resp_tot_inc on rv562 + rv562^2 (robust)

Linear regression                               Number of obs     =        968
                                                F(2, 965)         =      20.65
                                                Prob > F          =     0.0000
                                                R-squared         =     0.0334
                                                Root MSE          =     1.2296

---------------------------------------------------------------------------------
                |               Robust
ln_resp_tot_inc | Coefficient  std. err.      t    P>|t|     [95% conf. interval]
----------------+----------------------------------------------------------------
          rv562 |   .2136364   .0390534     5.47   0.000      .136997    .2902757
                |
c.rv562#c.rv562 |  -.0168022   .0040599    -4.14   0.000    -.0247695   -.0088349
                |
          _cons |   9.829458   .0806072   121.94   0.000     9.671273    9.987644
---------------------------------------------------------------------------------
[RAW] resp_lab_inc on rv563 + rv563^2 (robust)

Linear regression                               Number of obs     =      1,046
                                                F(2, 1043)        =      13.30
                                                Prob > F          =     0.0000
                                                R-squared         =     0.0151
                                                Root MSE          =      61278

---------------------------------------------------------------------------------
                |               Robust
   resp_lab_inc | Coefficient  std. err.      t    P>|t|     [95% conf. interval]
----------------+----------------------------------------------------------------
          rv563 |   8511.073   1689.427     5.04   0.000     5196.011    11826.13
                |
c.rv563#c.rv563 |  -754.8263   169.0594    -4.46   0.000    -1086.562    -423.091
                |
          _cons |   20269.71   2747.767     7.38   0.000     14877.93     25661.5
---------------------------------------------------------------------------------
[RAW] resp_tot_inc on rv563 + rv563^2 (robust)

Linear regression                               Number of obs     =      1,046
                                                F(2, 1043)        =      14.87
                                                Prob > F          =     0.0000
                                                R-squared         =     0.0167
                                                Root MSE          =     1.0e+05

---------------------------------------------------------------------------------
                |               Robust
   resp_tot_inc | Coefficient  std. err.      t    P>|t|     [95% conf. interval]
----------------+----------------------------------------------------------------
          rv563 |    14877.8   2738.888     5.43   0.000     9503.446    20252.16
                |
c.rv563#c.rv563 |  -1431.984    268.191    -5.34   0.000     -1958.24    -905.729
                |
          _cons |   29944.42   5068.024     5.91   0.000     19999.74    39889.11
---------------------------------------------------------------------------------
[RAW] ln_resp_lab_inc on rv563 + rv563^2 (robust)

Linear regression                               Number of obs     =        962
                                                F(2, 959)         =      19.85
                                                Prob > F          =     0.0000
                                                R-squared         =     0.0364
                                                Root MSE          =     1.0311

---------------------------------------------------------------------------------
                |               Robust
ln_resp_lab_inc | Coefficient  std. err.      t    P>|t|     [95% conf. interval]
----------------+----------------------------------------------------------------
          rv563 |   .2323491   .0373479     6.22   0.000     .1590562    .3056421
                |
c.rv563#c.rv563 |  -.0220868   .0035535    -6.22   0.000    -.0290603   -.0151133
                |
          _cons |   9.670145   .0923376   104.73   0.000     9.488938    9.851352
---------------------------------------------------------------------------------
[RAW] ln_resp_tot_inc on rv563 + rv563^2 (robust)

Linear regression                               Number of obs     =      1,010
                                                F(2, 1007)        =      18.44
                                                Prob > F          =     0.0000
                                                R-squared         =     0.0297
                                                Root MSE          =     1.2265

---------------------------------------------------------------------------------
                |               Robust
ln_resp_tot_inc | Coefficient  std. err.      t    P>|t|     [95% conf. interval]
----------------+----------------------------------------------------------------
          rv563 |   .2445274   .0416974     5.86   0.000     .1627036    .3263512
                |
c.rv563#c.rv563 |  -.0241275   .0039776    -6.07   0.000    -.0319328   -.0163221
                |
          _cons |   9.892099   .1001314    98.79   0.000     9.695609    10.08859
---------------------------------------------------------------------------------
[RAW] resp_lab_inc on rv564 + rv564^2 (robust)

Linear regression                               Number of obs     =      1,037
                                                F(2, 1034)        =       3.43
                                                Prob > F          =     0.0329
                                                R-squared         =     0.0056
                                                Root MSE          =      61654

---------------------------------------------------------------------------------
                |               Robust
   resp_lab_inc | Coefficient  std. err.      t    P>|t|     [95% conf. interval]
----------------+----------------------------------------------------------------
          rv564 |   4379.797   1683.537     2.60   0.009     1076.258    7683.335
                |
c.rv564#c.rv564 |  -412.7742   182.3944    -2.26   0.024    -770.6797    -54.8687
                |
          _cons |   31346.44   2629.774    11.92   0.000     26186.14    36506.74
---------------------------------------------------------------------------------
[RAW] resp_tot_inc on rv564 + rv564^2 (robust)

Linear regression                               Number of obs     =      1,037
                                                F(2, 1034)        =       4.86
                                                Prob > F          =     0.0079
                                                R-squared         =     0.0070
                                                Root MSE          =     1.0e+05

---------------------------------------------------------------------------------
                |               Robust
   resp_tot_inc | Coefficient  std. err.      t    P>|t|     [95% conf. interval]
----------------+----------------------------------------------------------------
          rv564 |   8743.491   2805.017     3.12   0.002     3239.315    14247.67
                |
c.rv564#c.rv564 |  -937.7039   318.6929    -2.94   0.003    -1563.063   -312.3453
                |
          _cons |   46366.09   4274.056    10.85   0.000     37979.28    54752.91
---------------------------------------------------------------------------------
[RAW] ln_resp_lab_inc on rv564 + rv564^2 (robust)

Linear regression                               Number of obs     =        954
                                                F(2, 951)         =       8.41
                                                Prob > F          =     0.0002
                                                R-squared         =     0.0169
                                                Root MSE          =     1.0401

---------------------------------------------------------------------------------
                |               Robust
ln_resp_lab_inc | Coefficient  std. err.      t    P>|t|     [95% conf. interval]
----------------+----------------------------------------------------------------
          rv564 |    .136875   .0337474     4.06   0.000      .070647     .203103
                |
c.rv564#c.rv564 |  -.0140653   .0039117    -3.60   0.000    -.0217419   -.0063887
                |
          _cons |   9.924964   .0610743   162.51   0.000     9.805108    10.04482
---------------------------------------------------------------------------------
[RAW] ln_resp_tot_inc on rv564 + rv564^2 (robust)

Linear regression                               Number of obs     =      1,003
                                                F(2, 1000)        =       8.86
                                                Prob > F          =     0.0002
                                                R-squared         =     0.0146
                                                Root MSE          =     1.2398

---------------------------------------------------------------------------------
                |               Robust
ln_resp_tot_inc | Coefficient  std. err.      t    P>|t|     [95% conf. interval]
----------------+----------------------------------------------------------------
          rv564 |    .156973   .0383312     4.10   0.000     .0817542    .2321917
                |
c.rv564#c.rv564 |  -.0182436   .0043727    -4.17   0.000    -.0268242   -.0096629
                |
          _cons |    10.1505   .0699893   145.03   0.000     10.01315    10.28784
---------------------------------------------------------------------------------

. 
. di as txt "=== BEGIN REGRESSIONS: INCOME on TRUST (+ controls) ==="
=== BEGIN REGRESSIONS: INCOME on TRUST (+ controls) ===

. foreach t of local trust_vars {
  2.     capture confirm variable `t'
  3.     if _rc continue
  4.     foreach y of local inc_vars {
  5.         capture confirm variable `y'
  6.         if _rc continue
  7.         quietly count if !missing(`y') & !missing(`t')
  8.         if r(N)==0 continue
  9.         di as txt "[RAW+C] `y' on `t' + `t'^2 with controls (robust)"
 10.         regress `y' c.`t' c.`t'#c.`t' `ctrl_in' if !missing(`y') & !missing(`t'), vce
> (robust)
 11.     }
 12. }
[RAW+C] resp_lab_inc on rv557 + rv557^2 with controls (robust)

Linear regression                               Number of obs     =      1,047
                                                F(7, 1039)        =      14.59
                                                Prob > F          =     0.0000
                                                R-squared         =     0.1155
                                                Root MSE          =      58175

---------------------------------------------------------------------------------
                |               Robust
   resp_lab_inc | Coefficient  std. err.      t    P>|t|     [95% conf. interval]
----------------+----------------------------------------------------------------
          rv557 |    2036.67   1479.577     1.38   0.169    -866.6296    4939.969
                |
c.rv557#c.rv557 |  -188.2968   154.0325    -1.22   0.222    -490.5471    113.9534
                |
      r15agey_b |   177.2655   217.9163     0.81   0.416    -250.3406    604.8716
        raedyrs |   3988.367   570.0623     7.00   0.000     2869.762    5106.971
      r15inlbrf |   28264.45   3424.231     8.25   0.000     21545.25    34983.65
   married_2020 |   5155.018   3580.653     1.44   0.150    -1871.117    12181.15
        born_us |   5922.224   3183.014     1.86   0.063    -323.6451    12168.09
          _cons |  -50627.09   15998.73    -3.16   0.002     -82020.6   -19233.59
---------------------------------------------------------------------------------
[RAW+C] resp_tot_inc on rv557 + rv557^2 with controls (robust)

Linear regression                               Number of obs     =      1,047
                                                F(7, 1039)        =      20.81
                                                Prob > F          =     0.0000
                                                R-squared         =     0.1168
                                                Root MSE          =      95196

---------------------------------------------------------------------------------
                |               Robust
   resp_tot_inc | Coefficient  std. err.      t    P>|t|     [95% conf. interval]
----------------+----------------------------------------------------------------
          rv557 |   3224.791   2672.139     1.21   0.228    -2018.613    8468.196
                |
c.rv557#c.rv557 |  -278.6838   256.0177    -1.09   0.277    -781.0545     223.687
                |
      r15agey_b |   405.9855   322.2656     1.26   0.208    -226.3801    1038.351
        raedyrs |   7127.305   913.0176     7.81   0.000     5335.736    8918.874
      r15inlbrf |   39455.19   5269.158     7.49   0.000     29115.79     49794.6
   married_2020 |   20067.62   5331.012     3.76   0.000     9606.848     30528.4
        born_us |   4253.201   5668.287     0.75   0.453    -6869.394    15375.79
          _cons |  -103148.6   25417.81    -4.06   0.000    -153024.7   -53272.49
---------------------------------------------------------------------------------
[RAW+C] ln_resp_lab_inc on rv557 + rv557^2 with controls (robust)

Linear regression                               Number of obs     =        963
                                                F(7, 955)         =      34.90
                                                Prob > F          =     0.0000
                                                R-squared         =     0.1986
                                                Root MSE          =     .94455

---------------------------------------------------------------------------------
                |               Robust
ln_resp_lab_inc | Coefficient  std. err.      t    P>|t|     [95% conf. interval]
----------------+----------------------------------------------------------------
          rv557 |   .1576003   .0518584     3.04   0.002     .0558307    .2593698
                |
c.rv557#c.rv557 |  -.0131318    .004281    -3.07   0.002    -.0215331   -.0047306
                |
      r15agey_b |   .0067408   .0045468     1.48   0.139    -.0021821    .0156638
        raedyrs |   .0730447   .0105002     6.96   0.000     .0524386    .0936508
      r15inlbrf |   .6647186   .0811422     8.19   0.000      .505481    .8239562
   married_2020 |   .0962523   .0614092     1.57   0.117    -.0242603    .2167649
        born_us |   .1698388   .0984222     1.73   0.085    -.0233099    .3629875
          _cons |   7.811249   .3371481    23.17   0.000     7.149612    8.472886
---------------------------------------------------------------------------------
[RAW+C] ln_resp_tot_inc on rv557 + rv557^2 with controls (robust)

Linear regression                               Number of obs     =      1,013
                                                F(7, 1005)        =      50.10
                                                Prob > F          =     0.0000
                                                R-squared         =     0.2220
                                                Root MSE          =     1.0987

---------------------------------------------------------------------------------
                |               Robust
ln_resp_tot_inc | Coefficient  std. err.      t    P>|t|     [95% conf. interval]
----------------+----------------------------------------------------------------
          rv557 |   .1450244      .0512     2.83   0.005     .0445533    .2454955
                |
c.rv557#c.rv557 |   -.012513   .0043274    -2.89   0.004    -.0210049   -.0040212
                |
      r15agey_b |   .0180055   .0055827     3.23   0.001     .0070505    .0289605
        raedyrs |   .0984056    .011656     8.44   0.000     .0755326    .1212785
      r15inlbrf |    .850816   .0905719     9.39   0.000     .6730844    1.028548
   married_2020 |    .237703   .0667274     3.56   0.000      .106762    .3686441
        born_us |   .1476779   .1152675     1.28   0.200    -.0785146    .3738705
          _cons |   6.845274   .4141149    16.53   0.000     6.032646    7.657903
---------------------------------------------------------------------------------
[RAW+C] resp_lab_inc on rv558 + rv558^2 with controls (robust)

Linear regression                               Number of obs     =      1,040
                                                F(7, 1032)        =      14.81
                                                Prob > F          =     0.0000
                                                R-squared         =     0.1158
                                                Root MSE          =      58255

---------------------------------------------------------------------------------
                |               Robust
   resp_lab_inc | Coefficient  std. err.      t    P>|t|     [95% conf. interval]
----------------+----------------------------------------------------------------
          rv558 |   1794.895   1863.694     0.96   0.336    -1862.167    5451.958
                |
c.rv558#c.rv558 |  -154.6501   150.2893    -1.03   0.304    -449.5576    140.2574
                |
      r15agey_b |   183.2782   197.2471     0.93   0.353     -203.773    570.3294
        raedyrs |   4013.121   566.6956     7.08   0.000     2901.114    5125.128
      r15inlbrf |   28481.62   3477.793     8.19   0.000     21657.27    35305.97
   married_2020 |   5410.053   3585.363     1.51   0.132     -1625.38    12445.49
        born_us |   5267.997   3181.596     1.66   0.098     -975.139    11511.13
          _cons |  -50900.27   15884.15    -3.20   0.001    -82069.19   -19731.35
---------------------------------------------------------------------------------
[RAW+C] resp_tot_inc on rv558 + rv558^2 with controls (robust)

Linear regression                               Number of obs     =      1,040
                                                F(7, 1032)        =      20.15
                                                Prob > F          =     0.0000
                                                R-squared         =     0.1194
                                                Root MSE          =      95171

---------------------------------------------------------------------------------
                |               Robust
   resp_tot_inc | Coefficient  std. err.      t    P>|t|     [95% conf. interval]
----------------+----------------------------------------------------------------
          rv558 |    6867.58    3221.24     2.13   0.033     546.6517    13188.51
                |
c.rv558#c.rv558 |  -657.5068   271.4503    -2.42   0.016    -1190.164   -124.8493
                |
      r15agey_b |   428.3925   314.7594     1.36   0.174     -189.249    1046.034
        raedyrs |   6955.446   881.2769     7.89   0.000     5226.147    8684.745
      r15inlbrf |   39034.24   5341.965     7.31   0.000     28551.89    49516.59
   married_2020 |   19817.18   5245.639     3.78   0.000     9523.848    30110.52
        born_us |   3753.036   5612.819     0.67   0.504    -7260.804    14766.88
          _cons |  -106722.6   26481.78    -4.03   0.000    -158686.9   -54758.28
---------------------------------------------------------------------------------
[RAW+C] ln_resp_lab_inc on rv558 + rv558^2 with controls (robust)

Linear regression                               Number of obs     =        957
                                                F(7, 949)         =      34.83
                                                Prob > F          =     0.0000
                                                R-squared         =     0.1922
                                                Root MSE          =     .94369

---------------------------------------------------------------------------------
                |               Robust
ln_resp_lab_inc | Coefficient  std. err.      t    P>|t|     [95% conf. interval]
----------------+----------------------------------------------------------------
          rv558 |   .0877712   .0480912     1.83   0.068    -.0066061    .1821486
                |
c.rv558#c.rv558 |  -.0071041   .0037955    -1.87   0.062    -.0145527    .0003445
                |
      r15agey_b |   .0075645   .0044381     1.70   0.089    -.0011451    .0162742
        raedyrs |   .0780705   .0102494     7.62   0.000     .0579564    .0981845
      r15inlbrf |   .6737062   .0826276     8.15   0.000     .5115523      .83586
   married_2020 |   .1050288    .061751     1.70   0.089    -.0161556    .2262131
        born_us |    .178451   .1007227     1.77   0.077     -.019214    .3761159
          _cons |   7.845165   .3380908    23.20   0.000     7.181673    8.508657
---------------------------------------------------------------------------------
[RAW+C] ln_resp_tot_inc on rv558 + rv558^2 with controls (robust)

Linear regression                               Number of obs     =      1,006
                                                F(7, 998)         =      49.56
                                                Prob > F          =     0.0000
                                                R-squared         =     0.2237
                                                Root MSE          =     1.0974

---------------------------------------------------------------------------------
                |               Robust
ln_resp_tot_inc | Coefficient  std. err.      t    P>|t|     [95% conf. interval]
----------------+----------------------------------------------------------------
          rv558 |   .1572902   .0564468     2.79   0.005     .0465222    .2680583
                |
c.rv558#c.rv558 |  -.0140126   .0044796    -3.13   0.002    -.0228031   -.0052221
                |
      r15agey_b |   .0183456   .0054598     3.36   0.001     .0076317    .0290596
        raedyrs |   .0981576   .0117956     8.32   0.000     .0750105    .1213047
      r15inlbrf |   .8518987   .0901476     9.45   0.000     .6749982    1.028799
   married_2020 |   .2410013   .0692925     3.48   0.001     .1050256     .376977
        born_us |   .1508811   .1135945     1.33   0.184    -.0720304    .3737926
          _cons |   6.822463   .4484785    15.21   0.000     5.942393    7.702532
---------------------------------------------------------------------------------
[RAW+C] resp_lab_inc on rv559 + rv559^2 with controls (robust)

Linear regression                               Number of obs     =      1,038
                                                F(7, 1030)        =      14.76
                                                Prob > F          =     0.0000
                                                R-squared         =     0.1152
                                                Root MSE          =      58212

---------------------------------------------------------------------------------
                |               Robust
   resp_lab_inc | Coefficient  std. err.      t    P>|t|     [95% conf. interval]
----------------+----------------------------------------------------------------
          rv559 |   1618.011    2006.62     0.81   0.420    -2319.519    5555.541
                |
c.rv559#c.rv559 |  -189.6347   169.0393    -1.12   0.262    -521.3354     142.066
                |
      r15agey_b |   210.9822   203.5239     1.04   0.300    -188.3866    610.3509
        raedyrs |   3973.327   556.2368     7.14   0.000      2881.84    5064.813
      r15inlbrf |   28221.28   3495.158     8.07   0.000     21362.83    35079.72
   married_2020 |   4918.204   3730.802     1.32   0.188    -2402.637    12239.05
        born_us |   4726.463   3226.808     1.46   0.143    -1605.405    11058.33
          _cons |  -48737.57   16056.45    -3.04   0.002    -80244.65   -17230.48
---------------------------------------------------------------------------------
[RAW+C] resp_tot_inc on rv559 + rv559^2 with controls (robust)

Linear regression                               Number of obs     =      1,038
                                                F(7, 1030)        =      20.59
                                                Prob > F          =     0.0000
                                                R-squared         =     0.1154
                                                Root MSE          =      92697

---------------------------------------------------------------------------------
                |               Robust
   resp_tot_inc | Coefficient  std. err.      t    P>|t|     [95% conf. interval]
----------------+----------------------------------------------------------------
          rv559 |   5660.409   3459.765     1.64   0.102    -1128.584     12449.4
                |
c.rv559#c.rv559 |  -570.2809   282.2748    -2.02   0.044     -1124.18   -16.38162
                |
      r15agey_b |   518.3246   310.2932     1.67   0.095    -90.55433    1127.204
        raedyrs |   6755.959   861.7538     7.84   0.000     5064.965    8446.952
      r15inlbrf |   38293.32   5183.622     7.39   0.000     28121.65    48464.99
   married_2020 |   17720.89   5318.731     3.33   0.001     7284.109    28157.68
        born_us |   2322.635   5628.346     0.41   0.680    -8721.699    13366.97
          _cons |  -105033.8   26845.53    -3.91   0.000      -157712   -52355.66
---------------------------------------------------------------------------------
[RAW+C] ln_resp_lab_inc on rv559 + rv559^2 with controls (robust)

Linear regression                               Number of obs     =        955
                                                F(7, 947)         =      34.74
                                                Prob > F          =     0.0000
                                                R-squared         =     0.1901
                                                Root MSE          =     .94696

---------------------------------------------------------------------------------
                |               Robust
ln_resp_lab_inc | Coefficient  std. err.      t    P>|t|     [95% conf. interval]
----------------+----------------------------------------------------------------
          rv559 |   .0556661   .0434034     1.28   0.200    -.0295119    .1408441
                |
c.rv559#c.rv559 |  -.0059147    .003598    -1.64   0.101    -.0129757    .0011462
                |
      r15agey_b |   .0081605   .0044453     1.84   0.067    -.0005632    .0168842
        raedyrs |    .076763   .0102618     7.48   0.000     .0566245    .0969014
      r15inlbrf |   .6712121    .082406     8.15   0.000     .5094926    .8329316
   married_2020 |   .1059115   .0630924     1.68   0.094    -.0179056    .2297285
        born_us |   .1657866   .1018489     1.63   0.104    -.0340891    .3656623
          _cons |   7.977965   .3400627    23.46   0.000     7.310602    8.645329
---------------------------------------------------------------------------------
[RAW+C] ln_resp_tot_inc on rv559 + rv559^2 with controls (robust)

Linear regression                               Number of obs     =      1,004
                                                F(7, 996)         =      50.51
                                                Prob > F          =     0.0000
                                                R-squared         =     0.2196
                                                Root MSE          =     1.0953

---------------------------------------------------------------------------------
                |               Robust
ln_resp_tot_inc | Coefficient  std. err.      t    P>|t|     [95% conf. interval]
----------------+----------------------------------------------------------------
          rv559 |   .1041572   .0504354     2.07   0.039     .0051854    .2031289
                |
c.rv559#c.rv559 |  -.0108185   .0041537    -2.60   0.009    -.0189694   -.0026676
                |
      r15agey_b |   .0197673   .0055419     3.57   0.000     .0088922    .0306425
        raedyrs |   .0974095   .0117314     8.30   0.000     .0743885    .1204305
      r15inlbrf |   .8561562   .0905782     9.45   0.000     .6784102    1.033902
   married_2020 |   .2214827   .0695928     3.18   0.002     .0849173     .358048
        born_us |   .1290133   .1148986     1.12   0.262    -.0964578    .3544844
          _cons |   6.943184    .432365    16.06   0.000     6.094733    7.791635
---------------------------------------------------------------------------------
[RAW+C] resp_lab_inc on rv560 + rv560^2 with controls (robust)

Linear regression                               Number of obs     =      1,038
                                                F(7, 1030)        =      14.89
                                                Prob > F          =     0.0000
                                                R-squared         =     0.1154
                                                Root MSE          =      58316

---------------------------------------------------------------------------------
                |               Robust
   resp_lab_inc | Coefficient  std. err.      t    P>|t|     [95% conf. interval]
----------------+----------------------------------------------------------------
          rv560 |   2027.162   1556.723     1.30   0.193    -1027.547    5081.872
                |
c.rv560#c.rv560 |  -173.6783   152.6257    -1.14   0.255     -473.171    125.8144
                |
      r15agey_b |   164.8979   204.5474     0.81   0.420    -236.4794    566.2751
        raedyrs |    3894.81   541.8543     7.19   0.000     2831.546    4958.074
      r15inlbrf |   28341.23    3454.04     8.21   0.000     21563.47    35118.99
   married_2020 |   5037.349   3695.975     1.36   0.173    -2215.152    12289.85
        born_us |   5932.221   3252.168     1.82   0.068    -449.4097    12313.85
          _cons |  -48888.64   15465.65    -3.16   0.002    -79236.42   -18540.86
---------------------------------------------------------------------------------
[RAW+C] resp_tot_inc on rv560 + rv560^2 with controls (robust)

Linear regression                               Number of obs     =      1,038
                                                F(7, 1030)        =      20.02
                                                Prob > F          =     0.0000
                                                R-squared         =     0.1147
                                                Root MSE          =      95338

---------------------------------------------------------------------------------
                |               Robust
   resp_tot_inc | Coefficient  std. err.      t    P>|t|     [95% conf. interval]
----------------+----------------------------------------------------------------
          rv560 |   1205.233    2559.19     0.47   0.638    -3816.587    6227.054
                |
c.rv560#c.rv560 |  -109.1062    236.405    -0.46   0.645    -572.9965    354.7842
                |
      r15agey_b |   409.5359   328.2025     1.25   0.212     -234.486    1053.558
        raedyrs |    7102.78   915.1934     7.76   0.000     5306.924    8898.637
      r15inlbrf |   39333.74   5203.436     7.56   0.000      29123.2    49544.29
   married_2020 |   20124.61    5533.12     3.64   0.000     9267.134    30982.08
        born_us |   4154.086   5835.699     0.71   0.477    -7297.131     15605.3
          _cons |  -97882.89   24704.71    -3.96   0.000    -146360.2   -49405.59
---------------------------------------------------------------------------------
[RAW+C] ln_resp_lab_inc on rv560 + rv560^2 with controls (robust)

Linear regression                               Number of obs     =        956
                                                F(7, 948)         =      35.18
                                                Prob > F          =     0.0000
                                                R-squared         =     0.1911
                                                Root MSE          =     .95023

---------------------------------------------------------------------------------
                |               Robust
ln_resp_lab_inc | Coefficient  std. err.      t    P>|t|     [95% conf. interval]
----------------+----------------------------------------------------------------
          rv560 |   .0755035   .0397172     1.90   0.058    -.0024403    .1534473
                |
c.rv560#c.rv560 |  -.0067453   .0034033    -1.98   0.048    -.0134242   -.0000665
                |
      r15agey_b |   .0073446   .0045179     1.63   0.104    -.0015216    .0162108
        raedyrs |   .0743865   .0104672     7.11   0.000     .0538448    .0949281
      r15inlbrf |   .6789789   .0820701     8.27   0.000     .5179188    .8400389
   married_2020 |   .1052874   .0625499     1.68   0.093    -.0174649    .2280396
        born_us |    .187085   .1012242     1.85   0.065    -.0115643    .3857344
          _cons |   7.958867   .3280128    24.26   0.000     7.315152    8.602583
---------------------------------------------------------------------------------
[RAW+C] ln_resp_tot_inc on rv560 + rv560^2 with controls (robust)

Linear regression                               Number of obs     =      1,005
                                                F(7, 997)         =      48.64
                                                Prob > F          =     0.0000
                                                R-squared         =     0.2154
                                                Root MSE          =     1.1042

---------------------------------------------------------------------------------
                |               Robust
ln_resp_tot_inc | Coefficient  std. err.      t    P>|t|     [95% conf. interval]
----------------+----------------------------------------------------------------
          rv560 |   .0332651   .0399256     0.83   0.405    -.0450827    .1116128
                |
c.rv560#c.rv560 |  -.0028688   .0035601    -0.81   0.421    -.0098551    .0041174
                |
      r15agey_b |   .0181859   .0055769     3.26   0.001      .007242    .0291298
        raedyrs |   .1013664   .0118901     8.53   0.000     .0780339     .124699
      r15inlbrf |   .8632803   .0921563     9.37   0.000     .6824377    1.044123
   married_2020 |   .2505903   .0685582     3.66   0.000     .1160553    .3851253
        born_us |   .1548157   .1182543     1.31   0.191    -.0772401    .3868715
          _cons |   7.040687   .4019985    17.51   0.000     6.251827    7.829547
---------------------------------------------------------------------------------
[RAW+C] resp_lab_inc on rv561 + rv561^2 with controls (robust)

Linear regression                               Number of obs     =      1,020
                                                F(7, 1012)        =      14.48
                                                Prob > F          =     0.0000
                                                R-squared         =     0.1161
                                                Root MSE          =      58729

---------------------------------------------------------------------------------
                |               Robust
   resp_lab_inc | Coefficient  std. err.      t    P>|t|     [95% conf. interval]
----------------+----------------------------------------------------------------
          rv561 |   3073.513   1411.613     2.18   0.030     303.4893    5843.537
                |
c.rv561#c.rv561 |  -281.9811   140.5357    -2.01   0.045    -557.7558   -6.206489
                |
      r15agey_b |   154.9709   204.6553     0.76   0.449    -246.6264    556.5682
        raedyrs |   3915.901   550.8208     7.11   0.000     2835.019    4996.782
      r15inlbrf |   27698.48   3472.675     7.98   0.000     20884.01    34512.94
   married_2020 |   4877.036   3780.247     1.29   0.197    -2540.984    12295.06
        born_us |   5999.367    3309.26     1.81   0.070    -494.4301    12493.16
          _cons |   -49269.9   15860.02    -3.11   0.002    -80392.19   -18147.61
---------------------------------------------------------------------------------
[RAW+C] resp_tot_inc on rv561 + rv561^2 with controls (robust)

Linear regression                               Number of obs     =      1,020
                                                F(7, 1012)        =      20.66
                                                Prob > F          =     0.0000
                                                R-squared         =     0.1176
                                                Root MSE          =      96180

---------------------------------------------------------------------------------
                |               Robust
   resp_tot_inc | Coefficient  std. err.      t    P>|t|     [95% conf. interval]
----------------+----------------------------------------------------------------
          rv561 |   2027.069   2585.823     0.78   0.433     -3047.12    7101.259
                |
c.rv561#c.rv561 |  -48.61642   253.3498    -0.19   0.848    -545.7675    448.5346
                |
      r15agey_b |   347.3325   321.1189     1.08   0.280    -282.8026    977.4677
        raedyrs |   7128.208   878.5985     8.11   0.000     5404.125    8852.292
      r15inlbrf |   39018.13   5500.862     7.09   0.000     28223.73    49812.53
   married_2020 |   20189.55   5542.178     3.64   0.000     9314.069    31065.02
        born_us |   4415.928   5853.283     0.75   0.451    -7070.033    15901.89
          _cons |  -99874.55   26344.28    -3.79   0.000    -151570.2   -48178.89
---------------------------------------------------------------------------------
[RAW+C] ln_resp_lab_inc on rv561 + rv561^2 with controls (robust)

Linear regression                               Number of obs     =        939
                                                F(7, 931)         =      34.84
                                                Prob > F          =     0.0000
                                                R-squared         =     0.1988
                                                Root MSE          =      .9211

---------------------------------------------------------------------------------
                |               Robust
ln_resp_lab_inc | Coefficient  std. err.      t    P>|t|     [95% conf. interval]
----------------+----------------------------------------------------------------
          rv561 |   .0816449   .0329227     2.48   0.013     .0170337    .1462562
                |
c.rv561#c.rv561 |  -.0070988   .0032093    -2.21   0.027     -.013397   -.0008006
                |
      r15agey_b |   .0043346   .0035266     1.23   0.219    -.0025864    .0112556
        raedyrs |   .0758123   .0104343     7.27   0.000     .0553348    .0962899
      r15inlbrf |    .616012   .0716027     8.60   0.000     .4754907    .7565333
   married_2020 |   .1166375   .0628024     1.86   0.064    -.0066132    .2398882
        born_us |   .2146201   .1026652     2.09   0.037     .0131382     .416102
          _cons |   8.141208   .2823982    28.83   0.000     7.586997    8.695418
---------------------------------------------------------------------------------
[RAW+C] ln_resp_tot_inc on rv561 + rv561^2 with controls (robust)

Linear regression                               Number of obs     =        987
                                                F(7, 979)         =      49.81
                                                Prob > F          =     0.0000
                                                R-squared         =     0.2208
                                                Root MSE          =     1.0813

---------------------------------------------------------------------------------
                |               Robust
ln_resp_tot_inc | Coefficient  std. err.      t    P>|t|     [95% conf. interval]
----------------+----------------------------------------------------------------
          rv561 |   .0692462   .0355971     1.95   0.052    -.0006091    .1391015
                |
c.rv561#c.rv561 |  -.0057206   .0036582    -1.56   0.118    -.0128995    .0014583
                |
      r15agey_b |   .0149093   .0050911     2.93   0.003     .0049187       .0249
        raedyrs |    .101513   .0118904     8.54   0.000     .0781794    .1248465
      r15inlbrf |   .8021434    .086926     9.23   0.000     .6315607     .972726
   married_2020 |   .2516046   .0683273     3.68   0.000     .1175197    .3856894
        born_us |   .1909601   .1195385     1.60   0.110    -.0436211    .4255413
          _cons |   7.187432   .3858733    18.63   0.000     6.430198    7.944665
---------------------------------------------------------------------------------
[RAW+C] resp_lab_inc on rv562 + rv562^2 with controls (robust)

Linear regression                               Number of obs     =        990
                                                F(7, 982)         =      14.55
                                                Prob > F          =     0.0000
                                                R-squared         =     0.1175
                                                Root MSE          =      59439

---------------------------------------------------------------------------------
                |               Robust
   resp_lab_inc | Coefficient  std. err.      t    P>|t|     [95% conf. interval]
----------------+----------------------------------------------------------------
          rv562 |   1490.894   1468.642     1.02   0.310    -1391.144    4372.932
                |
c.rv562#c.rv562 |  -55.07969   164.1084    -0.34   0.737    -377.1231    266.9637
                |
      r15agey_b |   142.7007   211.2728     0.68   0.500    -271.8973    557.2988
        raedyrs |   4005.748   564.7697     7.09   0.000     2897.453    5114.042
      r15inlbrf |    28174.1   3606.043     7.81   0.000     21097.66    35250.53
   married_2020 |    4948.51   4027.642     1.23   0.220    -2955.264    12852.28
        born_us |    6716.79   3414.445     1.97   0.049     16.34361    13417.24
          _cons |  -49989.34   16167.47    -3.09   0.002     -81716.1   -18262.58
---------------------------------------------------------------------------------
[RAW+C] resp_tot_inc on rv562 + rv562^2 with controls (robust)

Linear regression                               Number of obs     =        990
                                                F(7, 982)         =      19.60
                                                Prob > F          =     0.0000
                                                R-squared         =     0.1229
                                                Root MSE          =      95958

---------------------------------------------------------------------------------
                |               Robust
   resp_tot_inc | Coefficient  std. err.      t    P>|t|     [95% conf. interval]
----------------+----------------------------------------------------------------
          rv562 |   1120.563   2463.244     0.45   0.649    -3713.265    5954.391
                |
c.rv562#c.rv562 |   64.54983   276.0891     0.23   0.815    -477.2426    606.3423
                |
      r15agey_b |   229.6547   306.5887     0.75   0.454    -371.9896    831.2991
        raedyrs |   7132.648   904.8545     7.88   0.000     5356.977    8908.319
      r15inlbrf |   38973.08   5604.749     6.95   0.000     27974.42    49971.74
   married_2020 |   21878.05   5611.244     3.90   0.000     10866.65    32889.46
        born_us |   6902.159   6048.786     1.14   0.254    -4967.873    18772.19
          _cons |  -94633.75   25917.85    -3.65   0.000    -145494.5   -43773.01
---------------------------------------------------------------------------------
[RAW+C] ln_resp_lab_inc on rv562 + rv562^2 with controls (robust)

Linear regression                               Number of obs     =        912
                                                F(7, 904)         =      36.57
                                                Prob > F          =     0.0000
                                                R-squared         =     0.2057
                                                Root MSE          =     .94194

---------------------------------------------------------------------------------
                |               Robust
ln_resp_lab_inc | Coefficient  std. err.      t    P>|t|     [95% conf. interval]
----------------+----------------------------------------------------------------
          rv562 |   .0709152   .0335986     2.11   0.035     .0049748    .1368556
                |
c.rv562#c.rv562 |  -.0043027   .0034216    -1.26   0.209    -.0110178    .0024125
                |
      r15agey_b |   .0062623   .0046889     1.34   0.182    -.0029401    .0154646
        raedyrs |   .0774791   .0107582     7.20   0.000     .0563651    .0985932
      r15inlbrf |   .6597327    .084779     7.78   0.000     .4933463    .8261192
   married_2020 |   .0840099   .0646592     1.30   0.194    -.0428897    .2109095
        born_us |   .2285639   .1060867     2.15   0.031     .0203589    .4367688
          _cons |   7.935706   .3395998    23.37   0.000     7.269211    8.602202
---------------------------------------------------------------------------------
[RAW+C] ln_resp_tot_inc on rv562 + rv562^2 with controls (robust)

Linear regression                               Number of obs     =        958
                                                F(7, 950)         =      49.30
                                                Prob > F          =     0.0000
                                                R-squared         =     0.2227
                                                Root MSE          =     1.1024

---------------------------------------------------------------------------------
                |               Robust
ln_resp_tot_inc | Coefficient  std. err.      t    P>|t|     [95% conf. interval]
----------------+----------------------------------------------------------------
          rv562 |   .0475281   .0363263     1.31   0.191     -.023761    .1188171
                |
c.rv562#c.rv562 |  -.0022968   .0037012    -0.62   0.535    -.0095603    .0049668
                |
      r15agey_b |   .0168882   .0057783     2.92   0.004     .0055484     .028228
        raedyrs |   .1010055   .0122574     8.24   0.000     .0769508    .1250602
      r15inlbrf |   .8523432   .0968715     8.80   0.000     .6622364     1.04245
   married_2020 |   .2351731   .0705138     3.34   0.001     .0967923    .3735539
        born_us |   .2050871   .1243161     1.65   0.099    -.0388789    .4490531
          _cons |   7.020433   .4198945    16.72   0.000     6.196405    7.844461
---------------------------------------------------------------------------------
[RAW+C] resp_lab_inc on rv563 + rv563^2 with controls (robust)

Linear regression                               Number of obs     =      1,034
                                                F(7, 1026)        =      15.42
                                                Prob > F          =     0.0000
                                                R-squared         =     0.1193
                                                Root MSE          =      58273

---------------------------------------------------------------------------------
                |               Robust
   resp_lab_inc | Coefficient  std. err.      t    P>|t|     [95% conf. interval]
----------------+----------------------------------------------------------------
          rv563 |   3117.028   1462.415     2.13   0.033     247.3617    5986.694
                |
c.rv563#c.rv563 |  -180.7544   155.3796    -1.16   0.245    -485.6524    124.1436
                |
      r15agey_b |   147.5474   203.1432     0.73   0.468    -251.0763     546.171
        raedyrs |   3896.674   560.2123     6.96   0.000     2797.381    4995.967
      r15inlbrf |   28548.19   3472.272     8.22   0.000     21734.62    35361.75
   married_2020 |    5402.76   3648.997     1.48   0.139     -1757.59    12563.11
        born_us |   5451.088   3233.734     1.69   0.092    -894.4005    11796.58
          _cons |  -52537.16   15480.62    -3.39   0.001    -82914.46   -22159.87
---------------------------------------------------------------------------------
[RAW+C] resp_tot_inc on rv563 + rv563^2 with controls (robust)

Linear regression                               Number of obs     =      1,034
                                                F(7, 1026)        =      20.16
                                                Prob > F          =     0.0000
                                                R-squared         =     0.1178
                                                Root MSE          =      95593

---------------------------------------------------------------------------------
                |               Robust
   resp_tot_inc | Coefficient  std. err.      t    P>|t|     [95% conf. interval]
----------------+----------------------------------------------------------------
          rv563 |   5433.657   2353.895     2.31   0.021     814.6589    10052.65
                |
c.rv563#c.rv563 |  -448.4062   233.8053    -1.92   0.055    -907.1975    10.38508
                |
      r15agey_b |   402.4013   318.9869     1.26   0.207      -223.54    1028.343
        raedyrs |     6904.4   894.6522     7.72   0.000     5148.843    8659.957
      r15inlbrf |    39403.7   5280.111     7.46   0.000     29042.65    49764.75
   married_2020 |   20334.61   5392.898     3.77   0.000     9752.243    30916.98
        born_us |   4534.851    5754.64     0.79   0.431    -6757.357    15827.06
          _cons |  -105130.2   25203.21    -4.17   0.000    -154585.9   -55674.44
---------------------------------------------------------------------------------
[RAW+C] ln_resp_lab_inc on rv563 + rv563^2 with controls (robust)

Linear regression                               Number of obs     =        953
                                                F(7, 945)         =      35.18
                                                Prob > F          =     0.0000
                                                R-squared         =     0.1974
                                                Root MSE          =     .94499

---------------------------------------------------------------------------------
                |               Robust
ln_resp_lab_inc | Coefficient  std. err.      t    P>|t|     [95% conf. interval]
----------------+----------------------------------------------------------------
          rv563 |   .1221796   .0356246     3.43   0.001     .0522672     .192092
                |
c.rv563#c.rv563 |  -.0103392   .0033802    -3.06   0.002    -.0169727   -.0037058
                |
      r15agey_b |   .0074509   .0044359     1.68   0.093    -.0012544    .0161562
        raedyrs |   .0719358   .0104373     6.89   0.000     .0514529    .0924187
      r15inlbrf |   .6727309   .0814591     8.26   0.000     .5128692    .8325926
   married_2020 |   .1115837   .0625803     1.78   0.075    -.0112289    .2343962
        born_us |   .1863567   .1004661     1.85   0.064    -.0108058    .3835193
          _cons |   7.873636   .3321317    23.71   0.000     7.221835    8.525437
---------------------------------------------------------------------------------
[RAW+C] ln_resp_tot_inc on rv563 + rv563^2 with controls (robust)

Linear regression                               Number of obs     =      1,000
                                                F(7, 992)         =      49.25
                                                Prob > F          =     0.0000
                                                R-squared         =     0.2195
                                                Root MSE          =     1.0997

---------------------------------------------------------------------------------
                |               Robust
ln_resp_tot_inc | Coefficient  std. err.      t    P>|t|     [95% conf. interval]
----------------+----------------------------------------------------------------
          rv563 |   .1092649   .0366344     2.98   0.003      .037375    .1811547
                |
c.rv563#c.rv563 |   -.010129   .0035137    -2.88   0.004    -.0170242   -.0032338
                |
      r15agey_b |   .0183314   .0055274     3.32   0.001     .0074847     .029178
        raedyrs |   .0955056   .0117782     8.11   0.000     .0723926    .1186186
      r15inlbrf |   .8583456   .0917463     9.36   0.000     .6783064    1.038385
   married_2020 |   .2466481   .0679737     3.63   0.000     .1132594    .3800367
        born_us |   .1565492   .1178931     1.33   0.185    -.0747993    .3878977
          _cons |   6.976163   .4127174    16.90   0.000     6.166263    7.786062
---------------------------------------------------------------------------------
[RAW+C] resp_lab_inc on rv564 + rv564^2 with controls (robust)

Linear regression                               Number of obs     =      1,026
                                                F(7, 1018)        =      15.75
                                                Prob > F          =     0.0000
                                                R-squared         =     0.1167
                                                Root MSE          =      58420

---------------------------------------------------------------------------------
                |               Robust
   resp_lab_inc | Coefficient  std. err.      t    P>|t|     [95% conf. interval]
----------------+----------------------------------------------------------------
          rv564 |   293.9359    1589.87     0.18   0.853    -2825.861    3413.733
                |
c.rv564#c.rv564 |   137.9545   184.3021     0.75   0.454    -223.7009    499.6099
                |
      r15agey_b |   144.6124   204.6625     0.71   0.480    -256.9961     546.221
        raedyrs |   4101.969   572.2764     7.17   0.000     2978.993    5224.945
      r15inlbrf |   27966.37   3475.127     8.05   0.000     21147.14     34785.6
   married_2020 |   5462.452   3673.872     1.49   0.137    -1746.777    12671.68
        born_us |   7384.529   3458.895     2.13   0.033     597.1504    14171.91
          _cons |     -50522   16509.26    -3.06   0.002    -82918.08   -18125.92
---------------------------------------------------------------------------------
[RAW+C] resp_tot_inc on rv564 + rv564^2 with controls (robust)

Linear regression                               Number of obs     =      1,026
                                                F(7, 1018)        =      19.84
                                                Prob > F          =     0.0000
                                                R-squared         =     0.1162
                                                Root MSE          =      95919

---------------------------------------------------------------------------------
                |               Robust
   resp_tot_inc | Coefficient  std. err.      t    P>|t|     [95% conf. interval]
----------------+----------------------------------------------------------------
          rv564 |   1794.132   2676.153     0.67   0.503    -3457.274    7045.539
                |
c.rv564#c.rv564 |  -12.96248   311.2307    -0.04   0.967    -623.6897    597.7647
                |
      r15agey_b |   409.0599   322.0524     1.27   0.204    -222.9026    1041.022
        raedyrs |   7225.821   883.0066     8.18   0.000       5493.1    8958.542
      r15inlbrf |    39208.5   5365.493     7.31   0.000      28679.8    49737.19
   married_2020 |   20608.33   5441.051     3.79   0.000     9931.371    31285.29
        born_us |   6065.259   5688.733     1.07   0.287    -5097.726    17228.24
          _cons |  -104339.5   27178.99    -3.84   0.000    -157672.8   -51006.27
---------------------------------------------------------------------------------
[RAW+C] ln_resp_lab_inc on rv564 + rv564^2 with controls (robust)

Linear regression                               Number of obs     =        945
                                                F(7, 937)         =      34.58
                                                Prob > F          =     0.0000
                                                R-squared         =     0.1910
                                                Root MSE          =     .94756

---------------------------------------------------------------------------------
                |               Robust
ln_resp_lab_inc | Coefficient  std. err.      t    P>|t|     [95% conf. interval]
----------------+----------------------------------------------------------------
          rv564 |   .0578964   .0309531     1.87   0.062    -.0028491    .1186419
                |
c.rv564#c.rv564 |  -.0031383   .0034609    -0.91   0.365    -.0099303    .0036537
                |
      r15agey_b |   .0071324   .0045138     1.58   0.114     -.001726    .0159907
        raedyrs |   .0774696   .0103333     7.50   0.000     .0571906    .0977486
      r15inlbrf |   .6610631   .0827342     7.99   0.000     .4986972    .8234289
   married_2020 |   .1132769   .0629325     1.80   0.072     -.010228    .2367818
        born_us |   .2169426     .10327     2.10   0.036     .0142754    .4196098
          _cons |   7.940151    .338192    23.48   0.000     7.276449    8.603852
---------------------------------------------------------------------------------
[RAW+C] ln_resp_tot_inc on rv564 + rv564^2 with controls (robust)

Linear regression                               Number of obs     =        993
                                                F(7, 985)         =      48.98
                                                Prob > F          =     0.0000
                                                R-squared         =     0.2151
                                                Root MSE          =     1.1062

---------------------------------------------------------------------------------
                |               Robust
ln_resp_tot_inc | Coefficient  std. err.      t    P>|t|     [95% conf. interval]
----------------+----------------------------------------------------------------
          rv564 |   .0563766   .0345358     1.63   0.103    -.0113957    .1241488
                |
c.rv564#c.rv564 |  -.0046981   .0039077    -1.20   0.230    -.0123664    .0029703
                |
      r15agey_b |   .0186977   .0056819     3.29   0.001     .0075477    .0298478
        raedyrs |   .1009649   .0117453     8.60   0.000     .0779162    .1240136
      r15inlbrf |   .8578704   .0937098     9.15   0.000     .6739767    1.041764
   married_2020 |   .2518325   .0693041     3.63   0.000     .1158318    .3878331
        born_us |   .1848669   .1185073     1.56   0.119    -.0476889    .4174228
          _cons |   6.967467   .4283978    16.26   0.000     6.126789    7.808144
---------------------------------------------------------------------------------

. 
. * ----------------------------------------------------------------------
. * PCA of trust variables (rv557-rv564) and regressions using PC1
. * ----------------------------------------------------------------------
. di as txt "=== PCA on trust variables (rv557-rv564) ==="
=== PCA on trust variables (rv557-rv564) ===

. capture drop trust_pca1 trust_pca1_z

. capture noisily pca rv557 rv558 rv559 rv560 rv561 rv562 rv563 rv564, components(1)

Principal components/correlation                 Number of obs    =        970
                                                 Number of comp.  =          1
                                                 Trace            =          8
    Rotation: (unrotated = principal)            Rho              =     0.4493

    --------------------------------------------------------------------------
       Component |   Eigenvalue   Difference         Proportion   Cumulative
    -------------+------------------------------------------------------------
           Comp1 |      3.59438      2.36333             0.4493       0.4493
           Comp2 |      1.23105      .405717             0.1539       0.6032
           Comp3 |      .825336      .120069             0.1032       0.7063
           Comp4 |      .705266      .102935             0.0882       0.7945
           Comp5 |      .602331      .102839             0.0753       0.8698
           Comp6 |      .499493      .138996             0.0624       0.9322
           Comp7 |      .360497      .178854             0.0451       0.9773
           Comp8 |      .181642            .             0.0227       1.0000
    --------------------------------------------------------------------------

Principal components (eigenvectors) 

    --------------------------------------
        Variable |    Comp1 | Unexplained 
    -------------+----------+-------------
           rv557 |   0.2983 |       .6801 
           rv558 |   0.3785 |       .4852 
           rv559 |   0.3750 |       .4945 
           rv560 |   0.3889 |       .4564 
           rv561 |   0.3756 |       .4928 
           rv562 |   0.3503 |        .559 
           rv563 |   0.3775 |       .4878 
           rv564 |   0.2638 |       .7499 
    --------------------------------------

. if _rc==0 {
.     * Proportion of variance explained by PC1 (display only)
.     capture matrix M = e(Prop)
.     if _rc==0 {
.         scalar pc1_prop = M[1,1]
.         di as txt "PC1 variance proportion: " %6.3f pc1_prop
PC1 variance proportion:      .
.     }
.     predict double trust_pca1 if e(sample), score

Scoring coefficients 
    sum of squares(column-loading) = 1

    ------------------------
        Variable |    Comp1 
    -------------+----------
           rv557 |   0.2983 
           rv558 |   0.3785 
           rv559 |   0.3750 
           rv560 |   0.3889 
           rv561 |   0.3756 
           rv562 |   0.3503 
           rv563 |   0.3775 
           rv564 |   0.2638 
    ------------------------
.     egen double trust_pca1_z = std(trust_pca1)
(11,198 missing values generated)
.     quietly count if !missing(trust_pca1_z)
.     di as txt "Non-missing trust_pca1_z: " r(N)
Non-missing trust_pca1_z: 970
.     quietly count if !missing(resp_lab_inc) & !missing(trust_pca1_z)
.     di as txt "Overlap with resp_lab_inc: " r(N)
Overlap with resp_lab_inc: 970
. 
.     di as txt "=== REGRESSIONS: INCOME on trust_pca1_z (no controls) ==="
=== REGRESSIONS: INCOME on trust_pca1_z (no controls) ===
.     foreach y of local inc_vars {
  2.         capture confirm variable `y'
  3.         if _rc continue
  4.         quietly count if !missing(`y') & !missing(trust_pca1_z)
  5.         if r(N)==0 continue
  6.         di as txt "[RAW] `y' on trust_pca1_z + trust_pca1_z^2 (robust)"
  7.         regress `y' c.trust_pca1_z c.trust_pca1_z#c.trust_pca1_z if !missing(`y') & !
> missing(trust_pca1_z), vce(robust)
  8.     }
[RAW] resp_lab_inc on trust_pca1_z + trust_pca1_z^2 (robust)

Linear regression                               Number of obs     =        970
                                                F(2, 967)         =       4.55
                                                Prob > F          =     0.0108
                                                R-squared         =     0.0056
                                                Root MSE          =      63303

---------------------------------------------------------------------------------
                |               Robust
   resp_lab_inc | Coefficient  std. err.      t    P>|t|     [95% conf. interval]
----------------+----------------------------------------------------------------
   trust_pca1_z |   2049.692   1599.467     1.28   0.200    -1089.135    5188.519
                |
 c.trust_pca1_z#|
 c.trust_pca1_z |  -2572.729   1078.947    -2.38   0.017    -4690.077   -455.3813
                |
          _cons |   41714.75   2563.632    16.27   0.000     36683.83    46745.67
---------------------------------------------------------------------------------
[RAW] resp_tot_inc on trust_pca1_z + trust_pca1_z^2 (robust)

Linear regression                               Number of obs     =        970
                                                F(2, 967)         =       2.34
                                                Prob > F          =     0.0965
                                                R-squared         =     0.0047
                                                Root MSE          =      99746

---------------------------------------------------------------------------------
                |               Robust
   resp_tot_inc | Coefficient  std. err.      t    P>|t|     [95% conf. interval]
----------------+----------------------------------------------------------------
   trust_pca1_z |   2833.832   2525.139     1.12   0.262    -2121.552    7789.216
                |
 c.trust_pca1_z#|
 c.trust_pca1_z |  -3767.673   2026.237    -1.86   0.063    -7744.001    208.6555
                |
          _cons |   61237.06   4111.875    14.89   0.000     53167.83    69306.29
---------------------------------------------------------------------------------
[RAW] ln_resp_lab_inc on trust_pca1_z + trust_pca1_z^2 (robust)

Linear regression                               Number of obs     =        892
                                                F(2, 889)         =       5.37
                                                Prob > F          =     0.0048
                                                R-squared         =     0.0216
                                                Root MSE          =     1.0047

---------------------------------------------------------------------------------
                |               Robust
ln_resp_lab_inc | Coefficient  std. err.      t    P>|t|     [95% conf. interval]
----------------+----------------------------------------------------------------
   trust_pca1_z |   .0403917   .0371456     1.09   0.277    -.0325116     .113295
                |
 c.trust_pca1_z#|
 c.trust_pca1_z |   -.097284   .0303758    -3.20   0.001    -.1569005   -.0376674
                |
          _cons |   10.23992   .0415374   246.52   0.000     10.15839    10.32144
---------------------------------------------------------------------------------
[RAW] ln_resp_tot_inc on trust_pca1_z + trust_pca1_z^2 (robust)

Linear regression                               Number of obs     =        938
                                                F(2, 935)         =       5.05
                                                Prob > F          =     0.0066
                                                R-squared         =     0.0151
                                                Root MSE          =     1.2183

---------------------------------------------------------------------------------
                |               Robust
ln_resp_tot_inc | Coefficient  std. err.      t    P>|t|     [95% conf. interval]
----------------+----------------------------------------------------------------
   trust_pca1_z |   .0300027   .0413396     0.73   0.468    -.0511265    .1111319
                |
 c.trust_pca1_z#|
 c.trust_pca1_z |  -.1020455   .0324608    -3.14   0.002      -.16575   -.0383409
                |
          _cons |    10.4394    .049385   211.39   0.000     10.34248    10.53632
---------------------------------------------------------------------------------
. 
.     di as txt "=== REGRESSIONS: INCOME on trust_pca1_z (+ controls) ==="
=== REGRESSIONS: INCOME on trust_pca1_z (+ controls) ===
.     foreach y of local inc_vars {
  2.         capture confirm variable `y'
  3.         if _rc continue
  4.         quietly count if !missing(`y') & !missing(trust_pca1_z)
  5.         if r(N)==0 continue
  6.         di as txt "[RAW+C] `y' on trust_pca1_z + trust_pca1_z^2 with controls (robust
> )"
  7.         regress `y' c.trust_pca1_z c.trust_pca1_z#c.trust_pca1_z `ctrl_in' if !missin
> g(`y') & !missing(trust_pca1_z), vce(robust)
  8.     }
[RAW+C] resp_lab_inc on trust_pca1_z + trust_pca1_z^2 with controls (robust)

Linear regression                               Number of obs     =        959
                                                F(7, 951)         =      13.88
                                                Prob > F          =     0.0000
                                                R-squared         =     0.1139
                                                Root MSE          =      60109

---------------------------------------------------------------------------------
                |               Robust
   resp_lab_inc | Coefficient  std. err.      t    P>|t|     [95% conf. interval]
----------------+----------------------------------------------------------------
   trust_pca1_z |   1953.187   1512.535     1.29   0.197    -1015.105    4921.479
                |
 c.trust_pca1_z#|
 c.trust_pca1_z |  -284.7258    908.547    -0.31   0.754    -2067.714    1498.263
                |
      r15agey_b |   109.4759   224.1867     0.49   0.625    -330.4819    549.4336
        raedyrs |   4155.983   596.6099     6.97   0.000     2985.159    5326.807
      r15inlbrf |   28171.18   3609.841     7.80   0.000     21087.01    35255.35
   married_2020 |   5325.146   3974.905     1.34   0.181    -2475.452    13125.74
        born_us |   6038.875   3556.059     1.70   0.090     -939.754     13017.5
          _cons |  -43313.29   16309.35    -2.66   0.008    -75319.76   -11306.82
---------------------------------------------------------------------------------
[RAW+C] resp_tot_inc on trust_pca1_z + trust_pca1_z^2 with controls (robust)

Linear regression                               Number of obs     =        959
                                                F(7, 951)         =      19.48
                                                Prob > F          =     0.0000
                                                R-squared         =     0.1170
                                                Root MSE          =      94349

---------------------------------------------------------------------------------
                |               Robust
   resp_tot_inc | Coefficient  std. err.      t    P>|t|     [95% conf. interval]
----------------+----------------------------------------------------------------
   trust_pca1_z |   2259.046   2410.858     0.94   0.349    -2472.171    6990.263
                |
 c.trust_pca1_z#|
 c.trust_pca1_z |   145.2908   1769.143     0.08   0.935    -3326.584    3617.166
                |
      r15agey_b |   219.3389   322.2936     0.68   0.496    -413.1499    851.8277
        raedyrs |   7071.813   934.9427     7.56   0.000     5237.023    8906.602
      r15inlbrf |   38423.02   5453.667     7.05   0.000     27720.41    49125.63
   married_2020 |   21722.58   5592.651     3.88   0.000     10747.21    32697.94
        born_us |   4647.443   6151.572     0.76   0.450    -7424.781    16719.67
          _cons |   -84218.3   26433.36    -3.19   0.001    -136092.7   -32343.85
---------------------------------------------------------------------------------
[RAW+C] ln_resp_lab_inc on trust_pca1_z + trust_pca1_z^2 with controls (robust)

Linear regression                               Number of obs     =        883
                                                F(7, 875)         =      32.83
                                                Prob > F          =     0.0000
                                                R-squared         =     0.2114
                                                Root MSE          =     .90597

---------------------------------------------------------------------------------
                |               Robust
ln_resp_lab_inc | Coefficient  std. err.      t    P>|t|     [95% conf. interval]
----------------+----------------------------------------------------------------
   trust_pca1_z |   .0495283   .0342554     1.45   0.149     -.017704    .1167607
                |
 c.trust_pca1_z#|
 c.trust_pca1_z |  -.0501853   .0257576    -1.95   0.052    -.1007392    .0003685
                |
      r15agey_b |   .0035975   .0037081     0.97   0.332    -.0036804    .0108754
        raedyrs |   .0826476   .0108465     7.62   0.000     .0613593    .1039359
      r15inlbrf |   .6097897   .0722854     8.44   0.000     .4679168    .7516627
   married_2020 |   .1117712   .0620824     1.80   0.072    -.0100766    .2336191
        born_us |   .2273642   .1075616     2.11   0.035     .0162554    .4384731
          _cons |   8.326362   .2898308    28.73   0.000     7.757517    8.895207
---------------------------------------------------------------------------------
[RAW+C] ln_resp_tot_inc on trust_pca1_z + trust_pca1_z^2 with controls (robust)

Linear regression                               Number of obs     =        928
                                                F(7, 920)         =      44.83
                                                Prob > F          =     0.0000
                                                R-squared         =     0.2206
                                                Root MSE          =     1.0832

---------------------------------------------------------------------------------
                |               Robust
ln_resp_tot_inc | Coefficient  std. err.      t    P>|t|     [95% conf. interval]
----------------+----------------------------------------------------------------
   trust_pca1_z |    .019477   .0357664     0.54   0.586    -.0507162    .0896703
                |
 c.trust_pca1_z#|
 c.trust_pca1_z |  -.0488135   .0261112    -1.87   0.062    -.1000579    .0024309
                |
      r15agey_b |    .014442   .0053429     2.70   0.007     .0039563    .0249276
        raedyrs |   .1004767   .0123258     8.15   0.000     .0762868    .1246666
      r15inlbrf |   .8218906   .0893443     9.20   0.000     .6465484    .9972329
   married_2020 |   .2625126   .0698053     3.76   0.000     .1255165    .3995087
        born_us |   .1990943   .1253456     1.59   0.113    -.0469021    .4450907
          _cons |   7.401996   .4079055    18.15   0.000     6.601463    8.202529
---------------------------------------------------------------------------------
. }

. else {
.     di as error "PCA failed; trust PCA regressions skipped."
. }

. 
. di as txt "All regressions completed. Review coefficients, SEs, R2, and N above."
All regressions completed. Review coefficients, SEs, R2, and N above.

. 
. log close
      name:  <unnamed>
       log:  /Volumes/SSD PRO/Github-forks/Chp2-BeliefsandTrust/Code/Data/HRS_Long/randhrs
> 1992_2022v1_STATA/reg_inc_trust_2020.log
  log type:  text
 closed on:   2 Oct 2025, 13:36:13
------------------------------------------------------------------------------------------
