-----------------------------------------------------------------------------
      name:  <unnamed>
       log:  /Volumes/SSD PRO/Github-forks/Chp2-BeliefsandTrust/Code/Data/HRS
> _Long/randhrs1992_2022v1_STATA/reg_inc_trust_2020.log
  log type:  text
 opened on:  20 Oct 2025, 15:49:23

. 
. set more off

. 
. * Ensure estout is available for table export
. capture which esttab

. if _rc {
.         ssc install estout, replace
. }

. 
. * Master dataset with all computed variables
. local master "/Volumes/SSD PRO/Github-forks/Chp2-BeliefsandTrust/Code/Data/
> HRS_Long/randhrs1992_2022v1_STATA/_randhrs1992_2022v1_analysis.dta"

. capture confirm file "`master'"

. if _rc {
.     di as error "ERROR: master file not found -> `master'"
.     exit 198
. }

. use "`master'", clear

. di as txt "Using master file: `master'"
Using master file: /Volumes/SSD PRO/Github-forks/Chp2-BeliefsandTrust/Code/Da
> ta/HRS_Long/randhrs1992_2022v1_STATA/_randhrs1992_2022v1_analysis.dta

. 
. di as txt ""


. * Trust variables (2020)
. local trust_vars "rv557 rv558 rv559 rv560 rv561 rv562 rv563 rv564"

. 
. * Income variables: log versions only
. local inc_raw "resp_lab_inc resp_tot_inc"

. 
. di as txt "=== Creating log versions of income variables ==="
=== Creating log versions of income variables ===

. foreach v of local inc_raw {
  2.     capture confirm variable `v'
  3.     if !_rc {
  4.         local lnname = substr("ln_`v'", 1, .)
  5.         capture drop ln_`v'
  6.         gen double ln_`v' = ln(`v') if `v' > 0
  7.         label var ln_`v' "log(`v')"
  8.     }
  9. }
(4,705 missing values generated)
(4,147 missing values generated)

. 
. * Define income variables (log only)
. local inc_vars "ln_resp_lab_inc ln_resp_tot_inc"

. 
. * Quick overlap diagnostics for sample sizes
. quietly count

. local N_all = r(N)

. 
. di as txt "=== Quick overlap check: ln_resp_lab_inc and rv557 ==="
=== Quick overlap check: ln_resp_lab_inc and rv557 ===

. quietly count if !missing(ln_resp_lab_inc)

. di as txt "  Non-missing ln_resp_lab_inc: " r(N) " of " `N_all'
  Non-missing ln_resp_lab_inc: 11151 of 15856

. quietly count if !missing(rv557)

. di as txt "  Non-missing rv557:        " r(N) " of " `N_all'
  Non-missing rv557:        1059 of 15856

. quietly count if !missing(ln_resp_lab_inc) & !missing(rv557)

. di as txt "  Non-missing both:         " r(N) " of " `N_all'
  Non-missing both:         972 of 15856

. 
. di as txt ""


. 
. * Controls: age, education, employment, marital status, immigration
. local ctrl_vars "r15agey_b raedyrs r15inlbrf married_2020 born_us"

. 
. di as txt "Controls to include (if present):"
Controls to include (if present):

. di as txt "  `ctrl_vars'"
  r15agey_b raedyrs r15inlbrf married_2020 born_us

. 
. * Check which controls are actually present
. local ctrl_in ""

. local age_quad ""

. foreach c of local ctrl_vars {
  2.     capture confirm variable `c'
  3.     if !_rc {
  4.         if "`c'" == "r15agey_b" {
  5.             local age_quad "c.r15agey_b c.r15agey_b#c.r15agey_b"
  6.         }
  7.         else {
  8.             local ctrl_in "`ctrl_in' `c'"
  9.         }
 10.     }
 11. }

. 
. di as txt "Controls actually included: `ctrl_in' with age quad if available
> "
Controls actually included:  raedyrs r15inlbrf married_2020 born_us with age 
> quad if available

. 
. di as txt ""


. * ----------------------------------------------------------------------
. * Collect and export: one LaTeX table per trust variable (8 columns: 4 raw 
> + 4 +controls)
. * ----------------------------------------------------------------------
. foreach t of local trust_vars {
  2.     capture confirm variable `t'
  3.     if _rc {
  4.         di as warn "Skipping trust var (not found): `t'"
  5.         continue
  6.     }
  7. 
.     eststo clear
  8.     local models_raw ""
  9.     local models_ctl ""
 10. 
.     * Raw (no controls)
.     foreach y of local inc_vars {
 11.         capture confirm variable `y'
 12.         if _rc continue
 13.         quietly count if !missing(`y') & !missing(`t')
 14.         if r(N)==0 continue
 15.         local mname = "`t'_raw_`y'"
 16.         eststo `mname': regress `y' c.`t' c.`t'#c.`t' if !missing(`y') &
>  !missing(`t'), vce(robust)
 17.         local models_raw "`models_raw' `mname'"
 18.     }
 19. 
.     * With controls
.     foreach y of local inc_vars {
 20.         capture confirm variable `y'
 21.         if _rc continue
 22.         quietly count if !missing(`y') & !missing(`t')
 23.         if r(N)==0 continue
 24.         local mname = "`t'_ctl_`y'"
 25.         eststo `mname': regress `y' c.`t' c.`t'#c.`t' `age_quad' `ctrl_i
> n' if !missing(`y') & !missing(`t'), vce(robust)
 26.         local models_ctl "`models_ctl' `mname'"
 27.     }
 28. 
.     * Export table for this trust variable -> Paper/Tables
.     local tables "/Volumes/SSD PRO/Github-forks/Chp2-BeliefsandTrust/Paper/
> Tables"
 29.     local outfile "`tables'/trust_income_`t'.tex"
 30.     di as txt "Exporting LaTeX table: `outfile'"
 31.     if "`models_raw'`models_ctl'" != "" {
 32.         * Short, human column titles for 4 models (log income only)
.         local mt "log Lab" "log Tot" "log Lab" "log Tot"
 33.         
.         * Short row names (LaTeX-safe)
.         local vlab `t'         "Trust"
 34.         local vlab2 c.`t'#c.`t' "Trust\$^{2}\$"
 35.         local vlab3 r15agey_b    "Age"
 36.         local vlab4 c.r15agey_b#c.r15agey_b "Age\$^{2}\$"
 37.         local vlab5 raedyrs      "Years of education"
 38.         local vlab6 r15inlbrf    "In labor force"
 39.         local vlab7 married_2020 "Married"
 40.         local vlab8 born_us      "Born in U.S."
 41.         
.         esttab `models_raw' `models_ctl' using "`outfile'", replace ///
>             booktabs se star(* 0.10 ** 0.05 *** 0.01) ///
>             compress b(%9.3f) se(%9.3f) ///
>             mtitles("log Lab" "log Tot" "log Lab" "log Tot") ///
>             posthead("& \multicolumn{2}{c}{No controls} & \multicolumn{2}{c
> }{With controls} \\\\ \cmidrule(lr){2-3}\cmidrule(lr){4-5}") ///
>             varlabels(`vlab' `vlab2' `vlab3' `vlab4' `vlab5' `vlab6' `vlab7
> ' `vlab8') ///
>             stats(N r2_a, labels("Observations" "Adj. R-squared")) ///
>             title("Log Income (2020) on Trust `t'") ///
>             addnote("Robust SEs in parentheses; Age entered quadratically w
> hen available." "Controls (when included): raedyrs, in labor force, married
> , born in U.S.")
 42.     }
 43.     else {
 44.         di as warn "No models estimated for trust var `t'; skipping expo
> rt."
 45.     }
 46. }

Linear regression                               Number of obs     =        97
> 2
                                                F(2, 969)         =      14.2
> 9
                                                Prob > F          =     0.000
> 0
                                                R-squared         =     0.039
> 7
                                                Root MSE          =     1.029
> 7

-----------------------------------------------------------------------------
> -
             |               Robust
ln_resp_la~c | Coefficient  std. err.      t    P>|t|     [95% conf. interval
> ]
-------------+---------------------------------------------------------------
> -
       rv557 |    .281747   .0529641     5.32   0.000     .1778095    .385684
> 5
             |
     c.rv557#|
     c.rv557 |   -.022206   .0044415    -5.00   0.000    -.0309221   -.013489
> 8
             |
       _cons |   9.347961   .1535787    60.87   0.000     9.046576    9.64934
> 6
-----------------------------------------------------------------------------
> -

Linear regression                               Number of obs     =      1,02
> 3
                                                F(2, 1020)        =      16.1
> 2
                                                Prob > F          =     0.000
> 0
                                                R-squared         =     0.035
> 5
                                                Root MSE          =     1.223
> 6

-----------------------------------------------------------------------------
> -
             |               Robust
ln_resp_to~c | Coefficient  std. err.      t    P>|t|     [95% conf. interval
> ]
-------------+---------------------------------------------------------------
> -
       rv557 |   .3180437   .0566552     5.61   0.000     .2068698    .429217
> 7
             |
     c.rv557#|
     c.rv557 |  -.0247226   .0047738    -5.18   0.000    -.0340901    -.01535
> 5
             |
       _cons |   9.446706   .1636514    57.72   0.000     9.125574    9.76783
> 7
-----------------------------------------------------------------------------
> -

Linear regression                               Number of obs     =        96
> 3
                                                F(8, 954)         =      30.4
> 5
                                                Prob > F          =     0.000
> 0
                                                R-squared         =     0.199
> 8
                                                Root MSE          =     .9443
> 6

-----------------------------------------------------------------------------
> -
             |               Robust
ln_resp_la~c | Coefficient  std. err.      t    P>|t|     [95% conf. interval
> ]
-------------+---------------------------------------------------------------
> -
       rv557 |   .1528961   .0530285     2.88   0.004     .0488301    .256962
> 1
             |
     c.rv557#|
     c.rv557 |  -.0127182   .0043778    -2.91   0.004    -.0213094   -.004127
> 1
             |
   r15agey_b |   .0480086   .0450241     1.07   0.287    -.0403491    .136366
> 2
             |
 c.r15agey_b#|
 c.r15agey_b |  -.0003043   .0003142    -0.97   0.333    -.0009208    .000312
> 3
             |
     raedyrs |   .0727898   .0105427     6.90   0.000     .0521002    .093479
> 4
   r15inlbrf |   .6668718   .0818359     8.15   0.000     .5062727    .827470
> 9
married_2020 |   .0979165   .0613192     1.60   0.111    -.0224197    .218252
> 6
     born_us |    .167551   .0987953     1.70   0.090    -.0263302    .361432
> 2
       _cons |   6.453031   1.555188     4.15   0.000     3.401046    9.50501
> 7
-----------------------------------------------------------------------------
> -

Linear regression                               Number of obs     =      1,01
> 3
                                                F(8, 1004)        =      44.1
> 1
                                                Prob > F          =     0.000
> 0
                                                R-squared         =     0.227
> 5
                                                Root MSE          =     1.095
> 3

-----------------------------------------------------------------------------
> -
             |               Robust
ln_resp_to~c | Coefficient  std. err.      t    P>|t|     [95% conf. interval
> ]
-------------+---------------------------------------------------------------
> -
       rv557 |   .1333292   .0525729     2.54   0.011     .0301639    .236494
> 6
             |
     c.rv557#|
     c.rv557 |  -.0114587   .0044266    -2.59   0.010    -.0201452   -.002772
> 3
             |
   r15agey_b |   .1225785   .0519739     2.36   0.019     .0205886    .224568
> 3
             |
 c.r15agey_b#|
 c.r15agey_b |  -.0007745    .000362    -2.14   0.033    -.0014848   -.000064
> 1
             |
     raedyrs |   .0978232   .0116524     8.40   0.000     .0749573    .120689
> 2
   r15inlbrf |   .8492836   .0894852     9.49   0.000     .6736841    1.02488
> 3
married_2020 |   .2434891   .0663196     3.67   0.000     .1133483      .3736
> 3
     born_us |   .1390689   .1145962     1.21   0.225    -.0858066    .363944
> 4
       _cons |   3.422225   1.814951     1.89   0.060    -.1393076    6.98375
> 8
-----------------------------------------------------------------------------
> -
Exporting LaTeX table: /Volumes/SSD PRO/Github-forks/Chp2-BeliefsandTrust/Pap
> er/Tables/trust_income_rv557.tex
(output written to /Volumes/SSD PRO/Github-forks/Chp2-BeliefsandTrust/Paper/T
> ables/trust_income_rv557.tex)

Linear regression                               Number of obs     =        96
> 6
                                                F(2, 963)         =      10.0
> 4
                                                Prob > F          =     0.000
> 0
                                                R-squared         =     0.018
> 2
                                                Root MSE          =      1.03
> 6

-----------------------------------------------------------------------------
> -
             |               Robust
ln_resp_la~c | Coefficient  std. err.      t    P>|t|     [95% conf. interval
> ]
-------------+---------------------------------------------------------------
> -
       rv558 |   .1632611   .0533849     3.06   0.002     .0584969    .268025
> 3
             |
     c.rv558#|
     c.rv558 |  -.0158024    .004197    -3.77   0.000    -.0240387    -.00756
> 6
             |
       _cons |   9.824228   .1626641    60.40   0.000     9.505011    10.1434
> 5
-----------------------------------------------------------------------------
> -

Linear regression                               Number of obs     =      1,01
> 6
                                                F(2, 1013)        =      17.2
> 8
                                                Prob > F          =     0.000
> 0
                                                R-squared         =     0.030
> 4
                                                Root MSE          =     1.226
> 8

-----------------------------------------------------------------------------
> -
             |               Robust
ln_resp_to~c | Coefficient  std. err.      t    P>|t|     [95% conf. interval
> ]
-------------+---------------------------------------------------------------
> -
       rv558 |   .2531965   .0658711     3.84   0.000      .123937    .382455
> 9
             |
     c.rv558#|
     c.rv558 |  -.0244622   .0050941    -4.80   0.000    -.0344583   -.014466
> 1
             |
       _cons |   9.872472   .2062024    47.88   0.000      9.46784    10.2771
> 1
-----------------------------------------------------------------------------
> -

Linear regression                               Number of obs     =        95
> 7
                                                F(8, 948)         =      30.3
> 8
                                                Prob > F          =     0.000
> 0
                                                R-squared         =     0.193
> 6
                                                Root MSE          =     .9433
> 9

-----------------------------------------------------------------------------
> -
             |               Robust
ln_resp_la~c | Coefficient  std. err.      t    P>|t|     [95% conf. interval
> ]
-------------+---------------------------------------------------------------
> -
       rv558 |   .0818416   .0494782     1.65   0.098    -.0152579    .178941
> 1
             |
     c.rv558#|
     c.rv558 |  -.0066182   .0039133    -1.69   0.091    -.0142979    .001061
> 4
             |
   r15agey_b |   .0517928    .044444     1.17   0.244    -.0354271    .139012
> 8
             |
 c.r15agey_b#|
 c.r15agey_b |  -.0003262   .0003102    -1.05   0.293    -.0009349    .000282
> 6
             |
     raedyrs |   .0776888   .0103075     7.54   0.000     .0574607    .097916
> 9
   r15inlbrf |   .6761502   .0834031     8.11   0.000     .5124742    .839826
> 1
married_2020 |   .1066621   .0616422     1.73   0.084    -.0143089     .22763
> 3
     born_us |   .1761245   .1011621     1.74   0.082     -.022403    .374652
> 1
       _cons |   6.394355    1.53238     4.17   0.000     3.387107    9.40160
> 3
-----------------------------------------------------------------------------
> -

Linear regression                               Number of obs     =      1,00
> 6
                                                F(8, 997)         =      43.9
> 4
                                                Prob > F          =     0.000
> 0
                                                R-squared         =     0.229
> 0
                                                Root MSE          =     1.094
> 2

-----------------------------------------------------------------------------
> -
             |               Robust
ln_resp_to~c | Coefficient  std. err.      t    P>|t|     [95% conf. interval
> ]
-------------+---------------------------------------------------------------
> -
       rv558 |   .1435531   .0561458     2.56   0.011     .0333756    .253730
> 6
             |
     c.rv558#|
     c.rv558 |  -.0128845   .0044495    -2.90   0.004    -.0216161    -.00415
> 3
             |
   r15agey_b |   .1212582     .05084     2.39   0.017     .0214925    .221023
> 9
             |
 c.r15agey_b#|
 c.r15agey_b |  -.0007622   .0003553    -2.15   0.032    -.0014595    -.00006
> 5
             |
     raedyrs |   .0973871   .0118061     8.25   0.000     .0742195    .120554
> 8
   r15inlbrf |   .8508014   .0893588     9.52   0.000     .6754485    1.02615
> 4
married_2020 |   .2465582   .0687863     3.58   0.000     .1115757    .381540
> 6
     born_us |   .1424012   .1132679     1.26   0.209    -.0798696    .364671
> 9
       _cons |   3.465435    1.80557     1.92   0.055    -.0777177    7.00858
> 8
-----------------------------------------------------------------------------
> -
Exporting LaTeX table: /Volumes/SSD PRO/Github-forks/Chp2-BeliefsandTrust/Pap
> er/Tables/trust_income_rv558.tex
(output written to /Volumes/SSD PRO/Github-forks/Chp2-BeliefsandTrust/Paper/T
> ables/trust_income_rv558.tex)

Linear regression                               Number of obs     =        96
> 4
                                                F(2, 961)         =      12.9
> 3
                                                Prob > F          =     0.000
> 0
                                                R-squared         =     0.022
> 7
                                                Root MSE          =     1.035
> 9

-----------------------------------------------------------------------------
> -
             |               Robust
ln_resp_la~c | Coefficient  std. err.      t    P>|t|     [95% conf. interval
> ]
-------------+---------------------------------------------------------------
> -
       rv559 |   .1323551   .0496653     2.66   0.008     .0348901    .229820
> 2
             |
     c.rv559#|
     c.rv559 |  -.0147771   .0039879    -3.71   0.000    -.0226031    -.00695
> 1
             |
       _cons |   9.963537   .1492907    66.74   0.000     9.670564    10.2565
> 1
-----------------------------------------------------------------------------
> -

Linear regression                               Number of obs     =      1,01
> 4
                                                F(2, 1011)        =      17.8
> 2
                                                Prob > F          =     0.000
> 0
                                                R-squared         =     0.029
> 3
                                                Root MSE          =      1.22
> 2

-----------------------------------------------------------------------------
> -
             |               Robust
ln_resp_to~c | Coefficient  std. err.      t    P>|t|     [95% conf. interval
> ]
-------------+---------------------------------------------------------------
> -
       rv559 |   .1983101    .058763     3.37   0.001     .0829987    .313621
> 5
             |
     c.rv559#|
     c.rv559 |  -.0212411   .0046402    -4.58   0.000    -.0303468   -.012135
> 5
             |
       _cons |   10.05455   .1831848    54.89   0.000     9.695085    10.4140
> 2
-----------------------------------------------------------------------------
> -

Linear regression                               Number of obs     =        95
> 5
                                                F(8, 946)         =      30.5
> 5
                                                Prob > F          =     0.000
> 0
                                                R-squared         =     0.192
> 2
                                                Root MSE          =     .9462
> 7

-----------------------------------------------------------------------------
> -
             |               Robust
ln_resp_la~c | Coefficient  std. err.      t    P>|t|     [95% conf. interval
> ]
-------------+---------------------------------------------------------------
> -
       rv559 |   .0507957   .0444882     1.14   0.254    -.0365114    .138102
> 7
             |
     c.rv559#|
     c.rv559 |  -.0055572   .0036764    -1.51   0.131    -.0127721    .001657
> 8
             |
   r15agey_b |   .0623719   .0432925     1.44   0.150    -.0225886    .147332
> 4
             |
 c.r15agey_b#|
 c.r15agey_b |  -.0003997   .0003027    -1.32   0.187    -.0009937    .000194
> 4
             |
     raedyrs |   .0762525   .0103223     7.39   0.000     .0559953    .096509
> 8
   r15inlbrf |   .6733712   .0828441     8.13   0.000     .5107917    .835950
> 7
married_2020 |   .1075206   .0629787     1.71   0.088    -.0160736    .231114
> 8
     born_us |   .1629545   .1023114     1.59   0.112     -.037829     .36373
> 8
       _cons |   6.196604   1.493283     4.15   0.000     3.266073    9.12713
> 5
-----------------------------------------------------------------------------
> -

Linear regression                               Number of obs     =      1,00
> 4
                                                F(8, 995)         =      45.0
> 3
                                                Prob > F          =     0.000
> 0
                                                R-squared         =     0.225
> 6
                                                Root MSE          =     1.091
> 6

-----------------------------------------------------------------------------
> -
             |               Robust
ln_resp_to~c | Coefficient  std. err.      t    P>|t|     [95% conf. interval
> ]
-------------+---------------------------------------------------------------
> -
       rv559 |   .0946863   .0505492     1.87   0.061    -.0045089    .193881
> 5
             |
     c.rv559#|
     c.rv559 |  -.0101186   .0041441    -2.44   0.015    -.0182509   -.001986
> 4
             |
   r15agey_b |   .1281507   .0509034     2.52   0.012     .0282603    .228041
> 1
             |
 c.r15agey_b#|
 c.r15agey_b |  -.0008026    .000355    -2.26   0.024    -.0014993   -.000105
> 9
             |
     raedyrs |    .096518   .0117396     8.22   0.000     .0734808    .119555
> 3
   r15inlbrf |   .8533032   .0894823     9.54   0.000     .6777075    1.02889
> 9
married_2020 |   .2264987   .0691314     3.28   0.001     .0908385    .362158
> 8
     born_us |   .1201941   .1146424     1.05   0.295    -.1047745    .345162
> 7
       _cons |   3.400872    1.79858     1.89   0.059     -.128572    6.93031
> 7
-----------------------------------------------------------------------------
> -
Exporting LaTeX table: /Volumes/SSD PRO/Github-forks/Chp2-BeliefsandTrust/Pap
> er/Tables/trust_income_rv559.tex
(output written to /Volumes/SSD PRO/Github-forks/Chp2-BeliefsandTrust/Paper/T
> ables/trust_income_rv559.tex)

Linear regression                               Number of obs     =        96
> 5
                                                F(2, 962)         =      11.2
> 8
                                                Prob > F          =     0.000
> 0
                                                R-squared         =     0.022
> 1
                                                Root MSE          =     1.040
> 3

-----------------------------------------------------------------------------
> -
             |               Robust
ln_resp_la~c | Coefficient  std. err.      t    P>|t|     [95% conf. interval
> ]
-------------+---------------------------------------------------------------
> -
       rv560 |   .1979675   .0435147     4.55   0.000     .1125729    .283362
> 2
             |
     c.rv560#|
     c.rv560 |  -.0175525   .0036959    -4.75   0.000    -.0248054   -.010299
> 6
             |
       _cons |   9.686668   .1227905    78.89   0.000       9.4457    9.92763
> 6
-----------------------------------------------------------------------------
> -

Linear regression                               Number of obs     =      1,01
> 5
                                                F(2, 1012)        =       8.4
> 5
                                                Prob > F          =     0.000
> 2
                                                R-squared         =     0.014
> 7
                                                Root MSE          =     1.237
> 8

-----------------------------------------------------------------------------
> -
             |               Robust
ln_resp_to~c | Coefficient  std. err.      t    P>|t|     [95% conf. interval
> ]
-------------+---------------------------------------------------------------
> -
       rv560 |   .1937311   .0473796     4.09   0.000     .1007576    .286704
> 6
             |
     c.rv560#|
     c.rv560 |  -.0167333    .004141    -4.04   0.000    -.0248592   -.008607
> 4
             |
       _cons |   9.890464   .1280719    77.23   0.000     9.639147    10.1417
> 8
-----------------------------------------------------------------------------
> -

Linear regression                               Number of obs     =        95
> 6
                                                F(8, 947)         =      30.6
> 8
                                                Prob > F          =     0.000
> 0
                                                R-squared         =     0.192
> 8
                                                Root MSE          =     .9497
> 2

-----------------------------------------------------------------------------
> -
             |               Robust
ln_resp_la~c | Coefficient  std. err.      t    P>|t|     [95% conf. interval
> ]
-------------+---------------------------------------------------------------
> -
       rv560 |   .0728844   .0403647     1.81   0.071    -.0063301     .15209
> 9
             |
     c.rv560#|
     c.rv560 |  -.0064267   .0034579    -1.86   0.063    -.0132127    .000359
> 3
             |
   r15agey_b |    .057253   .0432503     1.32   0.186    -.0276245    .142130
> 4
             |
 c.r15agey_b#|
 c.r15agey_b |  -.0003685   .0003022    -1.22   0.223    -.0009616    .000224
> 6
             |
     raedyrs |   .0740592   .0105111     7.05   0.000     .0534313     .09468
> 7
   r15inlbrf |   .6808686   .0824562     8.26   0.000     .5190506    .842686
> 7
married_2020 |   .1070777   .0624618     1.71   0.087    -.0155018    .229657
> 1
     born_us |   .1836745   .1016619     1.81   0.071    -.0158342    .383183
> 2
       _cons |   6.308425   1.500471     4.20   0.000     3.363793    9.25305
> 7
-----------------------------------------------------------------------------
> -

Linear regression                               Number of obs     =      1,00
> 5
                                                F(8, 996)         =      43.2
> 7
                                                Prob > F          =     0.000
> 0
                                                R-squared         =     0.221
> 8
                                                Root MSE          =     1.100
> 3

-----------------------------------------------------------------------------
> -
             |               Robust
ln_resp_to~c | Coefficient  std. err.      t    P>|t|     [95% conf. interval
> ]
-------------+---------------------------------------------------------------
> -
       rv560 |   .0292959   .0408107     0.72   0.473    -.0507889    .109380
> 6
             |
     c.rv560#|
     c.rv560 |  -.0022984   .0036401    -0.63   0.528    -.0094415    .004844
> 7
             |
   r15agey_b |   .1310353   .0518906     2.53   0.012     .0292078    .232862
> 8
             |
 c.r15agey_b#|
 c.r15agey_b |  -.0008369   .0003625    -2.31   0.021    -.0015482   -.000125
> 5
             |
     raedyrs |   .1006406   .0118656     8.48   0.000     .0773562    .123925
> 1
   r15inlbrf |   .8599798   .0907654     9.47   0.000     .6818665    1.03809
> 3
married_2020 |   .2560562   .0681746     3.76   0.000     .1222738    .389838
> 6
     born_us |   .1441997    .117538     1.23   0.220    -.0864508    .374850
> 2
       _cons |   3.325987   1.815761     1.83   0.067    -.2371696    6.88914
> 3
-----------------------------------------------------------------------------
> -
Exporting LaTeX table: /Volumes/SSD PRO/Github-forks/Chp2-BeliefsandTrust/Pap
> er/Tables/trust_income_rv560.tex
(output written to /Volumes/SSD PRO/Github-forks/Chp2-BeliefsandTrust/Paper/T
> ables/trust_income_rv560.tex)

Linear regression                               Number of obs     =        94
> 8
                                                F(2, 945)         =      16.6
> 7
                                                Prob > F          =     0.000
> 0
                                                R-squared         =     0.030
> 6
                                                Root MSE          =      1.00
> 9

-----------------------------------------------------------------------------
> -
             |               Robust
ln_resp_la~c | Coefficient  std. err.      t    P>|t|     [95% conf. interval
> ]
-------------+---------------------------------------------------------------
> -
       rv561 |   .1903667   .0334814     5.69   0.000     .1246602    .256073
> 1
             |
     c.rv561#|
     c.rv561 |   -.017034   .0033613    -5.07   0.000    -.0236304   -.010437
> 5
             |
       _cons |   9.745654   .0762152   127.87   0.000     9.596083    9.89522
> 4
-----------------------------------------------------------------------------
> -

Linear regression                               Number of obs     =        99
> 7
                                                F(2, 994)         =      15.3
> 0
                                                Prob > F          =     0.000
> 0
                                                R-squared         =     0.023
> 5
                                                Root MSE          =     1.211
> 1

-----------------------------------------------------------------------------
> -
             |               Robust
ln_resp_to~c | Coefficient  std. err.      t    P>|t|     [95% conf. interval
> ]
-------------+---------------------------------------------------------------
> -
       rv561 |    .195606   .0381819     5.12   0.000     .1206797    .270532
> 4
             |
     c.rv561#|
     c.rv561 |  -.0167582   .0039626    -4.23   0.000    -.0245343   -.008982
> 1
             |
       _cons |   9.928663   .0801584   123.86   0.000     9.771363    10.0859
> 6
-----------------------------------------------------------------------------
> -

Linear regression                               Number of obs     =        93
> 9
                                                F(8, 930)         =      30.4
> 8
                                                Prob > F          =     0.000
> 0
                                                R-squared         =     0.199
> 4
                                                Root MSE          =     .9212
> 6

-----------------------------------------------------------------------------
> -
             |               Robust
ln_resp_la~c | Coefficient  std. err.      t    P>|t|     [95% conf. interval
> ]
-------------+---------------------------------------------------------------
> -
       rv561 |   .0813285   .0329199     2.47   0.014     .0167227    .145934
> 4
             |
     c.rv561#|
     c.rv561 |  -.0070568   .0032073    -2.20   0.028    -.0133512   -.000762
> 5
             |
   r15agey_b |   .0333166   .0358559     0.93   0.353    -.0370513    .103684
> 6
             |
 c.r15agey_b#|
 c.r15agey_b |  -.0002133   .0002581    -0.83   0.409    -.0007199    .000293
> 2
             |
     raedyrs |   .0754348    .010499     7.18   0.000     .0548303    .096039
> 2
   r15inlbrf |   .6175882   .0719174     8.59   0.000     .4764491    .758727
> 3
married_2020 |   .1170537   .0628603     1.86   0.063    -.0063109    .240418
> 2
     born_us |   .2140955   .1027015     2.08   0.037      .012542    .415649
> 1
       _cons |   7.180262    1.22845     5.84   0.000     4.769405    9.59111
> 8
-----------------------------------------------------------------------------
> -

Linear regression                               Number of obs     =        98
> 7
                                                F(8, 978)         =      44.4
> 4
                                                Prob > F          =     0.000
> 0
                                                R-squared         =     0.225
> 3
                                                Root MSE          =     1.078
> 7

-----------------------------------------------------------------------------
> -
             |               Robust
ln_resp_to~c | Coefficient  std. err.      t    P>|t|     [95% conf. interval
> ]
-------------+---------------------------------------------------------------
> -
       rv561 |   .0678896    .035599     1.91   0.057    -.0019696    .137748
> 8
             |
     c.rv561#|
     c.rv561 |  -.0055531   .0036573    -1.52   0.129    -.0127301    .001623
> 9
             |
   r15agey_b |   .1088453   .0479042     2.27   0.023     .0148383    .202852
> 2
             |
 c.r15agey_b#|
 c.r15agey_b |  -.0006947   .0003372    -2.06   0.040    -.0013565    -.00003
> 3
             |
     raedyrs |   .1004203   .0119106     8.43   0.000      .077047    .123793
> 6
   r15inlbrf |   .8007456   .0863775     9.27   0.000      .631239    .970252
> 2
married_2020 |   .2546638   .0681354     3.74   0.000     .1209554    .388372
> 1
     born_us |    .186483   .1186779     1.57   0.116    -.0464096    .419375
> 6
       _cons |    4.09151   1.679633     2.44   0.015     .7954117    7.38760
> 9
-----------------------------------------------------------------------------
> -
Exporting LaTeX table: /Volumes/SSD PRO/Github-forks/Chp2-BeliefsandTrust/Pap
> er/Tables/trust_income_rv561.tex
(output written to /Volumes/SSD PRO/Github-forks/Chp2-BeliefsandTrust/Paper/T
> ables/trust_income_rv561.tex)

Linear regression                               Number of obs     =        92
> 1
                                                F(2, 918)         =      22.0
> 4
                                                Prob > F          =     0.000
> 0
                                                R-squared         =     0.041
> 6
                                                Root MSE          =     1.030
> 1

-----------------------------------------------------------------------------
> -
             |               Robust
ln_resp_la~c | Coefficient  std. err.      t    P>|t|     [95% conf. interval
> ]
-------------+---------------------------------------------------------------
> -
       rv562 |   .2038636   .0346125     5.89   0.000     .1359348    .271792
> 4
             |
     c.rv562#|
     c.rv562 |  -.0164206   .0036027    -4.56   0.000    -.0234911   -.009350
> 2
             |
       _cons |   9.657798   .0767602   125.82   0.000     9.507152    9.80844
> 4
-----------------------------------------------------------------------------
> -

Linear regression                               Number of obs     =        96
> 8
                                                F(2, 965)         =      20.6
> 5
                                                Prob > F          =     0.000
> 0
                                                R-squared         =     0.033
> 4
                                                Root MSE          =     1.229
> 6

-----------------------------------------------------------------------------
> -
             |               Robust
ln_resp_to~c | Coefficient  std. err.      t    P>|t|     [95% conf. interval
> ]
-------------+---------------------------------------------------------------
> -
       rv562 |   .2136364   .0390534     5.47   0.000      .136997    .290275
> 7
             |
     c.rv562#|
     c.rv562 |  -.0168022   .0040599    -4.14   0.000    -.0247695   -.008834
> 9
             |
       _cons |   9.829458   .0806072   121.94   0.000     9.671273    9.98764
> 4
-----------------------------------------------------------------------------
> -

Linear regression                               Number of obs     =        91
> 2
                                                F(8, 903)         =      32.1
> 6
                                                Prob > F          =     0.000
> 0
                                                R-squared         =     0.208
> 1
                                                Root MSE          =     .9410
> 2

-----------------------------------------------------------------------------
> -
             |               Robust
ln_resp_la~c | Coefficient  std. err.      t    P>|t|     [95% conf. interval
> ]
-------------+---------------------------------------------------------------
> -
       rv562 |   .0736996   .0333253     2.21   0.027     .0082956    .139103
> 6
             |
     c.rv562#|
     c.rv562 |  -.0045434   .0033994    -1.34   0.182     -.011215    .002128
> 1
             |
   r15agey_b |   .0652894   .0444289     1.47   0.142    -.0219066    .152485
> 4
             |
 c.r15agey_b#|
 c.r15agey_b |  -.0004363   .0003105    -1.41   0.160    -.0010456     .00017
> 3
             |
     raedyrs |   .0766686   .0108503     7.07   0.000     .0553739    .097963
> 3
   r15inlbrf |   .6611756   .0848982     7.79   0.000     .4945549    .827796
> 2
married_2020 |    .085129   .0645427     1.32   0.188    -.0415421    .211800
> 1
     born_us |   .2240567   .1066732     2.10   0.036     .0147004    .433412
> 9
       _cons |   5.984839   1.547868     3.87   0.000     2.947002    9.02267
> 6
-----------------------------------------------------------------------------
> -

Linear regression                               Number of obs     =        95
> 8
                                                F(8, 949)         =      44.8
> 4
                                                Prob > F          =     0.000
> 0
                                                R-squared         =     0.231
> 6
                                                Root MSE          =     1.096
> 6

-----------------------------------------------------------------------------
> -
             |               Robust
ln_resp_to~c | Coefficient  std. err.      t    P>|t|     [95% conf. interval
> ]
-------------+---------------------------------------------------------------
> -
       rv562 |   .0547448   .0358171     1.53   0.127     -.015545    .125034
> 7
             |
     c.rv562#|
     c.rv562 |  -.0029225   .0036477    -0.80   0.423    -.0100811     .00423
> 6
             |
   r15agey_b |   .1488994   .0520846     2.86   0.004     .0466851    .251113
> 6
             |
 c.r15agey_b#|
 c.r15agey_b |    -.00098   .0003619    -2.71   0.007    -.0016903   -.000269
> 8
             |
     raedyrs |   .0992533   .0122891     8.08   0.000     .0751363    .123370
> 2
   r15inlbrf |   .8467469   .0950423     8.91   0.000     .6602296    1.03326
> 4
married_2020 |   .2394153   .0699624     3.42   0.001     .1021164    .376714
> 1
     born_us |   .1911287   .1233547     1.55   0.122    -.0509508    .433208
> 2
       _cons |   2.681094   1.835922     1.46   0.145    -.9218412    6.28402
> 9
-----------------------------------------------------------------------------
> -
Exporting LaTeX table: /Volumes/SSD PRO/Github-forks/Chp2-BeliefsandTrust/Pap
> er/Tables/trust_income_rv562.tex
(output written to /Volumes/SSD PRO/Github-forks/Chp2-BeliefsandTrust/Paper/T
> ables/trust_income_rv562.tex)

Linear regression                               Number of obs     =        96
> 2
                                                F(2, 959)         =      19.8
> 5
                                                Prob > F          =     0.000
> 0
                                                R-squared         =     0.036
> 4
                                                Root MSE          =     1.031
> 1

-----------------------------------------------------------------------------
> -
             |               Robust
ln_resp_la~c | Coefficient  std. err.      t    P>|t|     [95% conf. interval
> ]
-------------+---------------------------------------------------------------
> -
       rv563 |   .2323491   .0373479     6.22   0.000     .1590562    .305642
> 1
             |
     c.rv563#|
     c.rv563 |  -.0220868   .0035535    -6.22   0.000    -.0290603   -.015113
> 3
             |
       _cons |   9.670145   .0923376   104.73   0.000     9.488938    9.85135
> 2
-----------------------------------------------------------------------------
> -

Linear regression                               Number of obs     =      1,01
> 0
                                                F(2, 1007)        =      18.4
> 4
                                                Prob > F          =     0.000
> 0
                                                R-squared         =     0.029
> 7
                                                Root MSE          =     1.226
> 5

-----------------------------------------------------------------------------
> -
             |               Robust
ln_resp_to~c | Coefficient  std. err.      t    P>|t|     [95% conf. interval
> ]
-------------+---------------------------------------------------------------
> -
       rv563 |   .2445274   .0416974     5.86   0.000     .1627036    .326351
> 2
             |
     c.rv563#|
     c.rv563 |  -.0241275   .0039776    -6.07   0.000    -.0319328   -.016322
> 1
             |
       _cons |   9.892099   .1001314    98.79   0.000     9.695609    10.0885
> 9
-----------------------------------------------------------------------------
> -

Linear regression                               Number of obs     =        95
> 3
                                                F(8, 944)         =      30.6
> 6
                                                Prob > F          =     0.000
> 0
                                                R-squared         =     0.199
> 5
                                                Root MSE          =     .9442
> 8

-----------------------------------------------------------------------------
> -
             |               Robust
ln_resp_la~c | Coefficient  std. err.      t    P>|t|     [95% conf. interval
> ]
-------------+---------------------------------------------------------------
> -
       rv563 |   .1221523    .035796     3.41   0.001     .0519034    .192401
> 3
             |
     c.rv563#|
     c.rv563 |  -.0103057   .0033942    -3.04   0.002    -.0169667   -.003644
> 6
             |
   r15agey_b |   .0615434   .0436103     1.41   0.159    -.0240409    .147127
> 7
             |
 c.r15agey_b#|
 c.r15agey_b |  -.0003995   .0003055    -1.31   0.191     -.000999       .000
> 2
             |
     raedyrs |   .0713854   .0105087     6.79   0.000     .0507623    .092008
> 5
   r15inlbrf |   .6744896   .0817597     8.25   0.000     .5140377    .834941
> 5
married_2020 |   .1125577   .0624463     1.80   0.072    -.0099919    .235107
> 2
     born_us |   .1832381   .1008395     1.82   0.070    -.0146575    .381133
> 7
       _cons |   6.085334   1.524893     3.99   0.000     3.092762    9.07790
> 5
-----------------------------------------------------------------------------
> -

Linear regression                               Number of obs     =      1,00
> 0
                                                F(8, 991)         =      43.5
> 6
                                                Prob > F          =     0.000
> 0
                                                R-squared         =     0.226
> 1
                                                Root MSE          =     1.095
> 6

-----------------------------------------------------------------------------
> -
             |               Robust
ln_resp_to~c | Coefficient  std. err.      t    P>|t|     [95% conf. interval
> ]
-------------+---------------------------------------------------------------
> -
       rv563 |   .1073642    .036891     2.91   0.004     .0349706    .179757
> 7
             |
     c.rv563#|
     c.rv563 |  -.0098856   .0035299    -2.80   0.005    -.0168126   -.002958
> 6
             |
   r15agey_b |   .1315304   .0516859     2.54   0.011     .0301039    .232956
> 8
             |
 c.r15agey_b#|
 c.r15agey_b |  -.0008395   .0003613    -2.32   0.020    -.0015484   -.000130
> 6
             |
     raedyrs |   .0945775   .0117743     8.03   0.000     .0714721    .117682
> 9
   r15inlbrf |   .8550366   .0904825     9.45   0.000     .6774773    1.03259
> 6
married_2020 |   .2507583   .0675047     3.71   0.000     .1182898    .383226
> 8
     born_us |   .1467034   .1172162     1.25   0.211    -.0833171    .376723
> 9
       _cons |    3.25602   1.820013     1.79   0.074    -.3155027    6.82754
> 2
-----------------------------------------------------------------------------
> -
Exporting LaTeX table: /Volumes/SSD PRO/Github-forks/Chp2-BeliefsandTrust/Pap
> er/Tables/trust_income_rv563.tex
(output written to /Volumes/SSD PRO/Github-forks/Chp2-BeliefsandTrust/Paper/T
> ables/trust_income_rv563.tex)

Linear regression                               Number of obs     =        95
> 4
                                                F(2, 951)         =       8.4
> 1
                                                Prob > F          =     0.000
> 2
                                                R-squared         =     0.016
> 9
                                                Root MSE          =     1.040
> 1

-----------------------------------------------------------------------------
> -
             |               Robust
ln_resp_la~c | Coefficient  std. err.      t    P>|t|     [95% conf. interval
> ]
-------------+---------------------------------------------------------------
> -
       rv564 |    .136875   .0337474     4.06   0.000      .070647     .20310
> 3
             |
     c.rv564#|
     c.rv564 |  -.0140653   .0039117    -3.60   0.000    -.0217419   -.006388
> 7
             |
       _cons |   9.924964   .0610743   162.51   0.000     9.805108    10.0448
> 2
-----------------------------------------------------------------------------
> -

Linear regression                               Number of obs     =      1,00
> 3
                                                F(2, 1000)        =       8.8
> 6
                                                Prob > F          =     0.000
> 2
                                                R-squared         =     0.014
> 6
                                                Root MSE          =     1.239
> 8

-----------------------------------------------------------------------------
> -
             |               Robust
ln_resp_to~c | Coefficient  std. err.      t    P>|t|     [95% conf. interval
> ]
-------------+---------------------------------------------------------------
> -
       rv564 |    .156973   .0383312     4.10   0.000     .0817542    .232191
> 7
             |
     c.rv564#|
     c.rv564 |  -.0182436   .0043727    -4.17   0.000    -.0268242   -.009662
> 9
             |
       _cons |    10.1505   .0699893   145.03   0.000     10.01315    10.2878
> 4
-----------------------------------------------------------------------------
> -

Linear regression                               Number of obs     =        94
> 5
                                                F(8, 936)         =      30.3
> 5
                                                Prob > F          =     0.000
> 0
                                                R-squared         =     0.192
> 6
                                                Root MSE          =     .9471
> 3

-----------------------------------------------------------------------------
> -
             |               Robust
ln_resp_la~c | Coefficient  std. err.      t    P>|t|     [95% conf. interval
> ]
-------------+---------------------------------------------------------------
> -
       rv564 |   .0556821    .031446     1.77   0.077    -.0060307    .117394
> 9
             |
     c.rv564#|
     c.rv564 |  -.0028632   .0035263    -0.81   0.417    -.0097835    .004057
> 1
             |
   r15agey_b |   .0550976   .0434618     1.27   0.205    -.0301962    .140391
> 4
             |
 c.r15agey_b#|
 c.r15agey_b |  -.0003542    .000304    -1.17   0.244    -.0009507    .000242
> 4
             |
     raedyrs |   .0770004   .0103965     7.41   0.000     .0565972    .097403
> 5
   r15inlbrf |    .663434   .0833719     7.96   0.000     .4998165    .827051
> 6
married_2020 |   .1145607   .0628088     1.82   0.068    -.0087018    .237823
> 1
     born_us |   .2142737   .1036711     2.07   0.039     .0108191    .417728
> 4
       _cons |    6.35606   1.516172     4.19   0.000      3.38057    9.33154
> 9
-----------------------------------------------------------------------------
> -

Linear regression                               Number of obs     =        99
> 3
                                                F(8, 984)         =      43.6
> 2
                                                Prob > F          =     0.000
> 0
                                                R-squared         =     0.221
> 4
                                                Root MSE          =     1.102
> 3

-----------------------------------------------------------------------------
> -
             |               Robust
ln_resp_to~c | Coefficient  std. err.      t    P>|t|     [95% conf. interval
> ]
-------------+---------------------------------------------------------------
> -
       rv564 |   .0505014    .034689     1.46   0.146    -.0175716    .118574
> 3
             |
     c.rv564#|
     c.rv564 |  -.0040146   .0039364    -1.02   0.308    -.0117393    .003710
> 1
             |
   r15agey_b |   .1304735   .0517884     2.52   0.012     .0288451    .232101
> 8
             |
 c.r15agey_b#|
 c.r15agey_b |   -.000829   .0003616    -2.29   0.022    -.0015386   -.000119
> 5
             |
     raedyrs |   .1000221   .0117644     8.50   0.000      .076936    .123108
> 3
   r15inlbrf |   .8557802    .092465     9.26   0.000      .674329    1.03723
> 1
married_2020 |   .2565689   .0688403     3.73   0.000     .1214782    .391659
> 6
     born_us |   .1750994   .1177107     1.49   0.137    -.0558934    .406092
> 2
       _cons |   3.298475   1.826034     1.81   0.071    -.2848943    6.88184
> 4
-----------------------------------------------------------------------------
> -
Exporting LaTeX table: /Volumes/SSD PRO/Github-forks/Chp2-BeliefsandTrust/Pap
> er/Tables/trust_income_rv564.tex
(output written to /Volumes/SSD PRO/Github-forks/Chp2-BeliefsandTrust/Paper/T
> ables/trust_income_rv564.tex)

. 
. * ----------------------------------------------------------------------
. * PCA of trust variables (rv557-rv564) and regressions using PC1
. * ----------------------------------------------------------------------
. di as txt "=== PCA on trust variables (rv557-rv564) ==="
=== PCA on trust variables (rv557-rv564) ===

. capture drop trust_pca1 trust_pca1_z

. capture noisily pca rv557 rv558 rv559 rv560 rv561 rv562 rv563 rv564, compon
> ents(1)

Principal components/correlation                 Number of obs    =        97
> 0
                                                 Number of comp.  =          
> 1
                                                 Trace            =          
> 8
    Rotation: (unrotated = principal)            Rho              =     0.449
> 3

    -------------------------------------------------------------------------
> -
       Component |   Eigenvalue   Difference         Proportion   Cumulative
    -------------+-----------------------------------------------------------
> -
           Comp1 |      3.59438      2.36333             0.4493       0.4493
           Comp2 |      1.23105      .405717             0.1539       0.6032
           Comp3 |      .825336      .120069             0.1032       0.7063
           Comp4 |      .705266      .102935             0.0882       0.7945
           Comp5 |      .602331      .102839             0.0753       0.8698
           Comp6 |      .499493      .138996             0.0624       0.9322
           Comp7 |      .360497      .178854             0.0451       0.9773
           Comp8 |      .181642            .             0.0227       1.0000
    -------------------------------------------------------------------------
> -

Principal components (eigenvectors) 

    --------------------------------------
        Variable |    Comp1 | Unexplained 
    -------------+----------+-------------
           rv557 |   0.2983 |       .6801 
           rv558 |   0.3785 |       .4852 
           rv559 |   0.3750 |       .4945 
           rv560 |   0.3889 |       .4564 
           rv561 |   0.3756 |       .4928 
           rv562 |   0.3503 |        .559 
           rv563 |   0.3775 |       .4878 
           rv564 |   0.2638 |       .7499 
    --------------------------------------

. if _rc==0 {
.     * Proportion of variance explained by PC1 (display only)
.     capture matrix M = e(Prop)
.     if _rc==0 {
.         scalar pc1_prop = M[1,1]
.         di as txt "PC1 variance proportion: " %6.3f pc1_prop
PC1 variance proportion:      .
.     }
.     predict double trust_pca1 if e(sample), score

Scoring coefficients 
    sum of squares(column-loading) = 1

    ------------------------
        Variable |    Comp1 
    -------------+----------
           rv557 |   0.2983 
           rv558 |   0.3785 
           rv559 |   0.3750 
           rv560 |   0.3889 
           rv561 |   0.3756 
           rv562 |   0.3503 
           rv563 |   0.3775 
           rv564 |   0.2638 
    ------------------------
.     egen double trust_pca1_z = std(trust_pca1)
(14,886 missing values generated)
.     quietly count if !missing(trust_pca1_z)
.     di as txt "Non-missing trust_pca1_z: " r(N)
Non-missing trust_pca1_z: 970
. 
.     eststo clear
.     local models_pca_raw ""
.     local models_pca_ctl ""
. 
.     * RAW
.     foreach y of local inc_vars {
  2.         capture confirm variable `y'
  3.         if _rc continue
  4.         quietly count if !missing(`y') & !missing(trust_pca1_z)
  5.         if r(N)==0 continue
  6.         local mname = "pca_raw_`y'"
  7.         eststo `mname': regress `y' c.trust_pca1_z c.trust_pca1_z#c.trus
> t_pca1_z if !missing(`y') & !missing(trust_pca1_z), vce(robust)
  8.         local models_pca_raw "`models_pca_raw' `mname'"
  9.     }

Linear regression                               Number of obs     =        89
> 2
                                                F(2, 889)         =       5.3
> 7
                                                Prob > F          =     0.004
> 8
                                                R-squared         =     0.021
> 6
                                                Root MSE          =     1.004
> 7

-----------------------------------------------------------------------------
> -
             |               Robust
ln_resp_la~c | Coefficient  std. err.      t    P>|t|     [95% conf. interval
> ]
-------------+---------------------------------------------------------------
> -
trust_pca1_z |   .0403917   .0371456     1.09   0.277    -.0325116     .11329
> 5
             |
          c. |
trust_pca1_z#|
          c. |
trust_pca1_z |   -.097284   .0303758    -3.20   0.001    -.1569005   -.037667
> 4
             |
       _cons |   10.23992   .0415374   246.52   0.000     10.15839    10.3214
> 4
-----------------------------------------------------------------------------
> -

Linear regression                               Number of obs     =        93
> 8
                                                F(2, 935)         =       5.0
> 5
                                                Prob > F          =     0.006
> 6
                                                R-squared         =     0.015
> 1
                                                Root MSE          =     1.218
> 3

-----------------------------------------------------------------------------
> -
             |               Robust
ln_resp_to~c | Coefficient  std. err.      t    P>|t|     [95% conf. interval
> ]
-------------+---------------------------------------------------------------
> -
trust_pca1_z |   .0300027   .0413396     0.73   0.468    -.0511265    .111131
> 9
             |
          c. |
trust_pca1_z#|
          c. |
trust_pca1_z |  -.1020455   .0324608    -3.14   0.002      -.16575   -.038340
> 9
             |
       _cons |    10.4394    .049385   211.39   0.000     10.34248    10.5363
> 2
-----------------------------------------------------------------------------
> -
. 
.     * With controls
.     foreach y of local inc_vars {
  2.         capture confirm variable `y'
  3.         if _rc continue
  4.         quietly count if !missing(`y') & !missing(trust_pca1_z)
  5.         if r(N)==0 continue
  6.         local mname = "pca_ctl_`y'"
  7.         eststo `mname': regress `y' c.trust_pca1_z c.trust_pca1_z#c.trus
> t_pca1_z `age_quad' `ctrl_in' if !missing(`y') & !missing(trust_pca1_z), vc
> e(robust)
  8.         local models_pca_ctl "`models_pca_ctl' `mname'"
  9.     }

Linear regression                               Number of obs     =        88
> 3
                                                F(8, 874)         =      28.8
> 5
                                                Prob > F          =     0.000
> 0
                                                R-squared         =     0.211
> 8
                                                Root MSE          =     .9062
> 5

-----------------------------------------------------------------------------
> -
             |               Robust
ln_resp_la~c | Coefficient  std. err.      t    P>|t|     [95% conf. interval
> ]
-------------+---------------------------------------------------------------
> -
trust_pca1_z |   .0497714   .0342761     1.45   0.147    -.0175016    .117044
> 4
             |
          c. |
trust_pca1_z#|
          c. |
trust_pca1_z |  -.0491806   .0260842    -1.89   0.060    -.1003756    .002014
> 4
             |
   r15agey_b |   .0275985   .0391176     0.71   0.481    -.0491768    .104373
> 9
             |
 c.r15agey_b#|
 c.r15agey_b |   -.000177    .000281    -0.63   0.529    -.0007286    .000374
> 5
             |
     raedyrs |   .0823503   .0109065     7.55   0.000     .0609444    .103756
> 2
   r15inlbrf |   .6109495   .0726464     8.41   0.000     .4683677    .753531
> 3
married_2020 |   .1128265   .0622903     1.81   0.070    -.0094295    .235082
> 5
     born_us |   .2267472   .1076678     2.11   0.035     .0154295    .438064
> 8
       _cons |   7.530646   1.345498     5.60   0.000     4.889862    10.1714
> 3
-----------------------------------------------------------------------------
> -

Linear regression                               Number of obs     =        92
> 8
                                                F(8, 919)         =      40.7
> 9
                                                Prob > F          =     0.000
> 0
                                                R-squared         =     0.226
> 3
                                                Root MSE          =     1.079
> 8

-----------------------------------------------------------------------------
> -
             |               Robust
ln_resp_to~c | Coefficient  std. err.      t    P>|t|     [95% conf. interval
> ]
-------------+---------------------------------------------------------------
> -
trust_pca1_z |    .020753   .0358068     0.58   0.562    -.0495197    .091025
> 6
             |
          c. |
trust_pca1_z#|
          c. |
trust_pca1_z |  -.0445246   .0266656    -1.67   0.095    -.0968572    .007807
> 9
             |
   r15agey_b |   .1197458   .0491067     2.44   0.015     .0233715    .216120
> 1
             |
 c.r15agey_b#|
 c.r15agey_b |  -.0007806   .0003443    -2.27   0.024    -.0014562    -.00010
> 5
             |
     raedyrs |    .099281    .012354     8.04   0.000     .0750357    .123526
> 2
   r15inlbrf |   .8192064   .0885737     9.25   0.000     .6453762    .993036
> 6
married_2020 |    .268929   .0693666     3.88   0.000     .1327936    .405064
> 3
     born_us |   .1927583   .1243512     1.55   0.121     -.051287    .436803
> 7
       _cons |   3.933385   1.735011     2.27   0.024     .5283404    7.33842
> 9
-----------------------------------------------------------------------------
> -
. 
.     * Export PCA table -> Paper/Tables
.     local outfile_pca "`tables'/trust_income_pca.tex"
.     di as txt "Exporting LaTeX table: `outfile_pca'"
Exporting LaTeX table: /Volumes/SSD PRO/Github-forks/Chp2-BeliefsandTrust/Pap
> er/Tables/trust_income_pca.tex
.     if "`models_pca_raw'`models_pca_ctl'" != "" {
.         local pc1_str : display %6.3f pc1_prop
.         
.         * Short, human column titles for 4 models (log income only)
.         local mt "log Lab" "log Tot" "log Lab" "log Tot"
.         
.         * Short row names (LaTeX-safe)
.         local vlab trust_pca1_z         "Trust PC1"
.         local vlab2 c.trust_pca1_z#c.trust_pca1_z "Trust PC1\$^{2}\$"
.         local vlab3 r15agey_b    "Age"
.         local vlab4 c.r15agey_b#c.r15agey_b "Age\$^{2}\$"
.         local vlab5 raedyrs      "Years of education"
.         local vlab6 r15inlbrf    "In labor force"
.         local vlab7 married_2020 "Married"
.         local vlab8 born_us      "Born in U.S."
.         
.         esttab `models_pca_raw' `models_pca_ctl' using "`outfile_pca'", rep
> lace ///
>             booktabs se star(* 0.10 ** 0.05 *** 0.01) ///
>             compress b(%9.3f) se(%9.3f) ///
>             mtitles("log Lab" "log Tot" "log Lab" "log Tot") ///
>             posthead("& \multicolumn{2}{c}{No controls} & \multicolumn{2}{c
> }{With controls} \\\\ \cmidrule(lr){2-3}\cmidrule(lr){4-5}") ///
>             varlabels(`vlab' `vlab2' `vlab3' `vlab4' `vlab5' `vlab6' `vlab7
> ' `vlab8') ///
>             stats(N r2_a, labels("Observations" "Adj. R-squared")) ///
>             title("Log Income (2020) on Trust PC1") ///
>             addnote("Robust SEs in parentheses; Age entered quadratically w
> hen available." "Controls (when included): raedyrs, in labor force, married
> , born in U.S." "PC1 variance prop = `pc1_str'")
(output written to /Volumes/SSD PRO/Github-forks/Chp2-BeliefsandTrust/Paper/T
> ables/trust_income_pca.tex)
.     }
.     else {
.         di as warn "No PCA models estimated; skipping export."
.     }
. }

. else {
.     di as error "PCA failed; trust PCA regressions skipped."
. }

. 
. di as txt "All regressions completed and tables exported."
All regressions completed and tables exported.

. 
. log close
      name:  <unnamed>
       log:  /Volumes/SSD PRO/Github-forks/Chp2-BeliefsandTrust/Code/Data/HRS
> _Long/randhrs1992_2022v1_STATA/reg_inc_trust_2020.log
  log type:  text
 closed on:  20 Oct 2025, 15:49:26
-----------------------------------------------------------------------------
