-----------------------------------------------------------------------------
      name:  <unnamed>
       log:  /Volumes/SSD PRO/Github-forks/Chp2-BeliefsandTrust/Code/Data/HRS
> _Long/randhrs1992_2022v1_STATA/reg_inc_trust_2020.log
  log type:  text
 opened on:   3 Nov 2025, 15:48:52

. 
. set more off

. 
. * Ensure estout is available for table export
. capture which esttab

. if _rc {
.         ssc install estout, replace
. }

. 
. * Master dataset with all computed variables
. local master "/Volumes/SSD PRO/Github-forks/Chp2-BeliefsandTrust/Code/Data/
> HRS_Long/randhrs1992_2022v1_STATA/_randhrs1992_2022v1_analysis.dta"

. capture confirm file "`master'"

. if _rc {
.     di as error "ERROR: master file not found -> `master'"
.     exit 198
. }

. use "`master'", clear

. di as txt "Using master file: `master'"
Using master file: /Volumes/SSD PRO/Github-forks/Chp2-BeliefsandTrust/Code/Da
> ta/HRS_Long/randhrs1992_2022v1_STATA/_randhrs1992_2022v1_analysis.dta

. 
. di as txt ""


. * Trust variables (2020)
. local trust_vars "rv557 rv558 rv559 rv560 rv561 rv562 rv563 rv564"

. 
. * Income variables: log versions only
. local inc_raw "resp_lab_inc resp_tot_inc"

. 
. di as txt "=== Creating log versions of income variables ==="
=== Creating log versions of income variables ===

. foreach v of local inc_raw {
  2.     capture confirm variable `v'
  3.     if !_rc {
  4.         local lnname = substr("ln_`v'", 1, .)
  5.         capture drop ln_`v'
  6.         gen double ln_`v' = ln(`v') if `v' > 0
  7.         label var ln_`v' "log(`v')"
  8.     }
  9. }
(4,705 missing values generated)
(4,147 missing values generated)

. 
. * Define income variables (log only)
. local inc_vars "ln_resp_lab_inc ln_resp_tot_inc"

. 
. * Quick overlap diagnostics for sample sizes
. quietly count

. local N_all = r(N)

. 
. di as txt "=== Quick overlap check: ln_resp_lab_inc and rv557 ==="
=== Quick overlap check: ln_resp_lab_inc and rv557 ===

. quietly count if !missing(ln_resp_lab_inc)

. di as txt "  Non-missing ln_resp_lab_inc: " r(N) " of " `N_all'
  Non-missing ln_resp_lab_inc: 11151 of 15856

. quietly count if !missing(rv557)

. di as txt "  Non-missing rv557:        " r(N) " of " `N_all'
  Non-missing rv557:        1059 of 15856

. quietly count if !missing(ln_resp_lab_inc) & !missing(rv557)

. di as txt "  Non-missing both:         " r(N) " of " `N_all'
  Non-missing both:         972 of 15856

. 
. di as txt ""


. 
. * Controls: age, gender, education, employment, marital status, immigration
> , race/ethnicity
. local ctrl_vars "r15agey_b ragender raedyrs r15inlbrf married_2020 born_us"

. 
. di as txt "Controls to include (if present):"
Controls to include (if present):

. di as txt "  `ctrl_vars'"
  r15agey_b ragender raedyrs r15inlbrf married_2020 born_us

. 
. * Check which controls are actually present
. * Exclude ragender from ctrl_in since it's handled as factor variable i.rag
> ender
. * Also handle race_eth as factor variable separately
. local ctrl_in ""

. local age_quad ""

. local race_factor ""

. foreach c of local ctrl_vars {
  2.     capture confirm variable `c'
  3.     if !_rc {
  4.         if "`c'" == "r15agey_b" {
  5.             local age_quad "c.r15agey_b c.r15agey_b#c.r15agey_b"
  6.         }
  7.         else if "`c'" == "ragender" {
  8.             * Skip ragender - handled separately as i.ragender
.         }
  9.         else {
 10.             local ctrl_in "`ctrl_in' `c'"
 11.         }
 12.     }
 13. }

. * Add race/ethnicity as factor variable if available
. capture confirm variable race_eth

. if !_rc {
.     local race_factor "i.race_eth"
. }

. di as txt "Controls actually included: `ctrl_in' with age quad if available
> "
Controls actually included:  raedyrs r15inlbrf married_2020 born_us with age 
> quad if available

. if "`race_factor'" != "" {
.     di as txt "Race/ethnicity factor variable included: `race_factor'"
Race/ethnicity factor variable included: i.race_eth
. }

. 
. di as txt ""


. * ----------------------------------------------------------------------
. * Collect and export: one LaTeX table per trust variable (8 columns: 4 raw 
> + 4 +controls)
. * ----------------------------------------------------------------------
. foreach t of local trust_vars {
  2.     capture confirm variable `t'
  3.     if _rc {
  4.         di as warn "Skipping trust var (not found): `t'"
  5.         continue
  6.     }
  7. 
.     eststo clear
  8.     local models_raw ""
  9.     local models_ctl ""
 10. 
.     * Raw (no controls)
.     foreach y of local inc_vars {
 11.         capture confirm variable `y'
 12.         if _rc continue
 13.         quietly count if !missing(`y') & !missing(`t')
 14.         if r(N)==0 continue
 15.         local mname = "`t'_raw_`y'"
 16.         eststo `mname': regress `y' c.`t' c.`t'#c.`t' if !missing(`y') &
>  !missing(`t'), vce(robust)
 17.         local models_raw "`models_raw' `mname'"
 18.     }
 19. 
.     * With controls
.     foreach y of local inc_vars {
 20.         capture confirm variable `y'
 21.         if _rc continue
 22.         quietly count if !missing(`y') & !missing(`t')
 23.         if r(N)==0 continue
 24.         local mname = "`t'_ctl_`y'"
 25.         eststo `mname': regress `y' c.`t' c.`t'#c.`t' `age_quad' i.ragen
> der `race_factor' `ctrl_in' if !missing(`y') & !missing(`t'), vce(robust)
 26.         local models_ctl "`models_ctl' `mname'"
 27.     }
 28. 
.     * Export table for this trust variable -> Paper/Tables
.     local tables "/Volumes/SSD PRO/Github-forks/Chp2-BeliefsandTrust/Paper/
> Tables"
 29.     local outfile "`tables'/trust_income_`t'.tex"
 30.     di as txt "Exporting LaTeX table: `outfile'"
 31.     if "`models_raw'`models_ctl'" != "" {
 32.         * Short, human column titles for 4 models (log income only)
.         local mt "log Lab" "log Tot" "log Lab" "log Tot"
 33.         
.         * Short row names (LaTeX-safe)
.         local vlab `t'         "Trust"
 34.         local vlab2 c.`t'#c.`t' "Trust\$^{2}\$"
 35.         local vlab3 r15agey_b    "Age"
 36.         local vlab4 c.r15agey_b#c.r15agey_b "Age\$^{2}\$"
 37.         local vlab5 ragender     "Female"
 38.         local vlab6 2.race_eth   "NH Black"
 39.         local vlab7 3.race_eth   "Hispanic"
 40.         local vlab8 4.race_eth   "NH Other"
 41.         local vlab9 raedyrs      "Years of education"
 42.         local vlab10 r15inlbrf    "In labor force"
 43.         local vlab11 married_2020 "Married"
 44.         local vlab12 born_us      "Born in U.S."
 45.         
.         esttab `models_raw' `models_ctl' using "`outfile'", replace ///
>             booktabs se star(* 0.10 ** 0.05 *** 0.01) ///
>             compress b(%9.3f) se(%9.3f) ///
>             mtitles("log Lab" "log Tot" "log Lab" "log Tot") ///
>             posthead("& \multicolumn{2}{c}{No controls} & \multicolumn{2}{c
> }{With controls} \\\\ \cmidrule(lr){2-3}\cmidrule(lr){4-5}") ///
>             varlabels(`vlab' `vlab2' `vlab3' `vlab4' `vlab5' `vlab6' `vlab7
> ' `vlab8' `vlab9' `vlab10' `vlab11' `vlab12') ///
>             stats(N r2_a, labels("Observations" "Adj. R-squared")) ///
>             title("Log Income (2020) on Trust `t'") ///
>             addnote("Robust SEs in parentheses; Age entered quadratically w
> hen available." "Controls (when included): raedyrs, in labor force, married
> , born in U.S.")
 46.     }
 47.     else {
 48.         di as warn "No models estimated for trust var `t'; skipping expo
> rt."
 49.     }
 50. }

Linear regression                               Number of obs     =        97
> 2
                                                F(2, 969)         =      14.2
> 9
                                                Prob > F          =     0.000
> 0
                                                R-squared         =     0.039
> 7
                                                Root MSE          =     1.029
> 7

-----------------------------------------------------------------------------
> -
             |               Robust
ln_resp_la~c | Coefficient  std. err.      t    P>|t|     [95% conf. interval
> ]
-------------+---------------------------------------------------------------
> -
       rv557 |    .281747   .0529641     5.32   0.000     .1778095    .385684
> 5
             |
     c.rv557#|
     c.rv557 |   -.022206   .0044415    -5.00   0.000    -.0309221   -.013489
> 8
             |
       _cons |   9.347961   .1535787    60.87   0.000     9.046576    9.64934
> 6
-----------------------------------------------------------------------------
> -

Linear regression                               Number of obs     =      1,02
> 3
                                                F(2, 1020)        =      16.1
> 2
                                                Prob > F          =     0.000
> 0
                                                R-squared         =     0.035
> 5
                                                Root MSE          =     1.223
> 6

-----------------------------------------------------------------------------
> -
             |               Robust
ln_resp_to~c | Coefficient  std. err.      t    P>|t|     [95% conf. interval
> ]
-------------+---------------------------------------------------------------
> -
       rv557 |   .3180437   .0566552     5.61   0.000     .2068698    .429217
> 7
             |
     c.rv557#|
     c.rv557 |  -.0247226   .0047738    -5.18   0.000    -.0340901    -.01535
> 5
             |
       _cons |   9.446706   .1636514    57.72   0.000     9.125574    9.76783
> 7
-----------------------------------------------------------------------------
> -

Linear regression                               Number of obs     =        96
> 2
                                                F(12, 949)        =      29.5
> 2
                                                Prob > F          =     0.000
> 0
                                                R-squared         =     0.246
> 2
                                                Root MSE          =     .9179
> 8

-----------------------------------------------------------------------------
> -
             |               Robust
ln_resp_la~c | Coefficient  std. err.      t    P>|t|     [95% conf. interval
> ]
-------------+---------------------------------------------------------------
> -
       rv557 |   .1186624   .0538228     2.20   0.028      .013037    .224287
> 8
             |
     c.rv557#|
     c.rv557 |  -.0098494    .004393    -2.24   0.025    -.0184706   -.001228
> 2
             |
   r15agey_b |   .0454896    .044652     1.02   0.309    -.0421385    .133117
> 8
             |
 c.r15agey_b#|
 c.r15agey_b |  -.0003269   .0003125    -1.05   0.296    -.0009402    .000286
> 4
             |
    ragender |
   2.female  |   -.440753   .0617215    -7.14   0.000    -.5618793   -.319626
> 7
             |
    race_eth |
   NH Black  |  -.2467265   .0890049    -2.77   0.006    -.4213956   -.072057
> 3
   Hispanic  |  -.1386607   .0958159    -1.45   0.148    -.3266963    .049374
> 9
   NH Other  |  -.1438748   .1617671    -0.89   0.374    -.4613374    .173587
> 8
             |
     raedyrs |   .0711595   .0107341     6.63   0.000     .0500943    .092224
> 7
   r15inlbrf |   .6032377   .0797909     7.56   0.000     .4466506    .759824
> 8
married_2020 |  -.0236879   .0636167    -0.37   0.710    -.1485336    .101157
> 8
     born_us |   .1613989   .1112954     1.45   0.147    -.0570146    .379812
> 4
       _cons |   7.278906   1.520613     4.79   0.000     4.294754    10.2630
> 6
-----------------------------------------------------------------------------
> -

Linear regression                               Number of obs     =      1,01
> 2
                                                F(12, 999)        =      36.8
> 9
                                                Prob > F          =     0.000
> 0
                                                R-squared         =     0.260
> 4
                                                Root MSE          =     1.073
> 9

-----------------------------------------------------------------------------
> -
             |               Robust
ln_resp_to~c | Coefficient  std. err.      t    P>|t|     [95% conf. interval
> ]
-------------+---------------------------------------------------------------
> -
       rv557 |   .1023329   .0543739     1.88   0.060    -.0043672     .20903
> 3
             |
     c.rv557#|
     c.rv557 |  -.0088768   .0044892    -1.98   0.048    -.0176861   -.000067
> 6
             |
   r15agey_b |   .1170271   .0509691     2.30   0.022     .0170083    .217045
> 8
             |
 c.r15agey_b#|
 c.r15agey_b |   -.000777   .0003562    -2.18   0.029    -.0014759   -.000078
> 1
             |
    ragender |
   2.female  |  -.4312588   .0686361    -6.28   0.000    -.5659462   -.296571
> 4
             |
    race_eth |
   NH Black  |  -.2446065   .0902237    -2.71   0.007    -.4216563   -.067556
> 8
   Hispanic  |   -.186936   .1091637    -1.71   0.087    -.4011525    .027280
> 4
   NH Other  |  -.2298386   .1825203    -1.26   0.208    -.5880057    .128328
> 5
             |
     raedyrs |   .0948078    .011409     8.31   0.000     .0724195    .117196
> 1
   r15inlbrf |    .784151   .0866669     9.05   0.000      .614081     .95422
> 1
married_2020 |   .1314515   .0696468     1.89   0.059    -.0052193    .268122
> 3
     born_us |   .0996159   .1275708     0.78   0.435    -.1507215    .349953
> 4
       _cons |   4.399448   1.777228     2.48   0.013     .9119207    7.88697
> 6
-----------------------------------------------------------------------------
> -
Exporting LaTeX table: /Volumes/SSD PRO/Github-forks/Chp2-BeliefsandTrust/Pap
> er/Tables/trust_income_rv557.tex
(output written to /Volumes/SSD PRO/Github-forks/Chp2-BeliefsandTrust/Paper/T
> ables/trust_income_rv557.tex)

Linear regression                               Number of obs     =        96
> 6
                                                F(2, 963)         =      10.0
> 4
                                                Prob > F          =     0.000
> 0
                                                R-squared         =     0.018
> 2
                                                Root MSE          =      1.03
> 6

-----------------------------------------------------------------------------
> -
             |               Robust
ln_resp_la~c | Coefficient  std. err.      t    P>|t|     [95% conf. interval
> ]
-------------+---------------------------------------------------------------
> -
       rv558 |   .1632611   .0533849     3.06   0.002     .0584969    .268025
> 3
             |
     c.rv558#|
     c.rv558 |  -.0158024    .004197    -3.77   0.000    -.0240387    -.00756
> 6
             |
       _cons |   9.824228   .1626641    60.40   0.000     9.505011    10.1434
> 5
-----------------------------------------------------------------------------
> -

Linear regression                               Number of obs     =      1,01
> 6
                                                F(2, 1013)        =      17.2
> 8
                                                Prob > F          =     0.000
> 0
                                                R-squared         =     0.030
> 4
                                                Root MSE          =     1.226
> 8

-----------------------------------------------------------------------------
> -
             |               Robust
ln_resp_to~c | Coefficient  std. err.      t    P>|t|     [95% conf. interval
> ]
-------------+---------------------------------------------------------------
> -
       rv558 |   .2531965   .0658711     3.84   0.000      .123937    .382455
> 9
             |
     c.rv558#|
     c.rv558 |  -.0244622   .0050941    -4.80   0.000    -.0344583   -.014466
> 1
             |
       _cons |   9.872472   .2062024    47.88   0.000      9.46784    10.2771
> 1
-----------------------------------------------------------------------------
> -

Linear regression                               Number of obs     =        95
> 6
                                                F(12, 943)        =      29.8
> 0
                                                Prob > F          =     0.000
> 0
                                                R-squared         =     0.241
> 6
                                                Root MSE          =     .9162
> 9

-----------------------------------------------------------------------------
> -
             |               Robust
ln_resp_la~c | Coefficient  std. err.      t    P>|t|     [95% conf. interval
> ]
-------------+---------------------------------------------------------------
> -
       rv558 |   .0718776   .0482583     1.49   0.137    -.0228286    .166583
> 7
             |
     c.rv558#|
     c.rv558 |  -.0062065   .0038342    -1.62   0.106    -.0137311    .001318
> 1
             |
   r15agey_b |   .0483943   .0441542     1.10   0.273    -.0382575    .135046
> 2
             |
 c.r15agey_b#|
 c.r15agey_b |  -.0003421   .0003091    -1.11   0.269    -.0009488    .000264
> 5
             |
    ragender |
   2.female  |  -.4391603   .0624466    -7.03   0.000    -.5617107     -.3166
> 1
             |
    race_eth |
   NH Black  |  -.2619842   .0868214    -3.02   0.003    -.4323698   -.091598
> 6
   Hispanic  |  -.1406944   .0956708    -1.47   0.142    -.3284466    .047057
> 8
   NH Other  |  -.1412886   .1642619    -0.86   0.390    -.4636498    .181072
> 6
             |
     raedyrs |   .0746394   .0105525     7.07   0.000     .0539303    .095348
> 4
   r15inlbrf |   .6063486   .0816571     7.43   0.000      .446098    .766599
> 2
married_2020 |  -.0245264   .0643278    -0.38   0.703    -.1507685    .101715
> 7
     born_us |   .1648972    .114395     1.44   0.150     -.059601    .389395
> 3
       _cons |   7.243504   1.507497     4.80   0.000     4.285068    10.2019
> 4
-----------------------------------------------------------------------------
> -

Linear regression                               Number of obs     =      1,00
> 5
                                                F(12, 992)        =      37.1
> 5
                                                Prob > F          =     0.000
> 0
                                                R-squared         =     0.263
> 1
                                                Root MSE          =     1.071
> 9

-----------------------------------------------------------------------------
> -
             |               Robust
ln_resp_to~c | Coefficient  std. err.      t    P>|t|     [95% conf. interval
> ]
-------------+---------------------------------------------------------------
> -
       rv558 |   .1355155   .0572461     2.37   0.018     .0231782    .247852
> 8
             |
     c.rv558#|
     c.rv558 |  -.0126625   .0045304    -2.80   0.005    -.0215528   -.003772
> 2
             |
   r15agey_b |   .1142094   .0497641     2.30   0.022     .0165544    .211864
> 4
             |
 c.r15agey_b#|
 c.r15agey_b |  -.0007519   .0003488    -2.16   0.031    -.0014363   -.000067
> 4
             |
    ragender |
   2.female  |  -.4445409   .0696726    -6.38   0.000    -.5812634   -.307818
> 4
             |
    race_eth |
   NH Black  |  -.2297159   .0882509    -2.60   0.009    -.4028957    -.05653
> 6
   Hispanic  |  -.1761698   .1095675    -1.61   0.108    -.3911804    .038840
> 9
   NH Other  |  -.2189269   .1865958    -1.17   0.241    -.5850947    .147240
> 9
             |
     raedyrs |   .0937132   .0113841     8.23   0.000     .0713734     .11605
> 3
   r15inlbrf |   .7807946   .0871211     8.96   0.000     .6098318    .951757
> 5
married_2020 |   .1270421   .0727316     1.75   0.081    -.0156835    .269767
> 6
     born_us |    .098553   .1282596     0.77   0.442    -.1531383    .350244
> 3
       _cons |   4.470499   1.771495     2.52   0.012     .9941914    7.94680
> 7
-----------------------------------------------------------------------------
> -
Exporting LaTeX table: /Volumes/SSD PRO/Github-forks/Chp2-BeliefsandTrust/Pap
> er/Tables/trust_income_rv558.tex
(output written to /Volumes/SSD PRO/Github-forks/Chp2-BeliefsandTrust/Paper/T
> ables/trust_income_rv558.tex)

Linear regression                               Number of obs     =        96
> 4
                                                F(2, 961)         =      12.9
> 3
                                                Prob > F          =     0.000
> 0
                                                R-squared         =     0.022
> 7
                                                Root MSE          =     1.035
> 9

-----------------------------------------------------------------------------
> -
             |               Robust
ln_resp_la~c | Coefficient  std. err.      t    P>|t|     [95% conf. interval
> ]
-------------+---------------------------------------------------------------
> -
       rv559 |   .1323551   .0496653     2.66   0.008     .0348901    .229820
> 2
             |
     c.rv559#|
     c.rv559 |  -.0147771   .0039879    -3.71   0.000    -.0226031    -.00695
> 1
             |
       _cons |   9.963537   .1492907    66.74   0.000     9.670564    10.2565
> 1
-----------------------------------------------------------------------------
> -

Linear regression                               Number of obs     =      1,01
> 4
                                                F(2, 1011)        =      17.8
> 2
                                                Prob > F          =     0.000
> 0
                                                R-squared         =     0.029
> 3
                                                Root MSE          =      1.22
> 2

-----------------------------------------------------------------------------
> -
             |               Robust
ln_resp_to~c | Coefficient  std. err.      t    P>|t|     [95% conf. interval
> ]
-------------+---------------------------------------------------------------
> -
       rv559 |   .1983101    .058763     3.37   0.001     .0829987    .313621
> 5
             |
     c.rv559#|
     c.rv559 |  -.0212411   .0046402    -4.58   0.000    -.0303468   -.012135
> 5
             |
       _cons |   10.05455   .1831848    54.89   0.000     9.695085    10.4140
> 2
-----------------------------------------------------------------------------
> -

Linear regression                               Number of obs     =        95
> 4
                                                F(12, 941)        =      29.2
> 2
                                                Prob > F          =     0.000
> 0
                                                R-squared         =     0.240
> 0
                                                Root MSE          =     .9192
> 7

-----------------------------------------------------------------------------
> -
             |               Robust
ln_resp_la~c | Coefficient  std. err.      t    P>|t|     [95% conf. interval
> ]
-------------+---------------------------------------------------------------
> -
       rv559 |   .0395095   .0425764     0.93   0.354    -.0440462    .123065
> 3
             |
     c.rv559#|
     c.rv559 |   -.004725   .0035271    -1.34   0.181    -.0116469    .002196
> 8
             |
   r15agey_b |   .0580346   .0431618     1.34   0.179    -.0266699    .142739
> 1
             |
 c.r15agey_b#|
 c.r15agey_b |  -.0004103   .0003026    -1.36   0.175    -.0010042    .000183
> 6
             |
    ragender |
   2.female  |  -.4384772   .0623044    -7.04   0.000    -.5607489   -.316205
> 4
             |
    race_eth |
   NH Black  |  -.2626224   .0869541    -3.02   0.003    -.4332688    -.09197
> 6
   Hispanic  |   -.131944   .0952966    -1.38   0.167    -.3189624    .055074
> 5
   NH Other  |  -.1445196   .1651953    -0.87   0.382    -.4687133    .179674
> 2
             |
     raedyrs |   .0737693   .0105719     6.98   0.000     .0530221    .094516
> 6
   r15inlbrf |   .6057663   .0811125     7.47   0.000      .446584    .764948
> 7
married_2020 |  -.0216186   .0657217    -0.33   0.742    -.1505966    .107359
> 5
     born_us |   .1583046   .1157918     1.37   0.172    -.0689354    .385544
> 6
       _cons |   7.056196   1.478923     4.77   0.000     4.153828    9.95856
> 5
-----------------------------------------------------------------------------
> -

Linear regression                               Number of obs     =      1,00
> 3
                                                F(12, 990)        =      38.1
> 4
                                                Prob > F          =     0.000
> 0
                                                R-squared         =     0.259
> 8
                                                Root MSE          =     1.069
> 3

-----------------------------------------------------------------------------
> -
             |               Robust
ln_resp_to~c | Coefficient  std. err.      t    P>|t|     [95% conf. interval
> ]
-------------+---------------------------------------------------------------
> -
       rv559 |   .0842592   .0498986     1.69   0.092    -.0136599    .182178
> 3
             |
     c.rv559#|
     c.rv559 |  -.0094345   .0040896    -2.31   0.021    -.0174599   -.001409
> 2
             |
   r15agey_b |   .1204809   .0499122     2.41   0.016     .0225351    .218426
> 7
             |
 c.r15agey_b#|
 c.r15agey_b |  -.0007889   .0003488    -2.26   0.024    -.0014733   -.000104
> 5
             |
    ragender |
   2.female  |  -.4426569   .0689125    -6.42   0.000    -.5778883   -.307425
> 5
             |
    race_eth |
   NH Black  |  -.2342663   .0866657    -2.70   0.007    -.4043359   -.064196
> 7
   Hispanic  |  -.1601785   .1100512    -1.46   0.146    -.3761388    .055781
> 9
   NH Other  |  -.2151793   .1865627    -1.15   0.249    -.5812831    .150924
> 5
             |
     raedyrs |   .0935429   .0113725     8.23   0.000      .071226    .115859
> 8
   r15inlbrf |   .7850604    .087253     9.00   0.000     .6138384    .956282
> 4
married_2020 |   .1081493    .073109     1.48   0.139    -.0353172    .251615
> 8
     born_us |   .0868525    .130062     0.67   0.504    -.1683763    .342081
> 3
       _cons |   4.403513   1.771981     2.49   0.013     .9262418    7.88078
> 3
-----------------------------------------------------------------------------
> -
Exporting LaTeX table: /Volumes/SSD PRO/Github-forks/Chp2-BeliefsandTrust/Pap
> er/Tables/trust_income_rv559.tex
(output written to /Volumes/SSD PRO/Github-forks/Chp2-BeliefsandTrust/Paper/T
> ables/trust_income_rv559.tex)

Linear regression                               Number of obs     =        96
> 5
                                                F(2, 962)         =      11.2
> 8
                                                Prob > F          =     0.000
> 0
                                                R-squared         =     0.022
> 1
                                                Root MSE          =     1.040
> 3

-----------------------------------------------------------------------------
> -
             |               Robust
ln_resp_la~c | Coefficient  std. err.      t    P>|t|     [95% conf. interval
> ]
-------------+---------------------------------------------------------------
> -
       rv560 |   .1979675   .0435147     4.55   0.000     .1125729    .283362
> 2
             |
     c.rv560#|
     c.rv560 |  -.0175525   .0036959    -4.75   0.000    -.0248054   -.010299
> 6
             |
       _cons |   9.686668   .1227905    78.89   0.000       9.4457    9.92763
> 6
-----------------------------------------------------------------------------
> -

Linear regression                               Number of obs     =      1,01
> 5
                                                F(2, 1012)        =       8.4
> 5
                                                Prob > F          =     0.000
> 2
                                                R-squared         =     0.014
> 7
                                                Root MSE          =     1.237
> 8

-----------------------------------------------------------------------------
> -
             |               Robust
ln_resp_to~c | Coefficient  std. err.      t    P>|t|     [95% conf. interval
> ]
-------------+---------------------------------------------------------------
> -
       rv560 |   .1937311   .0473796     4.09   0.000     .1007576    .286704
> 6
             |
     c.rv560#|
     c.rv560 |  -.0167333    .004141    -4.04   0.000    -.0248592   -.008607
> 4
             |
       _cons |   9.890464   .1280719    77.23   0.000     9.639147    10.1417
> 8
-----------------------------------------------------------------------------
> -

Linear regression                               Number of obs     =        95
> 5
                                                F(12, 942)        =      29.4
> 7
                                                Prob > F          =     0.000
> 0
                                                R-squared         =     0.240
> 9
                                                Root MSE          =     .9224
> 4

-----------------------------------------------------------------------------
> -
             |               Robust
ln_resp_la~c | Coefficient  std. err.      t    P>|t|     [95% conf. interval
> ]
-------------+---------------------------------------------------------------
> -
       rv560 |   .0716141   .0399108     1.79   0.073    -.0067102    .149938
> 5
             |
     c.rv560#|
     c.rv560 |  -.0060423   .0033943    -1.78   0.075    -.0127036    .000619
> 1
             |
   r15agey_b |   .0531795   .0431261     1.23   0.218    -.0314548    .137813
> 7
             |
 c.r15agey_b#|
 c.r15agey_b |  -.0003828   .0003021    -1.27   0.205    -.0009756      .0002
> 1
             |
    ragender |
   2.female  |   -.445537   .0618426    -7.20   0.000    -.5669023   -.324171
> 7
             |
    race_eth |
   NH Black  |   -.256288   .0861736    -2.97   0.003    -.4254025   -.087173
> 5
   Hispanic  |  -.1367315   .0956489    -1.43   0.153    -.3244411    .050978
> 1
   NH Other  |  -.1269061   .1638664    -0.77   0.439    -.4484916    .194679
> 5
             |
     raedyrs |   .0712309   .0107255     6.64   0.000     .0501822    .092279
> 6
   r15inlbrf |   .6095086   .0805376     7.57   0.000     .4514547    .767562
> 5
married_2020 |  -.0209755   .0647578    -0.32   0.746    -.1480618    .106110
> 7
     born_us |   .1828688    .115831     1.58   0.115    -.0444478    .410185
> 4
       _cons |   7.129303   1.482582     4.81   0.000     4.219757    10.0388
> 5
-----------------------------------------------------------------------------
> -

Linear regression                               Number of obs     =      1,00
> 4
                                                F(12, 991)        =      36.8
> 0
                                                Prob > F          =     0.000
> 0
                                                R-squared         =     0.256
> 1
                                                Root MSE          =     1.077
> 8

-----------------------------------------------------------------------------
> -
             |               Robust
ln_resp_to~c | Coefficient  std. err.      t    P>|t|     [95% conf. interval
> ]
-------------+---------------------------------------------------------------
> -
       rv560 |   .0248343   .0405577     0.61   0.540    -.0547545    .104423
> 1
             |
     c.rv560#|
     c.rv560 |  -.0017311   .0036007    -0.48   0.631    -.0087969    .005334
> 8
             |
   r15agey_b |   .1242852   .0509053     2.44   0.015     .0243906    .224179
> 8
             |
 c.r15agey_b#|
 c.r15agey_b |  -.0008329   .0003563    -2.34   0.020    -.0015322   -.000133
> 7
             |
    ragender |
   2.female  |   -.438799   .0687382    -6.38   0.000    -.5736882   -.303909
> 9
             |
    race_eth |
   NH Black  |  -.2532059   .0864089    -2.93   0.003    -.4227713   -.083640
> 4
   Hispanic  |  -.1889629   .1097132    -1.72   0.085    -.4042599     .02633
> 4
   NH Other  |  -.2152409   .1843864    -1.17   0.243    -.5770735    .146591
> 7
             |
     raedyrs |    .096544   .0116703     8.27   0.000     .0736425    .119445
> 4
   r15inlbrf |   .7882763    .088288     8.93   0.000     .6150234    .961529
> 1
married_2020 |   .1377905   .0713759     1.93   0.054    -.0022748    .277855
> 9
     born_us |   .1085946   .1315903     0.83   0.409     -.149633    .366822
> 3
       _cons |   4.302925   1.784368     2.41   0.016     .8013516    7.80449
> 8
-----------------------------------------------------------------------------
> -
Exporting LaTeX table: /Volumes/SSD PRO/Github-forks/Chp2-BeliefsandTrust/Pap
> er/Tables/trust_income_rv560.tex
(output written to /Volumes/SSD PRO/Github-forks/Chp2-BeliefsandTrust/Paper/T
> ables/trust_income_rv560.tex)

Linear regression                               Number of obs     =        94
> 8
                                                F(2, 945)         =      16.6
> 7
                                                Prob > F          =     0.000
> 0
                                                R-squared         =     0.030
> 6
                                                Root MSE          =      1.00
> 9

-----------------------------------------------------------------------------
> -
             |               Robust
ln_resp_la~c | Coefficient  std. err.      t    P>|t|     [95% conf. interval
> ]
-------------+---------------------------------------------------------------
> -
       rv561 |   .1903667   .0334814     5.69   0.000     .1246602    .256073
> 1
             |
     c.rv561#|
     c.rv561 |   -.017034   .0033613    -5.07   0.000    -.0236304   -.010437
> 5
             |
       _cons |   9.745654   .0762152   127.87   0.000     9.596083    9.89522
> 4
-----------------------------------------------------------------------------
> -

Linear regression                               Number of obs     =        99
> 7
                                                F(2, 994)         =      15.3
> 0
                                                Prob > F          =     0.000
> 0
                                                R-squared         =     0.023
> 5
                                                Root MSE          =     1.211
> 1

-----------------------------------------------------------------------------
> -
             |               Robust
ln_resp_to~c | Coefficient  std. err.      t    P>|t|     [95% conf. interval
> ]
-------------+---------------------------------------------------------------
> -
       rv561 |    .195606   .0381819     5.12   0.000     .1206797    .270532
> 4
             |
     c.rv561#|
     c.rv561 |  -.0167582   .0039626    -4.23   0.000    -.0245343   -.008982
> 1
             |
       _cons |   9.928663   .0801584   123.86   0.000     9.771363    10.0859
> 6
-----------------------------------------------------------------------------
> -

Linear regression                               Number of obs     =        93
> 8
                                                F(12, 925)        =      29.7
> 9
                                                Prob > F          =     0.000
> 0
                                                R-squared         =     0.246
> 9
                                                Root MSE          =      .894
> 9

-----------------------------------------------------------------------------
> -
             |               Robust
ln_resp_la~c | Coefficient  std. err.      t    P>|t|     [95% conf. interval
> ]
-------------+---------------------------------------------------------------
> -
       rv561 |   .0684554   .0323921     2.11   0.035     .0048849    .132025
> 9
             |
     c.rv561#|
     c.rv561 |  -.0058568   .0031205    -1.88   0.061    -.0119808    .000267
> 2
             |
   r15agey_b |    .029932   .0351507     0.85   0.395    -.0390524    .098916
> 4
             |
 c.r15agey_b#|
 c.r15agey_b |  -.0002285   .0002517    -0.91   0.364    -.0007224    .000265
> 4
             |
    ragender |
   2.female  |  -.4382892   .0621724    -7.05   0.000    -.5603045   -.316273
> 9
             |
    race_eth |
   NH Black  |  -.2286106   .0812955    -2.81   0.005    -.3881555   -.069065
> 6
   Hispanic  |  -.1296052   .0943644    -1.37   0.170    -.3147983     .05558
> 8
   NH Other  |  -.1495855    .165672    -0.90   0.367    -.4747222    .175551
> 1
             |
     raedyrs |   .0731494   .0106489     6.87   0.000     .0522505    .094048
> 3
   r15inlbrf |   .5516872   .0726575     7.59   0.000     .4090944    .694279
> 9
married_2020 |  -.0003369   .0629458    -0.01   0.996    -.1238701    .123196
> 3
     born_us |   .2112757   .1174492     1.80   0.072    -.0192222    .441773
> 6
       _cons |   7.968479    1.22041     6.53   0.000     5.573385    10.3635
> 7
-----------------------------------------------------------------------------
> -

Linear regression                               Number of obs     =        98
> 6
                                                F(12, 973)        =      38.0
> 8
                                                Prob > F          =     0.000
> 0
                                                R-squared         =     0.259
> 1
                                                Root MSE          =      1.05
> 7

-----------------------------------------------------------------------------
> -
             |               Robust
ln_resp_to~c | Coefficient  std. err.      t    P>|t|     [95% conf. interval
> ]
-------------+---------------------------------------------------------------
> -
       rv561 |   .0586679   .0343092     1.71   0.088    -.0086607    .125996
> 5
             |
     c.rv561#|
     c.rv561 |  -.0048963   .0035794    -1.37   0.172    -.0119204    .002127
> 9
             |
   r15agey_b |   .1024351   .0464357     2.21   0.028     .0113094    .193560
> 7
             |
 c.r15agey_b#|
 c.r15agey_b |  -.0006898   .0003265    -2.11   0.035    -.0013306   -.000049
> 1
             |
    ragender |
   2.female  |  -.4332701   .0697603    -6.21   0.000    -.5701681   -.296372
> 1
             |
    race_eth |
   NH Black  |  -.2257394   .0828161    -2.73   0.007    -.3882581   -.063220
> 7
   Hispanic  |   -.181328   .1096732    -1.65   0.099    -.3965512    .033895
> 2
   NH Other  |  -.2427289   .1855498    -1.31   0.191    -.6068527     .12139
> 5
             |
     raedyrs |   .0968548   .0115214     8.41   0.000      .074245    .119464
> 5
   r15inlbrf |   .7317621   .0852112     8.59   0.000     .5645433    .898980
> 9
married_2020 |   .1457429    .069909     2.08   0.037     .0085531    .282932
> 8
     born_us |   .1488521   .1333837     1.12   0.265    -.1129008     .41060
> 5
       _cons |   5.043083   1.652248     3.05   0.002     1.800702    8.28546
> 4
-----------------------------------------------------------------------------
> -
Exporting LaTeX table: /Volumes/SSD PRO/Github-forks/Chp2-BeliefsandTrust/Pap
> er/Tables/trust_income_rv561.tex
(output written to /Volumes/SSD PRO/Github-forks/Chp2-BeliefsandTrust/Paper/T
> ables/trust_income_rv561.tex)

Linear regression                               Number of obs     =        92
> 1
                                                F(2, 918)         =      22.0
> 4
                                                Prob > F          =     0.000
> 0
                                                R-squared         =     0.041
> 6
                                                Root MSE          =     1.030
> 1

-----------------------------------------------------------------------------
> -
             |               Robust
ln_resp_la~c | Coefficient  std. err.      t    P>|t|     [95% conf. interval
> ]
-------------+---------------------------------------------------------------
> -
       rv562 |   .2038636   .0346125     5.89   0.000     .1359348    .271792
> 4
             |
     c.rv562#|
     c.rv562 |  -.0164206   .0036027    -4.56   0.000    -.0234911   -.009350
> 2
             |
       _cons |   9.657798   .0767602   125.82   0.000     9.507152    9.80844
> 4
-----------------------------------------------------------------------------
> -

Linear regression                               Number of obs     =        96
> 8
                                                F(2, 965)         =      20.6
> 5
                                                Prob > F          =     0.000
> 0
                                                R-squared         =     0.033
> 4
                                                Root MSE          =     1.229
> 6

-----------------------------------------------------------------------------
> -
             |               Robust
ln_resp_to~c | Coefficient  std. err.      t    P>|t|     [95% conf. interval
> ]
-------------+---------------------------------------------------------------
> -
       rv562 |   .2136364   .0390534     5.47   0.000      .136997    .290275
> 7
             |
     c.rv562#|
     c.rv562 |  -.0168022   .0040599    -4.14   0.000    -.0247695   -.008834
> 9
             |
       _cons |   9.829458   .0806072   121.94   0.000     9.671273    9.98764
> 4
-----------------------------------------------------------------------------
> -

Linear regression                               Number of obs     =        91
> 1
                                                F(12, 898)        =      30.3
> 8
                                                Prob > F          =     0.000
> 0
                                                R-squared         =     0.253
> 7
                                                Root MSE          =      .915
> 1

-----------------------------------------------------------------------------
> -
             |               Robust
ln_resp_la~c | Coefficient  std. err.      t    P>|t|     [95% conf. interval
> ]
-------------+---------------------------------------------------------------
> -
       rv562 |   .0611119   .0329953     1.85   0.064     -.003645    .125868
> 9
             |
     c.rv562#|
     c.rv562 |  -.0036569   .0033005    -1.11   0.268    -.0101345    .002820
> 6
             |
   r15agey_b |   .0599044   .0443677     1.35   0.177     -.027172    .146980
> 8
             |
 c.r15agey_b#|
 c.r15agey_b |  -.0004389    .000311    -1.41   0.159    -.0010493    .000171
> 5
             |
    ragender |
   2.female  |  -.4284194   .0630839    -6.79   0.000    -.5522285   -.304610
> 4
             |
    race_eth |
   NH Black  |  -.2604895   .0892493    -2.92   0.004     -.435651   -.085328
> 1
   Hispanic  |  -.1411822   .0955452    -1.48   0.140    -.3287001    .046335
> 6
   NH Other  |  -.1036173   .1675433    -0.62   0.536    -.4324392    .225204
> 7
             |
     raedyrs |    .073262   .0110704     6.62   0.000     .0515351    .094988
> 9
   r15inlbrf |   .5990682   .0829352     7.22   0.000     .4362988    .761837
> 6
married_2020 |  -.0338237   .0660887    -0.51   0.609      -.16353    .095882
> 5
     born_us |   .2270661   .1201915     1.89   0.059    -.0088229     .46295
> 5
       _cons |   6.865603   1.533154     4.48   0.000     3.856621    9.87458
> 6
-----------------------------------------------------------------------------
> -

Linear regression                               Number of obs     =        95
> 7
                                                F(12, 944)        =      37.3
> 2
                                                Prob > F          =     0.000
> 0
                                                R-squared         =     0.263
> 3
                                                Root MSE          =      1.07
> 6

-----------------------------------------------------------------------------
> -
             |               Robust
ln_resp_to~c | Coefficient  std. err.      t    P>|t|     [95% conf. interval
> ]
-------------+---------------------------------------------------------------
> -
       rv562 |   .0414987   .0348319     1.19   0.234    -.0268583    .109855
> 7
             |
     c.rv562#|
     c.rv562 |  -.0020189   .0035274    -0.57   0.567    -.0089414    .004903
> 5
             |
   r15agey_b |   .1398874   .0511631     2.73   0.006     .0394808    .240293
> 9
             |
 c.r15agey_b#|
 c.r15agey_b |  -.0009575   .0003569    -2.68   0.007    -.0016578   -.000257
> 2
             |
    ragender |
   2.female  |  -.4226576    .070312    -6.01   0.000    -.5606434   -.284671
> 7
             |
    race_eth |
   NH Black  |  -.2429806   .0882676    -2.75   0.006     -.416204   -.069757
> 3
   Hispanic  |  -.1703793   .1114974    -1.53   0.127    -.3891907     .04843
> 2
   NH Other  |  -.2213072   .1874365    -1.18   0.238    -.5891475    .146533
> 2
             |
     raedyrs |   .0958646   .0120645     7.95   0.000     .0721884    .119540
> 9
   r15inlbrf |   .7840422   .0925331     8.47   0.000     .6024478    .965636
> 7
married_2020 |   .1317149    .072814     1.81   0.071    -.0111812     .27461
> 1
     born_us |   .1632536   .1376915     1.19   0.236    -.1069633    .433470
> 5
       _cons |   3.716406   1.803687     2.06   0.040     .1767072    7.25610
> 5
-----------------------------------------------------------------------------
> -
Exporting LaTeX table: /Volumes/SSD PRO/Github-forks/Chp2-BeliefsandTrust/Pap
> er/Tables/trust_income_rv562.tex
(output written to /Volumes/SSD PRO/Github-forks/Chp2-BeliefsandTrust/Paper/T
> ables/trust_income_rv562.tex)

Linear regression                               Number of obs     =        96
> 2
                                                F(2, 959)         =      19.8
> 5
                                                Prob > F          =     0.000
> 0
                                                R-squared         =     0.036
> 4
                                                Root MSE          =     1.031
> 1

-----------------------------------------------------------------------------
> -
             |               Robust
ln_resp_la~c | Coefficient  std. err.      t    P>|t|     [95% conf. interval
> ]
-------------+---------------------------------------------------------------
> -
       rv563 |   .2323491   .0373479     6.22   0.000     .1590562    .305642
> 1
             |
     c.rv563#|
     c.rv563 |  -.0220868   .0035535    -6.22   0.000    -.0290603   -.015113
> 3
             |
       _cons |   9.670145   .0923376   104.73   0.000     9.488938    9.85135
> 2
-----------------------------------------------------------------------------
> -

Linear regression                               Number of obs     =      1,01
> 0
                                                F(2, 1007)        =      18.4
> 4
                                                Prob > F          =     0.000
> 0
                                                R-squared         =     0.029
> 7
                                                Root MSE          =     1.226
> 5

-----------------------------------------------------------------------------
> -
             |               Robust
ln_resp_to~c | Coefficient  std. err.      t    P>|t|     [95% conf. interval
> ]
-------------+---------------------------------------------------------------
> -
       rv563 |   .2445274   .0416974     5.86   0.000     .1627036    .326351
> 2
             |
     c.rv563#|
     c.rv563 |  -.0241275   .0039776    -6.07   0.000    -.0319328   -.016322
> 1
             |
       _cons |   9.892099   .1001314    98.79   0.000     9.695609    10.0885
> 9
-----------------------------------------------------------------------------
> -

Linear regression                               Number of obs     =        95
> 2
                                                F(12, 939)        =      29.8
> 1
                                                Prob > F          =     0.000
> 0
                                                R-squared         =     0.249
> 3
                                                Root MSE          =     .9158
> 7

-----------------------------------------------------------------------------
> -
             |               Robust
ln_resp_la~c | Coefficient  std. err.      t    P>|t|     [95% conf. interval
> ]
-------------+---------------------------------------------------------------
> -
       rv563 |   .1212448   .0349262     3.47   0.001     .0527024    .189787
> 1
             |
     c.rv563#|
     c.rv563 |  -.0096207   .0032892    -2.92   0.004    -.0160757   -.003165
> 6
             |
   r15agey_b |   .0562081   .0434351     1.29   0.196    -.0290329    .141449
> 1
             |
 c.r15agey_b#|
 c.r15agey_b |  -.0004047   .0003049    -1.33   0.185    -.0010031    .000193
> 8
             |
    ragender |
   2.female  |  -.4530804   .0623534    -7.27   0.000    -.5754486   -.330712
> 2
             |
    race_eth |
   NH Black  |  -.2648198   .0861448    -3.07   0.002    -.4338785   -.095761
> 1
   Hispanic  |  -.1206995   .0960982    -1.26   0.209    -.3092915    .067892
> 5
   NH Other  |  -.1392532   .1636603    -0.85   0.395    -.4604356    .181929
> 1
             |
     raedyrs |   .0693451   .0106592     6.51   0.000     .0484266    .090263
> 7
   r15inlbrf |   .6042934   .0797961     7.57   0.000     .4476942    .760892
> 6
married_2020 |   -.021044   .0649287    -0.32   0.746    -.1484663    .106378
> 2
     born_us |   .1869846   .1160871     1.61   0.108    -.0408355    .414804
> 8
       _cons |   6.935308   1.504979     4.61   0.000     3.981796    9.88882
> 1
-----------------------------------------------------------------------------
> -

Linear regression                               Number of obs     =        99
> 9
                                                F(12, 986)        =      37.1
> 1
                                                Prob > F          =     0.000
> 0
                                                R-squared         =     0.259
> 8
                                                Root MSE          =     1.073
> 6

-----------------------------------------------------------------------------
> -
             |               Robust
ln_resp_to~c | Coefficient  std. err.      t    P>|t|     [95% conf. interval
> ]
-------------+---------------------------------------------------------------
> -
       rv563 |   .1050878   .0361478     2.91   0.004     .0341523    .176023
> 3
             |
     c.rv563#|
     c.rv563 |  -.0090618   .0034434    -2.63   0.009     -.015819   -.002304
> 7
             |
   r15agey_b |   .1236299   .0506077     2.44   0.015     .0243187     .22294
> 1
             |
 c.r15agey_b#|
 c.r15agey_b |  -.0008268   .0003544    -2.33   0.020    -.0015223   -.000131
> 3
             |
    ragender |
   2.female  |  -.4354149    .069408    -6.27   0.000    -.5716192   -.299210
> 6
             |
    race_eth |
   NH Black  |  -.2558901   .0864199    -2.96   0.003    -.4254782    -.08630
> 2
   Hispanic  |  -.1611516    .111181    -1.45   0.148    -.3793301     .05702
> 7
   NH Other  |  -.2276379   .1841211    -1.24   0.217    -.5889522    .133676
> 4
             |
     raedyrs |    .091893   .0114459     8.03   0.000     .0694319    .114354
> 1
   r15inlbrf |   .7857023   .0879731     8.93   0.000     .6130662    .958338
> 4
married_2020 |    .130613   .0711484     1.84   0.067    -.0090066    .270232
> 7
     born_us |   .1170502   .1333323     0.88   0.380    -.1445974    .378697
> 8
       _cons |   4.225365   1.785772     2.37   0.018     .7210136    7.72971
> 6
-----------------------------------------------------------------------------
> -
Exporting LaTeX table: /Volumes/SSD PRO/Github-forks/Chp2-BeliefsandTrust/Pap
> er/Tables/trust_income_rv563.tex
(output written to /Volumes/SSD PRO/Github-forks/Chp2-BeliefsandTrust/Paper/T
> ables/trust_income_rv563.tex)

Linear regression                               Number of obs     =        95
> 4
                                                F(2, 951)         =       8.4
> 1
                                                Prob > F          =     0.000
> 2
                                                R-squared         =     0.016
> 9
                                                Root MSE          =     1.040
> 1

-----------------------------------------------------------------------------
> -
             |               Robust
ln_resp_la~c | Coefficient  std. err.      t    P>|t|     [95% conf. interval
> ]
-------------+---------------------------------------------------------------
> -
       rv564 |    .136875   .0337474     4.06   0.000      .070647     .20310
> 3
             |
     c.rv564#|
     c.rv564 |  -.0140653   .0039117    -3.60   0.000    -.0217419   -.006388
> 7
             |
       _cons |   9.924964   .0610743   162.51   0.000     9.805108    10.0448
> 2
-----------------------------------------------------------------------------
> -

Linear regression                               Number of obs     =      1,00
> 3
                                                F(2, 1000)        =       8.8
> 6
                                                Prob > F          =     0.000
> 2
                                                R-squared         =     0.014
> 6
                                                Root MSE          =     1.239
> 8

-----------------------------------------------------------------------------
> -
             |               Robust
ln_resp_to~c | Coefficient  std. err.      t    P>|t|     [95% conf. interval
> ]
-------------+---------------------------------------------------------------
> -
       rv564 |    .156973   .0383312     4.10   0.000     .0817542    .232191
> 7
             |
     c.rv564#|
     c.rv564 |  -.0182436   .0043727    -4.17   0.000    -.0268242   -.009662
> 9
             |
       _cons |    10.1505   .0699893   145.03   0.000     10.01315    10.2878
> 4
-----------------------------------------------------------------------------
> -

Linear regression                               Number of obs     =        94
> 4
                                                F(12, 931)        =      29.4
> 9
                                                Prob > F          =     0.000
> 0
                                                R-squared         =     0.243
> 5
                                                Root MSE          =     .9182
> 3

-----------------------------------------------------------------------------
> -
             |               Robust
ln_resp_la~c | Coefficient  std. err.      t    P>|t|     [95% conf. interval
> ]
-------------+---------------------------------------------------------------
> -
       rv564 |   .0576023    .030332     1.90   0.058    -.0019247    .117129
> 2
             |
     c.rv564#|
     c.rv564 |  -.0023546    .003408    -0.69   0.490    -.0090427    .004333
> 6
             |
   r15agey_b |    .054273   .0430356     1.26   0.208    -.0301849     .13873
> 1
             |
 c.r15agey_b#|
 c.r15agey_b |  -.0003944   .0003017    -1.31   0.191    -.0009864    .000197
> 6
             |
    ragender |
   2.female  |  -.4341161   .0623892    -6.96   0.000    -.5565559   -.311676
> 3
             |
    race_eth |
   NH Black  |  -.3164569   .0875723    -3.61   0.000     -.488319   -.144594
> 8
   Hispanic  |  -.1781017   .0964537    -1.85   0.065    -.3673936    .011190
> 1
   NH Other  |  -.1112691   .1641715    -0.68   0.498    -.4334581      .2109
> 2
             |
     raedyrs |   .0730618   .0106573     6.86   0.000     .0521467    .093976
> 8
   r15inlbrf |      .5923   .0812678     7.29   0.000     .4328107    .751789
> 2
married_2020 |  -.0202585   .0647122    -0.31   0.754    -.1472572    .106740
> 1
     born_us |   .2092721   .1170326     1.79   0.074    -.0204062    .438950
> 4
       _cons |   7.103117   1.489818     4.77   0.000     4.179326    10.0269
> 1
-----------------------------------------------------------------------------
> -

Linear regression                               Number of obs     =        99
> 2
                                                F(12, 979)        =      36.8
> 8
                                                Prob > F          =     0.000
> 0
                                                R-squared         =     0.256
> 2
                                                Root MSE          =     1.079
> 5

-----------------------------------------------------------------------------
> -
             |               Robust
ln_resp_to~c | Coefficient  std. err.      t    P>|t|     [95% conf. interval
> ]
-------------+---------------------------------------------------------------
> -
       rv564 |   .0505381   .0339241     1.49   0.137    -.0160342    .117110
> 3
             |
     c.rv564#|
     c.rv564 |  -.0034604    .003846    -0.90   0.368    -.0110077    .004086
> 9
             |
   r15agey_b |   .1251196   .0506767     2.47   0.014      .025672    .224567
> 1
             |
 c.r15agey_b#|
 c.r15agey_b |  -.0008369   .0003546    -2.36   0.018    -.0015328   -.000140
> 9
             |
    ragender |
   2.female  |  -.4299776   .0694116    -6.19   0.000    -.5661903   -.293764
> 9
             |
    race_eth |
   NH Black  |  -.2905256    .087034    -3.34   0.001    -.4613202   -.119730
> 9
   Hispanic  |  -.1869193   .1111932    -1.68   0.093    -.4051238    .031285
> 2
   NH Other  |   -.235802   .1861634    -1.27   0.206    -.6011271    .129523
> 1
             |
     raedyrs |    .096417   .0114154     8.45   0.000     .0740155    .118818
> 6
   r15inlbrf |   .7858977   .0901568     8.72   0.000     .6089749    .962820
> 4
married_2020 |   .1337503   .0719767     1.86   0.063     -.007496    .274996
> 6
     born_us |   .1473102   .1319919     1.12   0.265    -.1117095    .406329
> 9
       _cons |   4.213583   1.789797     2.35   0.019     .7013042    7.72586
> 2
-----------------------------------------------------------------------------
> -
Exporting LaTeX table: /Volumes/SSD PRO/Github-forks/Chp2-BeliefsandTrust/Pap
> er/Tables/trust_income_rv564.tex
(output written to /Volumes/SSD PRO/Github-forks/Chp2-BeliefsandTrust/Paper/T
> ables/trust_income_rv564.tex)

. 
. * ----------------------------------------------------------------------
. * PCA of trust variables (rv557-rv564) and regressions using PC1
. * ----------------------------------------------------------------------
. di as txt "=== PCA on trust variables (rv557-rv564) ==="
=== PCA on trust variables (rv557-rv564) ===

. capture drop trust_pca1 trust_pca1_z

. capture noisily pca rv557 rv558 rv559 rv560 rv561 rv562 rv563 rv564, compon
> ents(1)

Principal components/correlation                 Number of obs    =        97
> 0
                                                 Number of comp.  =          
> 1
                                                 Trace            =          
> 8
    Rotation: (unrotated = principal)            Rho              =     0.449
> 3

    -------------------------------------------------------------------------
> -
       Component |   Eigenvalue   Difference         Proportion   Cumulative
    -------------+-----------------------------------------------------------
> -
           Comp1 |      3.59438      2.36333             0.4493       0.4493
           Comp2 |      1.23105      .405717             0.1539       0.6032
           Comp3 |      .825336      .120069             0.1032       0.7063
           Comp4 |      .705266      .102935             0.0882       0.7945
           Comp5 |      .602331      .102839             0.0753       0.8698
           Comp6 |      .499493      .138996             0.0624       0.9322
           Comp7 |      .360497      .178854             0.0451       0.9773
           Comp8 |      .181642            .             0.0227       1.0000
    -------------------------------------------------------------------------
> -

Principal components (eigenvectors) 

    --------------------------------------
        Variable |    Comp1 | Unexplained 
    -------------+----------+-------------
           rv557 |   0.2983 |       .6801 
           rv558 |   0.3785 |       .4852 
           rv559 |   0.3750 |       .4945 
           rv560 |   0.3889 |       .4564 
           rv561 |   0.3756 |       .4928 
           rv562 |   0.3503 |        .559 
           rv563 |   0.3775 |       .4878 
           rv564 |   0.2638 |       .7499 
    --------------------------------------

. if _rc==0 {
.     * Proportion of variance explained by PC1 (display only)
.     capture matrix M = e(Prop)
.     if _rc==0 {
.         scalar pc1_prop = M[1,1]
.         di as txt "PC1 variance proportion: " %6.3f pc1_prop
PC1 variance proportion:      .
.     }
.     predict double trust_pca1 if e(sample), score

Scoring coefficients 
    sum of squares(column-loading) = 1

    ------------------------
        Variable |    Comp1 
    -------------+----------
           rv557 |   0.2983 
           rv558 |   0.3785 
           rv559 |   0.3750 
           rv560 |   0.3889 
           rv561 |   0.3756 
           rv562 |   0.3503 
           rv563 |   0.3775 
           rv564 |   0.2638 
    ------------------------
.     egen double trust_pca1_z = std(trust_pca1)
(14,886 missing values generated)
.     quietly count if !missing(trust_pca1_z)
.     di as txt "Non-missing trust_pca1_z: " r(N)
Non-missing trust_pca1_z: 970
. 
.     eststo clear
.     local models_pca_raw ""
.     local models_pca_ctl ""
. 
.     * RAW
.     foreach y of local inc_vars {
  2.         capture confirm variable `y'
  3.         if _rc continue
  4.         quietly count if !missing(`y') & !missing(trust_pca1_z)
  5.         if r(N)==0 continue
  6.         local mname = "pca_raw_`y'"
  7.         eststo `mname': regress `y' c.trust_pca1_z c.trust_pca1_z#c.trus
> t_pca1_z if !missing(`y') & !missing(trust_pca1_z), vce(robust)
  8.         local models_pca_raw "`models_pca_raw' `mname'"
  9.     }

Linear regression                               Number of obs     =        89
> 2
                                                F(2, 889)         =       5.3
> 7
                                                Prob > F          =     0.004
> 8
                                                R-squared         =     0.021
> 6
                                                Root MSE          =     1.004
> 7

-----------------------------------------------------------------------------
> -
             |               Robust
ln_resp_la~c | Coefficient  std. err.      t    P>|t|     [95% conf. interval
> ]
-------------+---------------------------------------------------------------
> -
trust_pca1_z |   .0403917   .0371456     1.09   0.277    -.0325116     .11329
> 5
             |
          c. |
trust_pca1_z#|
          c. |
trust_pca1_z |   -.097284   .0303758    -3.20   0.001    -.1569005   -.037667
> 4
             |
       _cons |   10.23992   .0415374   246.52   0.000     10.15839    10.3214
> 4
-----------------------------------------------------------------------------
> -

Linear regression                               Number of obs     =        93
> 8
                                                F(2, 935)         =       5.0
> 5
                                                Prob > F          =     0.006
> 6
                                                R-squared         =     0.015
> 1
                                                Root MSE          =     1.218
> 3

-----------------------------------------------------------------------------
> -
             |               Robust
ln_resp_to~c | Coefficient  std. err.      t    P>|t|     [95% conf. interval
> ]
-------------+---------------------------------------------------------------
> -
trust_pca1_z |   .0300027   .0413396     0.73   0.468    -.0511265    .111131
> 9
             |
          c. |
trust_pca1_z#|
          c. |
trust_pca1_z |  -.1020455   .0324608    -3.14   0.002      -.16575   -.038340
> 9
             |
       _cons |    10.4394    .049385   211.39   0.000     10.34248    10.5363
> 2
-----------------------------------------------------------------------------
> -
. 
.     * With controls
.     foreach y of local inc_vars {
  2.         capture confirm variable `y'
  3.         if _rc continue
  4.         quietly count if !missing(`y') & !missing(trust_pca1_z)
  5.         if r(N)==0 continue
  6.         local mname = "pca_ctl_`y'"
  7.         eststo `mname': regress `y' c.trust_pca1_z c.trust_pca1_z#c.trus
> t_pca1_z `age_quad' i.ragender `race_factor' `ctrl_in' if !missing(`y') & !
> missing(trust_pca1_z), vce(robust)
  8.         local models_pca_ctl "`models_pca_ctl' `mname'"
  9.     }

Linear regression                               Number of obs     =        88
> 2
                                                F(12, 869)        =      28.4
> 7
                                                Prob > F          =     0.000
> 0
                                                R-squared         =     0.258
> 4
                                                Root MSE          =     .8805
> 5

-----------------------------------------------------------------------------
> -
             |               Robust
ln_resp_la~c | Coefficient  std. err.      t    P>|t|     [95% conf. interval
> ]
-------------+---------------------------------------------------------------
> -
trust_pca1_z |   .0468243   .0330561     1.42   0.157    -.0180549    .111703
> 5
             |
          c. |
trust_pca1_z#|
          c. |
trust_pca1_z |   -.047847   .0254374    -1.88   0.060     -.097773    .002079
> 1
             |
   r15agey_b |   .0238018    .038661     0.62   0.538     -.052078    .099681
> 7
             |
 c.r15agey_b#|
 c.r15agey_b |  -.0001893   .0002766    -0.68   0.494    -.0007322    .000353
> 6
             |
    ragender |
   2.female  |  -.4141041   .0631028    -6.56   0.000    -.5379558   -.290252
> 4
             |
    race_eth |
   NH Black  |  -.2586911   .0811154    -3.19   0.001     -.417896   -.099486
> 2
   Hispanic  |  -.1537251   .0980364    -1.57   0.117    -.3461409    .038690
> 6
   NH Other  |  -.1456895   .1685621    -0.86   0.388     -.476526    .185146
> 9
             |
     raedyrs |   .0778776   .0110584     7.04   0.000     .0561733    .099581
> 9
   r15inlbrf |   .5482525   .0736305     7.45   0.000     .4037381    .692766
> 9
married_2020 |  -.0035608   .0628306    -0.06   0.955    -.1268783    .119756
> 8
     born_us |   .2222109   .1218275     1.82   0.068    -.0168996    .461321
> 4
       _cons |   8.328785   1.338323     6.22   0.000     5.702061    10.9555
> 1
-----------------------------------------------------------------------------
> -

Linear regression                               Number of obs     =        92
> 7
                                                F(12, 914)        =      34.9
> 3
                                                Prob > F          =     0.000
> 0
                                                R-squared         =     0.259
> 7
                                                Root MSE          =     1.058
> 5

-----------------------------------------------------------------------------
> -
             |               Robust
ln_resp_to~c | Coefficient  std. err.      t    P>|t|     [95% conf. interval
> ]
-------------+---------------------------------------------------------------
> -
trust_pca1_z |   .0156647   .0356712     0.44   0.661    -.0543422    .085671
> 6
             |
          c. |
trust_pca1_z#|
          c. |
trust_pca1_z |  -.0443155   .0260913    -1.70   0.090    -.0955213    .006890
> 3
             |
   r15agey_b |    .111327   .0476959     2.33   0.020     .0177208    .204933
> 2
             |
 c.r15agey_b#|
 c.r15agey_b |  -.0007603   .0003347    -2.27   0.023    -.0014171   -.000103
> 5
             |
    ragender |
   2.female  |  -.4284414   .0706004    -6.07   0.000    -.5669991   -.289883
> 7
             |
    race_eth |
   NH Black  |  -.2249875   .0830605    -2.71   0.007     -.387999    -.06197
> 6
   Hispanic  |  -.1669289   .1150752    -1.45   0.147    -.3927713    .058913
> 5
   NH Other  |  -.2493434   .1920318    -1.30   0.194    -.6262179    .127531
> 1
             |
     raedyrs |   .0953709   .0119435     7.99   0.000     .0719309    .118810
> 8
   r15inlbrf |   .7547066   .0873474     8.64   0.000     .5832819    .926131
> 3
married_2020 |   .1624673    .071206     2.28   0.023     .0227212    .302213
> 5
     born_us |   .1642683   .1406086     1.17   0.243     -.111685    .440221
> 6
       _cons |     4.9107   1.701086     2.89   0.004     1.572211     8.2491
> 9
-----------------------------------------------------------------------------
> -
. 
.     * Export PCA table -> Paper/Tables
.     local outfile_pca "`tables'/trust_income_pca.tex"
.     di as txt "Exporting LaTeX table: `outfile_pca'"
Exporting LaTeX table: /Volumes/SSD PRO/Github-forks/Chp2-BeliefsandTrust/Pap
> er/Tables/trust_income_pca.tex
.     if "`models_pca_raw'`models_pca_ctl'" != "" {
.         local pc1_str : display %6.3f pc1_prop
.         
.         * Short, human column titles for 4 models (log income only)
.         local mt "log Lab" "log Tot" "log Lab" "log Tot"
.         
.         * Short row names (LaTeX-safe)
.         local vlab trust_pca1_z         "Trust PC1"
.         local vlab2 c.trust_pca1_z#c.trust_pca1_z "Trust PC1\$^{2}\$"
.         local vlab3 r15agey_b    "Age"
.         local vlab4 c.r15agey_b#c.r15agey_b "Age\$^{2}\$"
.         local vlab5 ragender     "Female"
.         local vlab6 2.race_eth   "NH Black"
.         local vlab7 3.race_eth   "Hispanic"
.         local vlab8 4.race_eth   "NH Other"
.         local vlab9 raedyrs      "Years of education"
.         local vlab10 r15inlbrf    "In labor force"
.         local vlab11 married_2020 "Married"
.         local vlab12 born_us      "Born in U.S."
.         
.         esttab `models_pca_raw' `models_pca_ctl' using "`outfile_pca'", rep
> lace ///
>             booktabs se star(* 0.10 ** 0.05 *** 0.01) ///
>             compress b(%9.3f) se(%9.3f) ///
>             mtitles("log Lab" "log Tot" "log Lab" "log Tot") ///
>             posthead("& \multicolumn{2}{c}{No controls} & \multicolumn{2}{c
> }{With controls} \\\\ \cmidrule(lr){2-3}\cmidrule(lr){4-5}") ///
>             varlabels(`vlab' `vlab2' `vlab3' `vlab4' `vlab5' `vlab6' `vlab7
> ' `vlab8' `vlab9' `vlab10' `vlab11' `vlab12') ///
>             stats(N r2_a, labels("Observations" "Adj. R-squared")) ///
>             title("Log Income (2020) on Trust PC1") ///
>             addnote("Robust SEs in parentheses; Age entered quadratically w
> hen available." "Controls (when included): raedyrs, in labor force, married
> , born in U.S." "PC1 variance prop = `pc1_str'")
(output written to /Volumes/SSD PRO/Github-forks/Chp2-BeliefsandTrust/Paper/T
> ables/trust_income_pca.tex)
.     }
.     else {
.         di as warn "No PCA models estimated; skipping export."
.     }
. }

. else {
.     di as error "PCA failed; trust PCA regressions skipped."
. }

. 
. di as txt "All regressions completed and tables exported."
All regressions completed and tables exported.

. 
. log close
      name:  <unnamed>
       log:  /Volumes/SSD PRO/Github-forks/Chp2-BeliefsandTrust/Code/Data/HRS
> _Long/randhrs1992_2022v1_STATA/reg_inc_trust_2020.log
  log type:  text
 closed on:   3 Nov 2025, 15:48:55
-----------------------------------------------------------------------------
