-------------------------------------------------------------------------
      name:  <unnamed>
       log:  /Volumes/SSD PRO/Github-forks/Chp2-BeliefsandTrust/Code/Data
> /HRS_Long/randhrs1992_2022v1_STATA/reg_inc_trust_2020.log
  log type:  text
 opened on:  17 Nov 2025, 11:40:48

. 
. set more off

. 
. * Ensure estout is available for table export
. capture which esttab

. if _rc {
.         ssc install estout, replace
. }

. 
. * Master dataset with all computed variables
. local master "/Volumes/SSD PRO/Github-forks/Chp2-BeliefsandTrust/Code/D
> ata/HRS_Long/randhrs1992_2022v1_STATA/_randhrs1992_2022v1_analysis.dta"

. capture confirm file "`master'"

. if _rc {
.     di as error "ERROR: master file not found -> `master'"
.     exit 198
. }

. use "`master'", clear

. di as txt "Using master file: `master'"
Using master file: /Volumes/SSD PRO/Github-forks/Chp2-BeliefsandTrust/Cod
> e/Data/HRS_Long/randhrs1992_2022v1_STATA/_randhrs1992_2022v1_analysis.d
> ta

. 
. di as txt ""


. * Trust variables (2020)
. local trust_vars "rv557 rv558 rv559 rv560 rv561 rv562 rv563 rv564"

. 
. * Income variables: log versions only
. * Priority: resp_lab_inc_2020 and resp_tot_inc_2020 (constructed from R
> 15/2020 wave components)
. * Note: We use shorter log variable names (without _2020 suffix) to kee
> p estimate names within Stata limits
. di as txt "=== Creating log versions of income variables ==="
=== Creating log versions of income variables ===

. 
. local inc_vars ""

. 
. * Check for resp_lab_inc_2020 and create log version (using shorter nam
> e for compatibility)
. * Note: Using ln(var + 1) convention to handle zeros
. capture confirm variable resp_lab_inc_2020

. if !_rc {
.     capture drop ln_resp_lab_inc
.     gen double ln_resp_lab_inc = ln(resp_lab_inc_2020 + 1)
(3,688 missing values generated)
.     label var ln_resp_lab_inc "log(resp_lab_inc + 1) - 2020 wave"
.     local inc_vars "`inc_vars' ln_resp_lab_inc"
.     di as txt "Log labor income (ln_resp_lab_inc) created from resp_lab
> _inc_2020 (2020 wave data, using +1)"
Log labor income (ln_resp_lab_inc) created from resp_lab_inc_2020 (2020 w
> ave data, using +1)
. }

. else {
.     * Fallback: check for resp_lab_inc (no suffix)
.     capture confirm variable resp_lab_inc
.     if !_rc {
.         capture drop ln_resp_lab_inc
.         gen double ln_resp_lab_inc = ln(resp_lab_inc + 1)
.         label var ln_resp_lab_inc "log(resp_lab_inc + 1)"
.         local inc_vars "`inc_vars' ln_resp_lab_inc"
.         di as txt "Log labor income (ln_resp_lab_inc) created from resp
> _lab_inc (using +1)"
.     }
. }

. 
. * Check for resp_tot_inc_2020 and create log version (using shorter nam
> e for compatibility)
. * Note: Using ln(var + 1) convention to handle zeros
. capture confirm variable resp_tot_inc_2020

. if !_rc {
.     capture drop ln_resp_tot_inc
.     gen double ln_resp_tot_inc = ln(resp_tot_inc_2020 + 1)
(3,688 missing values generated)
.     label var ln_resp_tot_inc "log(resp_tot_inc + 1) - 2020 wave"
.     if "`inc_vars'" != "" {
.         local inc_vars "`inc_vars' ln_resp_tot_inc"
.     }
.     else {
.         local inc_vars "ln_resp_tot_inc"
.     }
.     di as txt "Log total income (ln_resp_tot_inc) created from resp_tot
> _inc_2020 (2020 wave data, using +1)"
Log total income (ln_resp_tot_inc) created from resp_tot_inc_2020 (2020 w
> ave data, using +1)
. }

. else {
.     * Fallback: check for resp_tot_inc (no suffix)
.     capture confirm variable resp_tot_inc
.     if !_rc {
.         capture drop ln_resp_tot_inc
.         gen double ln_resp_tot_inc = ln(resp_tot_inc + 1)
.         label var ln_resp_tot_inc "log(resp_tot_inc + 1)"
.         if "`inc_vars'" != "" {
.             local inc_vars "`inc_vars' ln_resp_tot_inc"
.         }
.         else {
.             local inc_vars "ln_resp_tot_inc"
.         }
.         di as txt "Log total income (ln_resp_tot_inc) created from resp
> _tot_inc (using +1)"
.     }
. }

. 
. * Quick overlap diagnostics for sample sizes
. quietly count

. local N_all = r(N)

. 
. di as txt "=== Quick overlap check: ln_resp_lab_inc and rv557 ==="
=== Quick overlap check: ln_resp_lab_inc and rv557 ===

. quietly count if !missing(ln_resp_lab_inc)

. di as txt "  Non-missing ln_resp_lab_inc: " r(N) " of " `N_all'
  Non-missing ln_resp_lab_inc: 12168 of 15856

. quietly count if !missing(rv557)

. di as txt "  Non-missing rv557:        " r(N) " of " `N_all'
  Non-missing rv557:        1059 of 15856

. quietly count if !missing(ln_resp_lab_inc) & !missing(rv557)

. di as txt "  Non-missing both:         " r(N) " of " `N_all'
  Non-missing both:         1059 of 15856

. 
. di as txt ""


. 
. * Controls: age, gender, education, employment, marital status, immigra
> tion, race/ethnicity
. local ctrl_vars "r15agey_b ragender raedyrs r15inlbrf married_2020 born
> _us"

. 
. di as txt "Controls to include (if present):"
Controls to include (if present):

. di as txt "  `ctrl_vars'"
  r15agey_b ragender raedyrs r15inlbrf married_2020 born_us

. 
. * Check which controls are actually present
. * Exclude ragender from ctrl_in since it's handled as factor variable i
> .ragender
. * Also handle race_eth as factor variable separately
. local ctrl_in ""

. local age_quad ""

. local race_factor ""

. foreach c of local ctrl_vars {
  2.     capture confirm variable `c'
  3.     if !_rc {
  4.         if "`c'" == "r15agey_b" {
  5.             local age_quad "c.r15agey_b c.r15agey_b#c.r15agey_b"
  6.         }
  7.         else if "`c'" == "ragender" {
  8.             * Skip ragender - handled separately as i.ragender
.         }
  9.         else {
 10.             local ctrl_in "`ctrl_in' `c'"
 11.         }
 12.     }
 13. }

. * Add race/ethnicity as factor variable if available
. capture confirm variable race_eth

. if !_rc {
.     local race_factor "i.race_eth"
. }

. di as txt "Controls actually included: `ctrl_in' with age quad if avail
> able"
Controls actually included:  raedyrs r15inlbrf married_2020 born_us with 
> age quad if available

. if "`race_factor'" != "" {
.     di as txt "Race/ethnicity factor variable included: `race_factor'"
Race/ethnicity factor variable included: i.race_eth
. }

. 
. di as txt ""


. * ---------------------------------------------------------------------
> -
. * Collect and export: one LaTeX table per trust variable (8 columns: 4 
> raw + 4 +controls)
. * ---------------------------------------------------------------------
> -
. foreach t of local trust_vars {
  2.     capture confirm variable `t'
  3.     if _rc {
  4.         di as warn "Skipping trust var (not found): `t'"
  5.         continue
  6.     }
  7. 
.     eststo clear
  8.     local models_raw ""
  9.     local models_ctl ""
 10. 
.     * Raw (no controls)
.     foreach y of local inc_vars {
 11.         capture confirm variable `y'
 12.         if _rc continue
 13.         quietly count if !missing(`y') & !missing(`t')
 14.         if r(N)==0 continue
 15.         local mname = "`t'_raw_`y'"
 16.         eststo `mname': regress `y' c.`t' c.`t'#c.`t' if !missing(`y
> ') & !missing(`t'), vce(robust)
 17.         local models_raw "`models_raw' `mname'"
 18.     }
 19. 
.     * With controls
.     foreach y of local inc_vars {
 20.         capture confirm variable `y'
 21.         if _rc continue
 22.         quietly count if !missing(`y') & !missing(`t')
 23.         if r(N)==0 continue
 24.         local mname = "`t'_ctl_`y'"
 25.         eststo `mname': regress `y' c.`t' c.`t'#c.`t' `age_quad' i.r
> agender `race_factor' `ctrl_in' if !missing(`y') & !missing(`t'), vce(r
> obust)
 26.         local models_ctl "`models_ctl' `mname'"
 27.     }
 28. 
.     * Export table for this trust variable -> Paper/Tables
.     local tables "/Volumes/SSD PRO/Github-forks/Chp2-BeliefsandTrust/Pa
> per/Tables"
 29.     local outfile "`tables'/trust_income_`t'.tex"
 30.     di as txt "Exporting LaTeX table: `outfile'"
 31.     if "`models_raw'`models_ctl'" != "" {
 32.         * Short, human column titles for 4 models (log income only)
.         local mt "log Lab" "log Tot" "log Lab" "log Tot"
 33.         
.         * Create trust variable label based on which variable it is
.         local trust_label ""
 34.         if "`t'" == "rv557" local trust_label "Trust in others - 557
> "
 35.         else if "`t'" == "rv558" local trust_label "Trust in Social 
> Security - 558"
 36.         else if "`t'" == "rv559" local trust_label "Trust in Medicar
> e/Medicaid - 559"
 37.         else if "`t'" == "rv560" local trust_label "Trust in Banks -
>  560"
 38.         else if "`t'" == "rv561" local trust_label "Trust in Financi
> al Advisors - 561"
 39.         else if "`t'" == "rv562" local trust_label "Trust in Mutual 
> Funds - 562"
 40.         else if "`t'" == "rv563" local trust_label "Trust in Insuran
> ce Companies - 563"
 41.         else if "`t'" == "rv564" local trust_label "Trust in Mass Me
> dia - 564"
 42.         else local trust_label "Trust `t'"
 43.         
.         * Short row names (LaTeX-safe)
.         local vlab `t'         "`trust_label'"
 44.         local vlab2 c.`t'#c.`t' "Trust\$^{2}\$"
 45.         local vlab3 r15agey_b    "Age"
 46.         local vlab4 c.r15agey_b#c.r15agey_b "Age\$^{2}\$"
 47.         local vlab5 2.ragender     "Female"
 48.         local vlab6 2.race_eth   "NH Black"
 49.         local vlab7 3.race_eth   "Hispanic"
 50.         local vlab8 4.race_eth   "NH Other"
 51.         local vlab9 raedyrs      "Years of education"
 52.         local vlab10 r15inlbrf    "In labor force"
 53.         local vlab11 married_2020 "Married"
 54.         local vlab12 born_us      "Born in U.S."
 55.         
.         esttab `models_raw' `models_ctl' using "`outfile'", replace ///
>             booktabs se star(* 0.10 ** 0.05 *** 0.01) ///
>             compress b(%9.3f) se(%9.3f) ///
>             mtitles("log Lab" "log Tot" "log Lab" "log Tot") ///
>             posthead("& \multicolumn{2}{c}{No controls} & \multicolumn{
> 2}{c}{With controls} \\\\ \cmidrule(lr){2-3}\cmidrule(lr){4-5}") ///
>             varlabels(`vlab' `vlab2' `vlab3' `vlab4' `vlab5' `vlab6' `v
> lab7' `vlab8' `vlab9' `vlab10' `vlab11' `vlab12') ///
>             drop(1.ragender 1.race_eth) ///
>             stats(N r2_a, labels("Observations" "Adj. R-squared")) ///
>             title("Log Income (2020) on Trust `t'") ///
>             addnote("Robust SEs in parentheses; Age entered quadratical
> ly when available." "Controls (when included): raedyrs, in labor force,
>  married, born in U.S.")
 56.     }
 57.     else {
 58.         di as warn "No models estimated for trust var `t'; skipping 
> export."
 59.     }
 60. }

Linear regression                               Number of obs     =      
> 1,059
                                                F(2, 1056)        =      
>  3.68
                                                Prob > F          =     0
> .0256
                                                R-squared         =     0
> .0084
                                                Root MSE          =     2
> .9436

-------------------------------------------------------------------------
> -----
             |               Robust
ln_resp_la~c | Coefficient  std. err.      t    P>|t|     [95% conf. inte
> rval]
-------------+-----------------------------------------------------------
> -----
       rv557 |   .2822269   .1347662     2.09   0.036      .017787    .54
> 66668
             |
     c.rv557#|
     c.rv557 |   -.018022   .0115953    -1.55   0.120    -.0407745    .00
> 47305
             |
       _cons |   8.320085   .3810503    21.83   0.000     7.572383    9.0
> 67787
-------------------------------------------------------------------------
> -----

Linear regression                               Number of obs     =      
> 1,059
                                                F(2, 1056)        =      
>  9.64
                                                Prob > F          =     0
> .0001
                                                R-squared         =     0
> .0367
                                                Root MSE          =     2
> .1953

-------------------------------------------------------------------------
> -----
             |               Robust
ln_resp_to~c | Coefficient  std. err.      t    P>|t|     [95% conf. inte
> rval]
-------------+-----------------------------------------------------------
> -----
       rv557 |    .500548   .1268396     3.95   0.000     .2516617    .74
> 94343
             |
     c.rv557#|
     c.rv557 |  -.0351557   .0103303    -3.40   0.001    -.0554258   -.01
> 48855
             |
       _cons |   8.424651     .37559    22.43   0.000     7.687663    9.1
> 61639
-------------------------------------------------------------------------
> -----

Linear regression                               Number of obs     =      
> 1,046
                                                F(12, 1033)       =      
>  6.87
                                                Prob > F          =     0
> .0000
                                                R-squared         =     0
> .1020
                                                Root MSE          =      
> 2.789

-------------------------------------------------------------------------
> -----
             |               Robust
ln_resp_la~c | Coefficient  std. err.      t    P>|t|     [95% conf. inte
> rval]
-------------+-----------------------------------------------------------
> -----
       rv557 |   .0129019    .132535     0.10   0.922    -.2471666    .27
> 29704
             |
     c.rv557#|
     c.rv557 |  -.0000249   .0112641    -0.00   0.998     -.022128    .02
> 20782
             |
   r15agey_b |   .1779249    .118975     1.50   0.135    -.0555353    .41
> 13852
             |
 c.r15agey_b#|
 c.r15agey_b |  -.0008577   .0008429    -1.02   0.309    -.0025118    .00
> 07963
             |
    ragender |
   2.female  |  -.5438069   .1874536    -2.90   0.004    -.9116401   -.17
> 59736
             |
    race_eth |
   NH Black  |  -.0920204   .2278493    -0.40   0.686    -.5391207      .
> 35508
   Hispanic  |   .1206644    .278479     0.43   0.665    -.4257847    .66
> 71136
   NH Other  |  -.1296506   .4517013    -0.29   0.774    -1.016007    .75
> 67062
             |
     raedyrs |   .1035302   .0309776     3.34   0.001     .0427439    .16
> 43165
   r15inlbrf |   .9732707     .22309     4.36   0.000     .5355094    1.4
> 11032
married_2020 |  -.3060011   .1867744    -1.64   0.102    -.6725017    .06
> 04994
     born_us |   1.053469    .320989     3.28   0.001     .4236045    1.6
> 83334
       _cons |  -.9123879   4.136776    -0.22   0.825    -9.029831    7.2
> 05055
-------------------------------------------------------------------------
> -----

Linear regression                               Number of obs     =      
> 1,046
                                                F(12, 1033)       =      
> 15.38
                                                Prob > F          =     0
> .0000
                                                R-squared         =     0
> .1894
                                                Root MSE          =     1
> .9919

-------------------------------------------------------------------------
> -----
             |               Robust
ln_resp_to~c | Coefficient  std. err.      t    P>|t|     [95% conf. inte
> rval]
-------------+-----------------------------------------------------------
> -----
       rv557 |   .1312379   .1213417     1.08   0.280    -.1068664    .36
> 93422
             |
     c.rv557#|
     c.rv557 |  -.0091652   .0095683    -0.96   0.338    -.0279407    .00
> 96102
             |
   r15agey_b |   .1508251   .0816303     1.85   0.065    -.0093551    .31
> 10053
             |
 c.r15agey_b#|
 c.r15agey_b |  -.0008931   .0005733    -1.56   0.120    -.0020181    .00
> 02318
             |
    ragender |
   2.female  |  -.4164078   .1369632    -3.04   0.002    -.6851656     -.
> 14765
             |
    race_eth |
   NH Black  |  -.5846405   .1756593    -3.33   0.001    -.9293303   -.23
> 99507
   Hispanic  |  -.4183441   .2112969    -1.98   0.048    -.8329641    -.0
> 03724
   NH Other  |  -.4588669    .318954    -1.44   0.151    -1.084739    .16
> 70048
             |
     raedyrs |   .1515242   .0250627     6.05   0.000     .1023446    .20
> 07039
   r15inlbrf |    .992207   .1591708     6.23   0.000      .679872    1.3
> 04542
married_2020 |  -.0393699   .1337464    -0.29   0.769    -.3018156    .22
> 30758
     born_us |    .461098   .2368424     1.95   0.052    -.0036492    .92
> 58452
       _cons |   1.257254   2.859678     0.44   0.660    -4.354188    6.8
> 68695
-------------------------------------------------------------------------
> -----
Exporting LaTeX table: /Volumes/SSD PRO/Github-forks/Chp2-BeliefsandTrust
> /Paper/Tables/trust_income_rv557.tex
(output written to /Volumes/SSD PRO/Github-forks/Chp2-BeliefsandTrust/Pap
> er/Tables/trust_income_rv557.tex)

Linear regression                               Number of obs     =      
> 1,052
                                                F(2, 1049)        =      
>  1.51
                                                Prob > F          =     0
> .2217
                                                R-squared         =     0
> .0043
                                                Root MSE          =     2
> .9431

-------------------------------------------------------------------------
> -----
             |               Robust
ln_resp_la~c | Coefficient  std. err.      t    P>|t|     [95% conf. inte
> rval]
-------------+-----------------------------------------------------------
> -----
       rv558 |   .2588161   .1502587     1.72   0.085    -.0360258     .5
> 53658
             |
     c.rv558#|
     c.rv558 |  -.0190517   .0117125    -1.63   0.104    -.0420342    .00
> 39308
             |
       _cons |    8.53859   .4527451    18.86   0.000     7.650201    9.4
> 26979
-------------------------------------------------------------------------
> -----

Linear regression                               Number of obs     =      
> 1,052
                                                F(2, 1049)        =      
>  6.37
                                                Prob > F          =     0
> .0018
                                                R-squared         =     0
> .0173
                                                Root MSE          =     2
> .2218

-------------------------------------------------------------------------
> -----
             |               Robust
ln_resp_to~c | Coefficient  std. err.      t    P>|t|     [95% conf. inte
> rval]
-------------+-----------------------------------------------------------
> -----
       rv558 |   .4139764   .1280981     3.23   0.001     .1626187    .66
> 53341
             |
     c.rv558#|
     c.rv558 |  -.0341762   .0098115    -3.48   0.001    -.0534285   -.01
> 49239
             |
       _cons |   8.954307    .397732    22.51   0.000     8.173866    9.7
> 34748
-------------------------------------------------------------------------
> -----

Linear regression                               Number of obs     =      
> 1,039
                                                F(12, 1026)       =      
>  6.96
                                                Prob > F          =     0
> .0000
                                                R-squared         =     0
> .1032
                                                Root MSE          =     2
> .7806

-------------------------------------------------------------------------
> -----
             |               Robust
ln_resp_la~c | Coefficient  std. err.      t    P>|t|     [95% conf. inte
> rval]
-------------+-----------------------------------------------------------
> -----
       rv558 |   .1012447   .1431699     0.71   0.480    -.1796946     .3
> 82184
             |
     c.rv558#|
     c.rv558 |  -.0072846   .0112588    -0.65   0.518    -.0293775    .01
> 48084
             |
   r15agey_b |   .1760138   .1184155     1.49   0.137    -.0563504     .4
> 08378
             |
 c.r15agey_b#|
 c.r15agey_b |  -.0008392   .0008386    -1.00   0.317    -.0024848    .00
> 08064
             |
    ragender |
   2.female  |  -.5403749   .1870267    -2.89   0.004    -.9073734   -.17
> 33764
             |
    race_eth |
   NH Black  |   -.105932    .224326    -0.47   0.637    -.5461222    .33
> 42582
   Hispanic  |   .0680908   .2759863     0.25   0.805    -.4734713    .60
> 96529
   NH Other  |  -.1664723   .4493336    -0.37   0.711     -1.04819    .71
> 52454
             |
     raedyrs |   .1044883   .0309421     3.38   0.001     .0437713    .16
> 52054
   r15inlbrf |   .9964859   .2222551     4.48   0.000     .5603595    1.4
> 32612
married_2020 |  -.2898323   .1866532    -1.55   0.121     -.656098    .07
> 64333
     born_us |   .9526445   .3096089     3.08   0.002     .3451054    1.5
> 60184
       _cons |  -1.014728   4.123688    -0.25   0.806    -9.106554    7.0
> 77098
-------------------------------------------------------------------------
> -----

Linear regression                               Number of obs     =      
> 1,039
                                                F(12, 1026)       =      
> 15.76
                                                Prob > F          =     0
> .0000
                                                R-squared         =     0
> .1898
                                                Root MSE          =     1
> .9956

-------------------------------------------------------------------------
> -----
             |               Robust
ln_resp_to~c | Coefficient  std. err.      t    P>|t|     [95% conf. inte
> rval]
-------------+-----------------------------------------------------------
> -----
       rv558 |   .1932972   .1092604     1.77   0.077    -.0211022    .40
> 76966
             |
     c.rv558#|
     c.rv558 |  -.0140303   .0085054    -1.65   0.099    -.0307202    .00
> 26596
             |
   r15agey_b |   .1461819   .0803302     1.82   0.069    -.0114483    .30
> 38122
             |
 c.r15agey_b#|
 c.r15agey_b |    -.00086    .000565    -1.52   0.128    -.0019686    .00
> 02487
             |
    ragender |
   2.female  |  -.4097018   .1380275    -2.97   0.003    -.6805503   -.13
> 88533
             |
    race_eth |
   NH Black  |  -.6069375   .1704941    -3.56   0.000    -.9414945   -.27
> 23805
   Hispanic  |  -.4207656   .2166616    -1.94   0.052    -.8459161    .00
> 43849
   NH Other  |  -.4332057    .323136    -1.34   0.180    -1.067289    .20
> 08774
             |
     raedyrs |   .1523403   .0249992     6.09   0.000     .1032849    .20
> 13956
   r15inlbrf |   1.009048   .1573865     6.41   0.000     .7002118    1.3
> 17884
married_2020 |  -.0097883   .1330739    -0.07   0.941    -.2709164    .25
> 13398
     born_us |   .4742017   .2408689     1.97   0.049     .0015497    .94
> 68537
       _cons |    1.20972   2.832408     0.43   0.669    -4.348254    6.7
> 67695
-------------------------------------------------------------------------
> -----
Exporting LaTeX table: /Volumes/SSD PRO/Github-forks/Chp2-BeliefsandTrust
> /Paper/Tables/trust_income_rv558.tex
(output written to /Volumes/SSD PRO/Github-forks/Chp2-BeliefsandTrust/Pap
> er/Tables/trust_income_rv558.tex)

Linear regression                               Number of obs     =      
> 1,050
                                                F(2, 1047)        =      
>  0.72
                                                Prob > F          =     0
> .4882
                                                R-squared         =     0
> .0016
                                                Root MSE          =     2
> .9492

-------------------------------------------------------------------------
> -----
             |               Robust
ln_resp_la~c | Coefficient  std. err.      t    P>|t|     [95% conf. inte
> rval]
-------------+-----------------------------------------------------------
> -----
       rv559 |   .1745787   .1588504     1.10   0.272    -.1371227    .48
> 62801
             |
     c.rv559#|
     c.rv559 |   -.014495    .012315    -1.18   0.239    -.0386599      .
> 00967
             |
       _cons |   8.848857   .4801305    18.43   0.000     7.906729    9.7
> 90985
-------------------------------------------------------------------------
> -----

Linear regression                               Number of obs     =      
> 1,050
                                                F(2, 1047)        =      
>  5.47
                                                Prob > F          =     0
> .0043
                                                R-squared         =     0
> .0151
                                                Root MSE          =     2
> .2219

-------------------------------------------------------------------------
> -----
             |               Robust
ln_resp_to~c | Coefficient  std. err.      t    P>|t|     [95% conf. inte
> rval]
-------------+-----------------------------------------------------------
> -----
       rv559 |   .4068612   .1437409     2.83   0.005     .1248082    .68
> 89141
             |
     c.rv559#|
     c.rv559 |  -.0339801   .0109015    -3.12   0.002    -.0553714   -.01
> 25888
             |
       _cons |    8.96677   .4486675    19.99   0.000      8.08638     9.
> 84716
-------------------------------------------------------------------------
> -----

Linear regression                               Number of obs     =      
> 1,037
                                                F(12, 1024)       =      
>  6.91
                                                Prob > F          =     0
> .0000
                                                R-squared         =     0
> .1023
                                                Root MSE          =     2
> .7839

-------------------------------------------------------------------------
> -----
             |               Robust
ln_resp_la~c | Coefficient  std. err.      t    P>|t|     [95% conf. inte
> rval]
-------------+-----------------------------------------------------------
> -----
       rv559 |   .0156362   .1462245     0.11   0.915    -.2712978    .30
> 25702
             |
     c.rv559#|
     c.rv559 |  -.0018951   .0115158    -0.16   0.869    -.0244922    .02
> 07021
             |
   r15agey_b |   .1906304   .1202419     1.59   0.113    -.0453184    .42
> 65792
             |
 c.r15agey_b#|
 c.r15agey_b |   -.000939   .0008522    -1.10   0.271    -.0026112    .00
> 07332
             |
    ragender |
   2.female  |   -.544422    .186616    -2.92   0.004    -.9106153   -.17
> 82286
             |
    race_eth |
   NH Black  |  -.1115519   .2233565    -0.50   0.618    -.5498405    .32
> 67368
   Hispanic  |   .0565616   .2777461     0.20   0.839    -.4884549    .60
> 15781
   NH Other  |  -.1673441   .4490361    -0.37   0.709     -1.04848     .7
> 13792
             |
     raedyrs |   .1036297   .0309057     3.35   0.001     .0429839    .16
> 42755
   r15inlbrf |   .9971302    .222301     4.49   0.000     .5609126    1.4
> 33348
married_2020 |  -.2850213   .1845749    -1.54   0.123    -.6472095    .07
> 71669
     born_us |   .9546746   .3115259     3.06   0.002     .3433725    1.5
> 65977
       _cons |  -1.241577    4.17012    -0.30   0.766    -9.424535    6.9
> 41381
-------------------------------------------------------------------------
> -----

Linear regression                               Number of obs     =      
> 1,037
                                                F(12, 1024)       =      
> 15.60
                                                Prob > F          =     0
> .0000
                                                R-squared         =     0
> .1882
                                                Root MSE          =     1
> .9953

-------------------------------------------------------------------------
> -----
             |               Robust
ln_resp_to~c | Coefficient  std. err.      t    P>|t|     [95% conf. inte
> rval]
-------------+-----------------------------------------------------------
> -----
       rv559 |    .177944   .1217129     1.46   0.144    -.0608912    .41
> 67792
             |
     c.rv559#|
     c.rv559 |  -.0124442   .0094062    -1.32   0.186    -.0309018    .00
> 60133
             |
   r15agey_b |   .1511771   .0801737     1.89   0.060    -.0061465    .30
> 85006
             |
 c.r15agey_b#|
 c.r15agey_b |  -.0008893   .0005634    -1.58   0.115    -.0019948    .00
> 02162
             |
    ragender |
   2.female  |  -.4133628   .1378279    -3.00   0.003    -.6838201   -.14
> 29054
             |
    race_eth |
   NH Black  |  -.6170898   .1694263    -3.64   0.000    -.9495522   -.28
> 46273
   Hispanic  |  -.4218136   .2192465    -1.92   0.055    -.8520374    .00
> 84102
   NH Other  |  -.4032539   .3249709    -1.24   0.215    -1.040939     .2
> 34431
             |
     raedyrs |   .1507686   .0249412     6.04   0.000     .1018269    .19
> 97103
   r15inlbrf |   1.019467   .1578891     6.46   0.000     .7096434     1.
> 32929
married_2020 |  -.0134134   .1328586    -0.10   0.920    -.2741196    .24
> 72929
     born_us |   .4839352   .2436338     1.99   0.047     .0058568    .96
> 20137
       _cons |   1.032409   2.833058     0.36   0.716    -4.526855    6.5
> 91672
-------------------------------------------------------------------------
> -----
Exporting LaTeX table: /Volumes/SSD PRO/Github-forks/Chp2-BeliefsandTrust
> /Paper/Tables/trust_income_rv559.tex
(output written to /Volumes/SSD PRO/Github-forks/Chp2-BeliefsandTrust/Pap
> er/Tables/trust_income_rv559.tex)

Linear regression                               Number of obs     =      
> 1,050
                                                F(2, 1047)        =      
>  3.26
                                                Prob > F          =     0
> .0389
                                                R-squared         =     0
> .0087
                                                Root MSE          =     2
> .9259

-------------------------------------------------------------------------
> -----
             |               Robust
ln_resp_la~c | Coefficient  std. err.      t    P>|t|     [95% conf. inte
> rval]
-------------+-----------------------------------------------------------
> -----
       rv560 |   .2930894   .1289074     2.27   0.023     .0401431    .54
> 60358
             |
     c.rv560#|
     c.rv560 |  -.0204014   .0107246    -1.90   0.057    -.0414455    .00
> 06427
             |
       _cons |   8.409731   .3654252    23.01   0.000     7.692682     9.
> 12678
-------------------------------------------------------------------------
> -----

Linear regression                               Number of obs     =      
> 1,050
                                                F(2, 1047)        =      
>  6.69
                                                Prob > F          =     0
> .0013
                                                R-squared         =     0
> .0243
                                                Root MSE          =     2
> .1954

-------------------------------------------------------------------------
> -----
             |               Robust
ln_resp_to~c | Coefficient  std. err.      t    P>|t|     [95% conf. inte
> rval]
-------------+-----------------------------------------------------------
> -----
       rv560 |   .4089551   .1130778     3.62   0.000     .1870701    .63
> 08401
             |
     c.rv560#|
     c.rv560 |  -.0311207   .0091964    -3.38   0.001    -.0491662   -.01
> 30752
             |
       _cons |   8.877157   .3298826    26.91   0.000     8.229851    9.5
> 24463
-------------------------------------------------------------------------
> -----

Linear regression                               Number of obs     =      
> 1,037
                                                F(12, 1024)       =      
>  6.72
                                                Prob > F          =     0
> .0000
                                                R-squared         =     0
> .1046
                                                Root MSE          =     2
> .7679

-------------------------------------------------------------------------
> -----
             |               Robust
ln_resp_la~c | Coefficient  std. err.      t    P>|t|     [95% conf. inte
> rval]
-------------+-----------------------------------------------------------
> -----
       rv560 |   .0781051   .1205921     0.65   0.517    -.1585308    .31
> 47409
             |
     c.rv560#|
     c.rv560 |  -.0052573   .0103645    -0.51   0.612    -.0255954    .01
> 50808
             |
   r15agey_b |   .1874614   .1196379     1.57   0.117     -.047302    .42
> 22248
             |
 c.r15agey_b#|
 c.r15agey_b |  -.0009339   .0008495    -1.10   0.272    -.0026008     .0
> 00733
             |
    ragender |
   2.female  |  -.5193616   .1885627    -2.75   0.006    -.8893751   -.14
> 93481
             |
    race_eth |
   NH Black  |  -.0641984   .2184155    -0.29   0.769    -.4927915    .36
> 43946
   Hispanic  |   .1383289   .2798957     0.49   0.621    -.4109057    .68
> 75636
   NH Other  |  -.1093069   .4507652    -0.24   0.808    -.9938361    .77
> 52222
             |
     raedyrs |   .1000475   .0310002     3.23   0.001     .0392163    .16
> 08788
   r15inlbrf |   .9737348   .2208631     4.41   0.000     .5403388    1.4
> 07131
married_2020 |  -.3309907   .1852482    -1.79   0.074    -.6945001    .03
> 25186
     born_us |   1.090186   .3254424     3.35   0.001     .4515756    1.7
> 28796
       _cons |  -1.348476   4.174107    -0.32   0.747    -9.539257    6.8
> 42304
-------------------------------------------------------------------------
> -----

Linear regression                               Number of obs     =      
> 1,037
                                                F(12, 1024)       =      
> 15.43
                                                Prob > F          =     0
> .0000
                                                R-squared         =     0
> .1910
                                                Root MSE          =     1
> .9766

-------------------------------------------------------------------------
> -----
             |               Robust
ln_resp_to~c | Coefficient  std. err.      t    P>|t|     [95% conf. inte
> rval]
-------------+-----------------------------------------------------------
> -----
       rv560 |   .0777724   .0970744     0.80   0.423    -.1127152    .26
> 82599
             |
     c.rv560#|
     c.rv560 |  -.0049053   .0083347    -0.59   0.556    -.0212603    .01
> 14497
             |
   r15agey_b |   .1704098   .0814847     2.09   0.037     .0105138    .33
> 03058
             |
 c.r15agey_b#|
 c.r15agey_b |  -.0010299   .0005742    -1.79   0.073    -.0021566    .00
> 00968
             |
    ragender |
   2.female  |  -.4103468   .1374706    -2.98   0.003     -.680103   -.14
> 05905
             |
    race_eth |
   NH Black  |  -.5783896   .1651226    -3.50   0.000    -.9024069   -.25
> 43723
   Hispanic  |  -.4140362   .2156572    -1.92   0.055    -.8372168    .00
> 91444
   NH Other  |  -.4215995   .3241407    -1.30   0.194    -1.057655    .21
> 44565
             |
     raedyrs |   .1509348   .0254696     5.93   0.000     .1009562    .20
> 09134
   r15inlbrf |   1.030408   .1550549     6.65   0.000     .7261466     1.
> 33467
married_2020 |  -.0361989   .1313307    -0.28   0.783    -.2939068    .22
> 15091
     born_us |   .4901687   .2426537     2.02   0.044     .0140133    .96
> 63241
       _cons |   .6893809    2.88392     0.24   0.811    -4.969687    6.3
> 48449
-------------------------------------------------------------------------
> -----
Exporting LaTeX table: /Volumes/SSD PRO/Github-forks/Chp2-BeliefsandTrust
> /Paper/Tables/trust_income_rv560.tex
(output written to /Volumes/SSD PRO/Github-forks/Chp2-BeliefsandTrust/Pap
> er/Tables/trust_income_rv560.tex)

Linear regression                               Number of obs     =      
> 1,032
                                                F(2, 1029)        =      
>  4.83
                                                Prob > F          =     0
> .0082
                                                R-squared         =     0
> .0101
                                                Root MSE          =     2
> .9268

-------------------------------------------------------------------------
> -----
             |               Robust
ln_resp_la~c | Coefficient  std. err.      t    P>|t|     [95% conf. inte
> rval]
-------------+-----------------------------------------------------------
> -----
       rv561 |   .3131165   .1016277     3.08   0.002     .1136954    .51
> 25377
             |
     c.rv561#|
     c.rv561 |  -.0312314   .0102385    -3.05   0.002    -.0513222   -.01
> 11406
             |
       _cons |   8.791355   .2337358    37.61   0.000     8.332701    9.2
> 50008
-------------------------------------------------------------------------
> -----

Linear regression                               Number of obs     =      
> 1,032
                                                F(2, 1029)        =      
>  7.63
                                                Prob > F          =     0
> .0005
                                                R-squared         =     0
> .0203
                                                Root MSE          =     2
> .2048

-------------------------------------------------------------------------
> -----
             |               Robust
ln_resp_to~c | Coefficient  std. err.      t    P>|t|     [95% conf. inte
> rval]
-------------+-----------------------------------------------------------
> -----
       rv561 |   .2972048   .0815971     3.64   0.000     .1370891    .45
> 73206
             |
     c.rv561#|
     c.rv561 |  -.0230826     .00746    -3.09   0.002    -.0377212    -.0
> 08444
             |
       _cons |   9.283214    .204778    45.33   0.000     8.881384    9.6
> 85044
-------------------------------------------------------------------------
> -----

Linear regression                               Number of obs     =      
> 1,019
                                                F(12, 1006)       =      
>  7.37
                                                Prob > F          =     0
> .0000
                                                R-squared         =     0
> .1097
                                                Root MSE          =     2
> .7626

-------------------------------------------------------------------------
> -----
             |               Robust
ln_resp_la~c | Coefficient  std. err.      t    P>|t|     [95% conf. inte
> rval]
-------------+-----------------------------------------------------------
> -----
       rv561 |   .1910061   .1008855     1.89   0.059    -.0069639    .38
> 89762
             |
     c.rv561#|
     c.rv561 |  -.0221473   .0103791    -2.13   0.033    -.0425144   -.00
> 17801
             |
   r15agey_b |   .1944198   .1223229     1.59   0.112    -.0456175    .43
> 44571
             |
 c.r15agey_b#|
 c.r15agey_b |  -.0009828   .0008674    -1.13   0.257    -.0026849    .00
> 07194
             |
    ragender |
   2.female  |  -.4961926   .1902522    -2.61   0.009    -.8695293   -.12
> 28559
             |
    race_eth |
   NH Black  |  -.1073888   .2220376    -0.48   0.629    -.5430986     .3
> 28321
   Hispanic  |   .0928711   .2817091     0.33   0.742    -.4599336    .64
> 56758
   NH Other  |  -.2583629   .4525825    -0.57   0.568    -1.146477     .6
> 29751
             |
     raedyrs |   .0981802   .0314117     3.13   0.002     .0365403      .
> 15982
   r15inlbrf |   .9031615   .2219211     4.07   0.000     .4676801    1.3
> 38643
married_2020 |  -.3558692   .1859055    -1.91   0.056    -.7206762    .00
> 89379
     born_us |   1.120647   .3288254     3.41   0.001     .4753843    1.7
> 65909
       _cons |  -1.494737   4.281901    -0.35   0.727    -9.897217    6.9
> 07743
-------------------------------------------------------------------------
> -----

Linear regression                               Number of obs     =      
> 1,019
                                                F(12, 1006)       =      
> 15.33
                                                Prob > F          =     0
> .0000
                                                R-squared         =     0
> .1905
                                                Root MSE          =     1
> .9813

-------------------------------------------------------------------------
> -----
             |               Robust
ln_resp_to~c | Coefficient  std. err.      t    P>|t|     [95% conf. inte
> rval]
-------------+-----------------------------------------------------------
> -----
       rv561 |   .0650119   .0715136     0.91   0.364     -.075321    .20
> 53447
             |
     c.rv561#|
     c.rv561 |  -.0048871   .0066808    -0.73   0.465     -.017997    .00
> 82228
             |
   r15agey_b |   .1613616   .0817032     1.97   0.049     .0010334    .32
> 16897
             |
 c.r15agey_b#|
 c.r15agey_b |  -.0009676   .0005751    -1.68   0.093    -.0020961    .00
> 01609
             |
    ragender |
   2.female  |  -.4025154   .1394828    -2.89   0.004    -.6762261   -.12
> 88048
             |
    race_eth |
   NH Black  |  -.5603739   .1686668    -3.32   0.001    -.8913529   -.22
> 93948
   Hispanic  |   -.420509   .2186957    -1.92   0.055    -.8496611     .0
> 08643
   NH Other  |  -.4651137    .325866    -1.43   0.154    -1.104569    .17
> 43412
             |
     raedyrs |   .1531081   .0252893     6.05   0.000     .1034822     .2
> 02734
   r15inlbrf |    .996292   .1574123     6.33   0.000     .6873978    1.3
> 05186
married_2020 |  -.0226486   .1327321    -0.17   0.865    -.2831122     .2
> 37815
     born_us |   .5274961   .2459985     2.14   0.032     .0447671    1.0
> 10225
       _cons |   1.051921   2.894039     0.36   0.716    -4.627123    6.7
> 30965
-------------------------------------------------------------------------
> -----
Exporting LaTeX table: /Volumes/SSD PRO/Github-forks/Chp2-BeliefsandTrust
> /Paper/Tables/trust_income_rv561.tex
(output written to /Volumes/SSD PRO/Github-forks/Chp2-BeliefsandTrust/Pap
> er/Tables/trust_income_rv561.tex)

Linear regression                               Number of obs     =      
> 1,002
                                                F(2, 999)         =      
>  2.39
                                                Prob > F          =     0
> .0925
                                                R-squared         =     0
> .0051
                                                Root MSE          =     2
> .9363

-------------------------------------------------------------------------
> -----
             |               Robust
ln_resp_la~c | Coefficient  std. err.      t    P>|t|     [95% conf. inte
> rval]
-------------+-----------------------------------------------------------
> -----
       rv562 |   .1800541   .0971632     1.85   0.064    -.0106133    .37
> 07215
             |
     c.rv562#|
     c.rv562 |  -.0132318   .0095363    -1.39   0.166    -.0319453    .00
> 54818
             |
       _cons |   8.852704   .2272443    38.96   0.000     8.406773    9.2
> 98635
-------------------------------------------------------------------------
> -----

Linear regression                               Number of obs     =      
> 1,002
                                                F(2, 999)         =      
> 10.11
                                                Prob > F          =     0
> .0000
                                                R-squared         =     0
> .0256
                                                Root MSE          =     2
> .2118

-------------------------------------------------------------------------
> -----
             |               Robust
ln_resp_to~c | Coefficient  std. err.      t    P>|t|     [95% conf. inte
> rval]
-------------+-----------------------------------------------------------
> -----
       rv562 |   .2904753   .0823582     3.53   0.000     .1288604    .45
> 20902
             |
     c.rv562#|
     c.rv562 |  -.0201112   .0077898    -2.58   0.010    -.0353975    -.0
> 04825
             |
       _cons |   9.209113   .2006678    45.89   0.000     8.815334    9.6
> 02892
-------------------------------------------------------------------------
> -----

Linear regression                               Number of obs     =      
>   989
                                                F(12, 976)        =      
>  6.43
                                                Prob > F          =     0
> .0000
                                                R-squared         =     0
> .1019
                                                Root MSE          =     2
> .7762

-------------------------------------------------------------------------
> -----
             |               Robust
ln_resp_la~c | Coefficient  std. err.      t    P>|t|     [95% conf. inte
> rval]
-------------+-----------------------------------------------------------
> -----
       rv562 |   .0118853   .0999492     0.12   0.905    -.1842549    .20
> 80254
             |
     c.rv562#|
     c.rv562 |   .0015182   .0097051     0.16   0.876    -.0175269    .02
> 05634
             |
   r15agey_b |   .1719769   .1198268     1.44   0.152    -.0631709    .40
> 71247
             |
 c.r15agey_b#|
 c.r15agey_b |  -.0008466   .0008519    -0.99   0.321    -.0025184    .00
> 08252
             |
    ragender |
   2.female  |   -.546371   .1915822    -2.85   0.004    -.9223313   -.17
> 04106
             |
    race_eth |
   NH Black  |  -.1590326   .2306305    -0.69   0.491    -.6116213     .2
> 93556
   Hispanic  |   .0181274   .2794319     0.06   0.948    -.5302291    .56
> 64838
   NH Other  |  -.2453367   .4546104    -0.54   0.590    -1.137463    .64
> 67896
             |
     raedyrs |   .1078991   .0322822     3.34   0.001     .0445485    .17
> 12496
   r15inlbrf |   .9551685   .2276066     4.20   0.000     .5085139    1.4
> 01823
married_2020 |  -.3366111   .1950688    -1.73   0.085    -.7194135    .04
> 61913
     born_us |   .9983641   .3211224     3.11   0.002     .3681943    1.6
> 28534
       _cons |  -.5214866   4.184803    -0.12   0.901    -8.733733     7.
> 69076
-------------------------------------------------------------------------
> -----

Linear regression                               Number of obs     =      
>   989
                                                F(12, 976)        =      
> 15.16
                                                Prob > F          =     0
> .0000
                                                R-squared         =     0
> .1947
                                                Root MSE          =     1
> .9877

-------------------------------------------------------------------------
> -----
             |               Robust
ln_resp_to~c | Coefficient  std. err.      t    P>|t|     [95% conf. inte
> rval]
-------------+-----------------------------------------------------------
> -----
       rv562 |   -.004197    .077741    -0.05   0.957    -.1567558    .14
> 83618
             |
     c.rv562#|
     c.rv562 |   .0050609   .0072028     0.70   0.482    -.0090739    .01
> 91958
             |
   r15agey_b |   .1603383   .0820312     1.95   0.051    -.0006396    .32
> 13162
             |
 c.r15agey_b#|
 c.r15agey_b |   -.000988   .0005797    -1.70   0.089    -.0021255    .00
> 01496
             |
    ragender |
   2.female  |  -.4240961   .1388543    -3.05   0.002    -.6965835   -.15
> 16088
             |
    race_eth |
   NH Black  |  -.6120126   .1750585    -3.50   0.000     -.955547   -.26
> 84782
   Hispanic  |  -.4728733   .2155733    -2.19   0.029    -.8959137   -.04
> 98329
   NH Other  |  -.4879842   .3259687    -1.50   0.135    -1.127664    .15
> 16959
             |
     raedyrs |   .1559786   .0264853     5.89   0.000     .1040039    .20
> 79534
   r15inlbrf |   .9720748   .1578669     6.16   0.000     .6622773    1.2
> 81872
married_2020 |   .0197026   .1416702     0.14   0.889    -.2583105    .29
> 77158
     born_us |   .5363491   .2435396     2.20   0.028     .0584276     1.
> 01427
       _cons |   1.190269   2.881928     0.41   0.680     -4.46522    6.8
> 45757
-------------------------------------------------------------------------
> -----
Exporting LaTeX table: /Volumes/SSD PRO/Github-forks/Chp2-BeliefsandTrust
> /Paper/Tables/trust_income_rv562.tex
(output written to /Volumes/SSD PRO/Github-forks/Chp2-BeliefsandTrust/Pap
> er/Tables/trust_income_rv562.tex)

Linear regression                               Number of obs     =      
> 1,046
                                                F(2, 1043)        =      
>  3.33
                                                Prob > F          =     0
> .0361
                                                R-squared         =     0
> .0086
                                                Root MSE          =     2
> .9182

-------------------------------------------------------------------------
> -----
             |               Robust
ln_resp_la~c | Coefficient  std. err.      t    P>|t|     [95% conf. inte
> rval]
-------------+-----------------------------------------------------------
> -----
       rv563 |   .2805878   .1163886     2.41   0.016     .0522053    .50
> 89704
             |
     c.rv563#|
     c.rv563 |  -.0222944   .0107199    -2.08   0.038    -.0433295   -.00
> 12593
             |
       _cons |   8.629259   .2804115    30.77   0.000     8.079024    9.1
> 79494
-------------------------------------------------------------------------
> -----

Linear regression                               Number of obs     =      
> 1,046
                                                F(2, 1043)        =      
>  6.58
                                                Prob > F          =     0
> .0014
                                                R-squared         =     0
> .0165
                                                Root MSE          =     2
> .2281

-------------------------------------------------------------------------
> -----
             |               Robust
ln_resp_to~c | Coefficient  std. err.      t    P>|t|     [95% conf. inte
> rval]
-------------+-----------------------------------------------------------
> -----
       rv563 |   .3279166   .0923797     3.55   0.000     .1466453    .50
> 91879
             |
     c.rv563#|
     c.rv563 |  -.0311774     .00861    -3.62   0.000    -.0480723   -.01
> 42824
             |
       _cons |   9.352268   .2221427    42.10   0.000      8.91637    9.7
> 88165
-------------------------------------------------------------------------
> -----

Linear regression                               Number of obs     =      
> 1,033
                                                F(12, 1020)       =      
>  6.87
                                                Prob > F          =     0
> .0000
                                                R-squared         =     0
> .1046
                                                Root MSE          =     2
> .7602

-------------------------------------------------------------------------
> -----
             |               Robust
ln_resp_la~c | Coefficient  std. err.      t    P>|t|     [95% conf. inte
> rval]
-------------+-----------------------------------------------------------
> -----
       rv563 |    .135387   .1132102     1.20   0.232    -.0867645    .35
> 75385
             |
     c.rv563#|
     c.rv563 |   -.007546   .0105799    -0.71   0.476    -.0283068    .01
> 32148
             |
   r15agey_b |   .1842388   .1162842     1.58   0.113    -.0439448    .41
> 24225
             |
 c.r15agey_b#|
 c.r15agey_b |  -.0009262   .0008254    -1.12   0.262    -.0025459    .00
> 06935
             |
    ragender |
   2.female  |  -.5491571   .1879827    -2.92   0.004     -.918034   -.18
> 02801
             |
    race_eth |
   NH Black  |  -.1617681   .2228831    -0.73   0.468      -.59913    .27
> 55937
   Hispanic  |   .1156148     .28134     0.41   0.681    -.4364566    .66
> 76862
   NH Other  |  -.2138323   .4497604    -0.48   0.635    -1.096394    .66
> 87292
             |
     raedyrs |   .0995551   .0307342     3.24   0.001     .0392457    .15
> 98646
   r15inlbrf |   .9817928   .2212957     4.44   0.000      .547546     1.
> 41604
married_2020 |  -.3415018   .1844887    -1.85   0.064    -.7035226     .0
> 20519
     born_us |     .96299   .3141548     3.07   0.002     .3465264    1.5
> 79454
       _cons |  -1.171286   4.075906    -0.29   0.774    -9.169406    6.8
> 26833
-------------------------------------------------------------------------
> -----

Linear regression                               Number of obs     =      
> 1,033
                                                F(12, 1020)       =      
> 15.67
                                                Prob > F          =     0
> .0000
                                                R-squared         =     0
> .1875
                                                Root MSE          =     2
> .0033

-------------------------------------------------------------------------
> -----
             |               Robust
ln_resp_to~c | Coefficient  std. err.      t    P>|t|     [95% conf. inte
> rval]
-------------+-----------------------------------------------------------
> -----
       rv563 |   .0817894   .0829174     0.99   0.324    -.0809188    .24
> 44976
             |
     c.rv563#|
     c.rv563 |  -.0052382   .0078417    -0.67   0.504    -.0206259    .01
> 01495
             |
   r15agey_b |   .1610539   .0809965     1.99   0.047     .0021151    .31
> 99927
             |
 c.r15agey_b#|
 c.r15agey_b |  -.0009657   .0005703    -1.69   0.091    -.0020847    .00
> 01533
             |
    ragender |
   2.female  |  -.4166463   .1399257    -2.98   0.003    -.6912214   -.14
> 20711
             |
    race_eth |
   NH Black  |  -.6461051   .1695337    -3.81   0.000    -.9787799   -.31
> 34304
   Hispanic  |  -.4092858   .2236468    -1.83   0.068    -.8481462    .02
> 95745
   NH Other  |   -.459995   .3191159    -1.44   0.150    -1.086194    .16
> 62036
             |
     raedyrs |   .1528917   .0250359     6.11   0.000      .103764    .20
> 20194
   r15inlbrf |   1.004345   .1598736     6.28   0.000     .6906261    1.3
> 18064
married_2020 |  -.0204404   .1338996    -0.15   0.879    -.2831905    .24
> 23097
     born_us |   .4912905   .2465515     1.99   0.047     .0074843    .97
> 50966
       _cons |   1.033996   2.858124     0.36   0.718     -4.57448    6.6
> 42472
-------------------------------------------------------------------------
> -----
Exporting LaTeX table: /Volumes/SSD PRO/Github-forks/Chp2-BeliefsandTrust
> /Paper/Tables/trust_income_rv563.tex
(output written to /Volumes/SSD PRO/Github-forks/Chp2-BeliefsandTrust/Pap
> er/Tables/trust_income_rv563.tex)

Linear regression                               Number of obs     =      
> 1,037
                                                F(2, 1034)        =      
>  0.10
                                                Prob > F          =     0
> .9056
                                                R-squared         =     0
> .0002
                                                Root MSE          =     2
> .9268

-------------------------------------------------------------------------
> -----
             |               Robust
ln_resp_la~c | Coefficient  std. err.      t    P>|t|     [95% conf. inte
> rval]
-------------+-----------------------------------------------------------
> -----
       rv564 |   .0266306   .0918267     0.29   0.772    -.1535573    .20
> 68186
             |
     c.rv564#|
     c.rv564 |   -.001744   .0110093    -0.16   0.874    -.0233472    .01
> 98591
             |
       _cons |   9.250333   .1525847    60.62   0.000     8.950922    9.5
> 49744
-------------------------------------------------------------------------
> -----

Linear regression                               Number of obs     =      
> 1,037
                                                F(2, 1034)        =      
>  2.52
                                                Prob > F          =     0
> .0809
                                                R-squared         =     0
> .0057
                                                Root MSE          =     2
> .2065

-------------------------------------------------------------------------
> -----
             |               Robust
ln_resp_to~c | Coefficient  std. err.      t    P>|t|     [95% conf. inte
> rval]
-------------+-----------------------------------------------------------
> -----
       rv564 |   .1729345   .0772537     2.24   0.025     .0213426    .32
> 45263
             |
     c.rv564#|
     c.rv564 |  -.0195324   .0094422    -2.07   0.039    -.0380605   -.00
> 10042
             |
       _cons |   9.783467   .1270173    77.02   0.000     9.534225    10.
> 03271
-------------------------------------------------------------------------
> -----

Linear regression                               Number of obs     =      
> 1,025
                                                F(12, 1012)       =      
>  6.76
                                                Prob > F          =     0
> .0000
                                                R-squared         =     0
> .1050
                                                Root MSE          =     2
> .7683

-------------------------------------------------------------------------
> -----
             |               Robust
ln_resp_la~c | Coefficient  std. err.      t    P>|t|     [95% conf. inte
> rval]
-------------+-----------------------------------------------------------
> -----
       rv564 |   -.085739   .0857293    -1.00   0.317    -.2539665    .08
> 24886
             |
     c.rv564#|
     c.rv564 |    .016642   .0103906     1.60   0.110    -.0037476    .03
> 70316
             |
   r15agey_b |   .1838287   .1182092     1.56   0.120    -.0481345    .41
> 57919
             |
 c.r15agey_b#|
 c.r15agey_b |  -.0009221   .0008396    -1.10   0.272    -.0025697    .00
> 07254
             |
    ragender |
   2.female  |  -.5499655   .1864997    -2.95   0.003     -.915936    -.1
> 83995
             |
    race_eth |
   NH Black  |   -.158404    .224568    -0.71   0.481    -.5990763    .28
> 22682
   Hispanic  |    .015037   .2919614     0.05   0.959    -.5578821    .58
> 79561
   NH Other  |  -.2182664   .4541775    -0.48   0.631    -1.109504     .6
> 72971
             |
     raedyrs |   .1159094   .0307548     3.77   0.000      .055559    .17
> 62598
   r15inlbrf |   .9655163   .2245496     4.30   0.000     .5248801    1.4
> 06153
married_2020 |  -.2988138   .1861298    -1.61   0.109    -.6640582    .06
> 64307
     born_us |   1.050376   .3234838     3.25   0.001     .4156003    1.6
> 85152
       _cons |  -1.067857    4.13863    -0.26   0.796    -9.189135    7.0
> 53421
-------------------------------------------------------------------------
> -----

Linear regression                               Number of obs     =      
> 1,025
                                                F(12, 1012)       =      
> 15.08
                                                Prob > F          =     0
> .0000
                                                R-squared         =     0
> .1894
                                                Root MSE          =     1
> .9884

-------------------------------------------------------------------------
> -----
             |               Robust
ln_resp_to~c | Coefficient  std. err.      t    P>|t|     [95% conf. inte
> rval]
-------------+-----------------------------------------------------------
> -----
       rv564 |   .0077742   .0691048     0.11   0.910    -.1278309    .14
> 33794
             |
     c.rv564#|
     c.rv564 |   .0061942   .0082621     0.75   0.454    -.0100186    .02
> 24069
             |
   r15agey_b |   .1663871   .0811391     2.05   0.041      .007167    .32
> 56071
             |
 c.r15agey_b#|
 c.r15agey_b |  -.0010045   .0005719    -1.76   0.079    -.0021267    .00
> 01177
             |
    ragender |
   2.female  |  -.4021358   .1367217    -2.94   0.003    -.6704262   -.13
> 38454
             |
    race_eth |
   NH Black  |  -.6653533   .1682906    -3.95   0.000    -.9955918   -.33
> 51149
   Hispanic  |  -.5426327   .2180837    -2.49   0.013    -.9705807   -.11
> 46847
   NH Other  |  -.5139515   .3232079    -1.59   0.112    -1.148186    .12
> 02829
             |
     raedyrs |   .1582633   .0254405     6.22   0.000     .1083412    .20
> 81855
   r15inlbrf |   1.002713   .1612881     6.22   0.000     .6862156     1.
> 31921
married_2020 |  -.0085511   .1324933    -0.06   0.949    -.2685443     .2
> 51442
     born_us |   .4512309   .2340312     1.93   0.054    -.0080111    .91
> 04728
       _cons |   .9223533   2.866595     0.32   0.748    -4.702796    6.5
> 47503
-------------------------------------------------------------------------
> -----
Exporting LaTeX table: /Volumes/SSD PRO/Github-forks/Chp2-BeliefsandTrust
> /Paper/Tables/trust_income_rv564.tex
(output written to /Volumes/SSD PRO/Github-forks/Chp2-BeliefsandTrust/Pap
> er/Tables/trust_income_rv564.tex)

. 
. * ---------------------------------------------------------------------
> -
. * PCA of trust variables (rv557-rv564) and regressions using PC1
. * ---------------------------------------------------------------------
> -
. di as txt "=== PCA on trust variables (rv557-rv564) ==="
=== PCA on trust variables (rv557-rv564) ===

. capture drop trust_pca1 trust_pca1_z

. capture noisily pca rv557 rv558 rv559 rv560 rv561 rv562 rv563 rv564, co
> mponents(1)

Principal components/correlation                 Number of obs    =      
>   970
                                                 Number of comp.  =      
>     1
                                                 Trace            =      
>     8
    Rotation: (unrotated = principal)            Rho              =     0
> .4493

    ---------------------------------------------------------------------
> -----
       Component |   Eigenvalue   Difference         Proportion   Cumulat
> ive
    -------------+-------------------------------------------------------
> -----
           Comp1 |      3.59438      2.36333             0.4493       0.4
> 493
           Comp2 |      1.23105      .405717             0.1539       0.6
> 032
           Comp3 |      .825336      .120069             0.1032       0.7
> 063
           Comp4 |      .705266      .102935             0.0882       0.7
> 945
           Comp5 |      .602331      .102839             0.0753       0.8
> 698
           Comp6 |      .499493      .138996             0.0624       0.9
> 322
           Comp7 |      .360497      .178854             0.0451       0.9
> 773
           Comp8 |      .181642            .             0.0227       1.0
> 000
    ---------------------------------------------------------------------
> -----

Principal components (eigenvectors) 

    --------------------------------------
        Variable |    Comp1 | Unexplained 
    -------------+----------+-------------
           rv557 |   0.2983 |       .6801 
           rv558 |   0.3785 |       .4852 
           rv559 |   0.3750 |       .4945 
           rv560 |   0.3889 |       .4564 
           rv561 |   0.3756 |       .4928 
           rv562 |   0.3503 |        .559 
           rv563 |   0.3775 |       .4878 
           rv564 |   0.2638 |       .7499 
    --------------------------------------

. if _rc==0 {
.     * Proportion of variance explained by PC1 (display only)
.     capture matrix M = e(Prop)
.     if _rc==0 {
.         scalar pc1_prop = M[1,1]
.         di as txt "PC1 variance proportion: " %6.3f pc1_prop
PC1 variance proportion:      .
.     }
.     predict double trust_pca1 if e(sample), score

Scoring coefficients 
    sum of squares(column-loading) = 1

    ------------------------
        Variable |    Comp1 
    -------------+----------
           rv557 |   0.2983 
           rv558 |   0.3785 
           rv559 |   0.3750 
           rv560 |   0.3889 
           rv561 |   0.3756 
           rv562 |   0.3503 
           rv563 |   0.3775 
           rv564 |   0.2638 
    ------------------------
.     egen double trust_pca1_z = std(trust_pca1)
(14,886 missing values generated)
.     quietly count if !missing(trust_pca1_z)
.     di as txt "Non-missing trust_pca1_z: " r(N)
Non-missing trust_pca1_z: 970
. 
.     eststo clear
.     local models_pca_raw ""
.     local models_pca_ctl ""
. 
.     * RAW
.     foreach y of local inc_vars {
  2.         capture confirm variable `y'
  3.         if _rc continue
  4.         quietly count if !missing(`y') & !missing(trust_pca1_z)
  5.         if r(N)==0 continue
  6.         local mname = "pca_raw_`y'"
  7.         eststo `mname': regress `y' c.trust_pca1_z c.trust_pca1_z#c.
> trust_pca1_z if !missing(`y') & !missing(trust_pca1_z), vce(robust)
  8.         local models_pca_raw "`models_pca_raw' `mname'"
  9.     }

Linear regression                               Number of obs     =      
>   970
                                                F(2, 967)         =      
>  2.99
                                                Prob > F          =     0
> .0506
                                                R-squared         =     0
> .0112
                                                Root MSE          =     2
> .9133

-------------------------------------------------------------------------
> -----
             |               Robust
ln_resp_la~c | Coefficient  std. err.      t    P>|t|     [95% conf. inte
> rval]
-------------+-----------------------------------------------------------
> -----
trust_pca1_z |   .1257663   .0925565     1.36   0.175    -.0558685    .30
> 74011
             |
          c. |
trust_pca1_z#|
          c. |
trust_pca1_z |  -.1722006   .0774627    -2.22   0.026    -.3242151   -.02
> 01861
             |
       _cons |   9.502028   .1174965    80.87   0.000      9.27145    9.7
> 32605
-------------------------------------------------------------------------
> -----

Linear regression                               Number of obs     =      
>   970
                                                F(2, 967)         =      
>  4.68
                                                Prob > F          =     0
> .0095
                                                R-squared         =     0
> .0278
                                                Root MSE          =     2
> .1766

-------------------------------------------------------------------------
> -----
             |               Robust
ln_resp_to~c | Coefficient  std. err.      t    P>|t|     [95% conf. inte
> rval]
-------------+-----------------------------------------------------------
> -----
trust_pca1_z |   .1559652   .0698593     2.23   0.026      .018872    .29
> 30584
             |
          c. |
trust_pca1_z#|
          c. |
trust_pca1_z |  -.2006607   .0712228    -2.82   0.005    -.3404298   -.06
> 08916
             |
       _cons |   10.20078   .0925566   110.21   0.000     10.01914    10.
> 38241
-------------------------------------------------------------------------
> -----
. 
.     * With controls
.     foreach y of local inc_vars {
  2.         capture confirm variable `y'
  3.         if _rc continue
  4.         quietly count if !missing(`y') & !missing(trust_pca1_z)
  5.         if r(N)==0 continue
  6.         local mname = "pca_ctl_`y'"
  7.         eststo `mname': regress `y' c.trust_pca1_z c.trust_pca1_z#c.
> trust_pca1_z `age_quad' i.ragender `race_factor' `ctrl_in' if !missing(
> `y') & !missing(trust_pca1_z), vce(robust)
  8.         local models_pca_ctl "`models_pca_ctl' `mname'"
  9.     }

Linear regression                               Number of obs     =      
>   958
                                                F(12, 945)        =      
>  6.67
                                                Prob > F          =     0
> .0000
                                                R-squared         =     0
> .1098
                                                Root MSE          =     2
> .7633

-------------------------------------------------------------------------
> -----
             |               Robust
ln_resp_la~c | Coefficient  std. err.      t    P>|t|     [95% conf. inte
> rval]
-------------+-----------------------------------------------------------
> -----
trust_pca1_z |   .0474979   .0927107     0.51   0.609    -.1344447    .22
> 94405
             |
          c. |
trust_pca1_z#|
          c. |
trust_pca1_z |  -.1146363   .0718872    -1.59   0.111    -.2557133    .02
> 64407
             |
   r15agey_b |   .1672721   .1237215     1.35   0.177    -.0755286    .41
> 00729
             |
 c.r15agey_b#|
 c.r15agey_b |  -.0008116   .0008783    -0.92   0.356    -.0025352    .00
> 09121
             |
    ragender |
   2.female  |  -.5594185   .1938638    -2.89   0.004    -.9398718   -.17
> 89653
             |
    race_eth |
   NH Black  |  -.1184633   .2276594    -0.52   0.603    -.5652397    .32
> 83131
   Hispanic  |   .0330636   .2916824     0.11   0.910    -.5393565    .60
> 54838
   NH Other  |  -.3204216   .4548626    -0.70   0.481    -1.213079    .57
> 22361
             |
     raedyrs |   .1059026    .032032     3.31   0.001     .0430404    .16
> 87647
   r15inlbrf |   .9538146   .2281005     4.18   0.000     .5061725    1.4
> 01457
married_2020 |  -.3521634   .1930171    -1.82   0.068    -.7309552    .02
> 66284
     born_us |   1.018301   .3309717     3.08   0.002     .3687767    1.6
> 67826
       _cons |  -.1119308   4.352128    -0.03   0.979    -8.652884    8.4
> 29023
-------------------------------------------------------------------------
> -----

Linear regression                               Number of obs     =      
>   958
                                                F(12, 945)        =      
> 14.56
                                                Prob > F          =     0
> .0000
                                                R-squared         =     0
> .1991
                                                Root MSE          =     1
> .9712

-------------------------------------------------------------------------
> -----
             |               Robust
ln_resp_to~c | Coefficient  std. err.      t    P>|t|     [95% conf. inte
> rval]
-------------+-----------------------------------------------------------
> -----
trust_pca1_z |   .0989822   .0664902     1.49   0.137    -.0315034    .22
> 94678
             |
          c. |
trust_pca1_z#|
          c. |
trust_pca1_z |  -.1037668   .0632215    -1.64   0.101    -.2278376    .02
> 03039
             |
   r15agey_b |   .1436008   .0829904     1.73   0.084    -.0192659    .30
> 64675
             |
 c.r15agey_b#|
 c.r15agey_b |  -.0008734   .0005866    -1.49   0.137    -.0020246    .00
> 02777
             |
    ragender |
   2.female  |  -.4232234   .1406587    -3.01   0.003    -.6992631   -.14
> 71838
             |
    race_eth |
   NH Black  |  -.5460744   .1702638    -3.21   0.001    -.8802133   -.21
> 19354
   Hispanic  |  -.4837573   .2260466    -2.14   0.033    -.9273686   -.04
> 01459
   NH Other  |  -.5160249   .3300724    -1.56   0.118    -1.163785    .13
> 17347
             |
     raedyrs |    .149725   .0263922     5.67   0.000      .097931    .20
> 15191
   r15inlbrf |   .9643346   .1572803     6.13   0.000     .6556755    1.2
> 72994
married_2020 |   .0138879   .1378871     0.10   0.920    -.2567123    .28
> 44882
     born_us |   .5093652   .2488756     2.05   0.041     .0209525    .99
> 77779
       _cons |   2.136684   2.929237     0.73   0.466    -3.611879    7.8
> 85246
-------------------------------------------------------------------------
> -----
. 
.     * Export PCA table -> Paper/Tables
.     local outfile_pca "`tables'/trust_income_pca.tex"
.     di as txt "Exporting LaTeX table: `outfile_pca'"
Exporting LaTeX table: /Volumes/SSD PRO/Github-forks/Chp2-BeliefsandTrust
> /Paper/Tables/trust_income_pca.tex
.     if "`models_pca_raw'`models_pca_ctl'" != "" {
.         local pc1_str : display %6.3f pc1_prop
.         
.         * Short, human column titles for 4 models (log income only)
.         local mt "log Lab" "log Tot" "log Lab" "log Tot"
.         
.         * Short row names (LaTeX-safe)
.         local vlab trust_pca1_z         "Trust PC1"
.         local vlab2 c.trust_pca1_z#c.trust_pca1_z "Trust PC1\$^{2}\$"
.         local vlab3 r15agey_b    "Age"
.         local vlab4 c.r15agey_b#c.r15agey_b "Age\$^{2}\$"
.         local vlab5 2.ragender     "Female"
.         local vlab6 2.race_eth   "NH Black"
.         local vlab7 3.race_eth   "Hispanic"
.         local vlab8 4.race_eth   "NH Other"
.         local vlab9 raedyrs      "Years of education"
.         local vlab10 r15inlbrf    "In labor force"
.         local vlab11 married_2020 "Married"
.         local vlab12 born_us      "Born in U.S."
.         
.         esttab `models_pca_raw' `models_pca_ctl' using "`outfile_pca'",
>  replace ///
>             booktabs se star(* 0.10 ** 0.05 *** 0.01) ///
>             compress b(%9.3f) se(%9.3f) ///
>             mtitles("log Lab" "log Tot" "log Lab" "log Tot") ///
>             posthead("& \multicolumn{2}{c}{No controls} & \multicolumn{
> 2}{c}{With controls} \\\\ \cmidrule(lr){2-3}\cmidrule(lr){4-5}") ///
>             varlabels(`vlab' `vlab2' `vlab3' `vlab4' `vlab5' `vlab6' `v
> lab7' `vlab8' `vlab9' `vlab10' `vlab11' `vlab12') ///
>             drop(1.ragender 1.race_eth) ///
>             stats(N r2_a, labels("Observations" "Adj. R-squared")) ///
>             title("Log Income (2020) on Trust PC1") ///
>             addnote("Robust SEs in parentheses; Age entered quadratical
> ly when available." "Controls (when included): raedyrs, in labor force,
>  married, born in U.S." "PC1 variance prop = `pc1_str'")
(output written to /Volumes/SSD PRO/Github-forks/Chp2-BeliefsandTrust/Pap
> er/Tables/trust_income_pca.tex)
.     }
.     else {
.         di as warn "No PCA models estimated; skipping export."
.     }
. }

. else {
.     di as error "PCA failed; trust PCA regressions skipped."
. }

. 
. di as txt "All regressions completed and tables exported."
All regressions completed and tables exported.

. 
. log close
      name:  <unnamed>
       log:  /Volumes/SSD PRO/Github-forks/Chp2-BeliefsandTrust/Code/Data
> /HRS_Long/randhrs1992_2022v1_STATA/reg_inc_trust_2020.log
  log type:  text
 closed on:  17 Nov 2025, 11:40:50
-------------------------------------------------------------------------
